Archive member included to satisfy reference by file (symbol)

C:\Users\kkorn\Documents\MCUXpressoIDE_11.3.1_5262\workspace\arducam-test\LPC55S69\mcuxpresso\libpower_hardabi.a(fsl_power_lib.o)
                              ./drivers/fsl_clock.o (POWER_SetVoltageForFreq)
d:/programy/mcuxpressoide/ide/plugins/com.nxp.mcuxpresso.tools.win32_11.3.0.202008311133/tools/bin/../lib/gcc/arm-none-eabi/9.3.1/thumb/v8-m.main+fp/hard\libgcc.a(_aeabi_uldivmod.o)
                              ./drivers/fsl_clock.o (__aeabi_uldivmod)
d:/programy/mcuxpressoide/ide/plugins/com.nxp.mcuxpresso.tools.win32_11.3.0.202008311133/tools/bin/../lib/gcc/arm-none-eabi/9.3.1/thumb/v8-m.main+fp/hard\libgcc.a(_fixunssfdi.o)
                              ./device/system_LPC55S69_cm33_core0.o (__aeabi_f2ulz)
d:/programy/mcuxpressoide/ide/plugins/com.nxp.mcuxpresso.tools.win32_11.3.0.202008311133/tools/bin/../lib/gcc/arm-none-eabi/9.3.1/thumb/v8-m.main+fp/hard\libgcc.a(_udivmoddi4.o)
                              d:/programy/mcuxpressoide/ide/plugins/com.nxp.mcuxpresso.tools.win32_11.3.0.202008311133/tools/bin/../lib/gcc/arm-none-eabi/9.3.1/thumb/v8-m.main+fp/hard\libgcc.a(_aeabi_uldivmod.o) (__udivmoddi4)
d:/programy/mcuxpressoide/ide/plugins/com.nxp.mcuxpresso.tools.win32_11.3.0.202008311133/tools/bin/../lib/gcc/arm-none-eabi/9.3.1/thumb/v8-m.main+fp/hard\libgcc.a(_arm_muldf3.o)
                              d:/programy/mcuxpressoide/ide/plugins/com.nxp.mcuxpresso.tools.win32_11.3.0.202008311133/tools/bin/../lib/gcc/arm-none-eabi/9.3.1/thumb/v8-m.main+fp/hard\libgcc.a(_fixunssfdi.o) (__aeabi_dmul)
d:/programy/mcuxpressoide/ide/plugins/com.nxp.mcuxpresso.tools.win32_11.3.0.202008311133/tools/bin/../lib/gcc/arm-none-eabi/9.3.1/thumb/v8-m.main+fp/hard\libgcc.a(_dvmd_tls.o)
                              d:/programy/mcuxpressoide/ide/plugins/com.nxp.mcuxpresso.tools.win32_11.3.0.202008311133/tools/bin/../lib/gcc/arm-none-eabi/9.3.1/thumb/v8-m.main+fp/hard\libgcc.a(_aeabi_uldivmod.o) (__aeabi_ldiv0)
d:/programy/mcuxpressoide/ide/plugins/com.nxp.mcuxpresso.tools.win32_11.3.0.202008311133/tools/bin/../lib/gcc/arm-none-eabi/9.3.1/thumb/v8-m.main+fp/hard\libgcc.a(_arm_addsubdf3.o)
                              d:/programy/mcuxpressoide/ide/plugins/com.nxp.mcuxpresso.tools.win32_11.3.0.202008311133/tools/bin/../lib/gcc/arm-none-eabi/9.3.1/thumb/v8-m.main+fp/hard\libgcc.a(_fixunssfdi.o) (__aeabi_dsub)
d:/programy/mcuxpressoide/ide/plugins/com.nxp.mcuxpresso.tools.win32_11.3.0.202008311133/tools/bin/../lib/gcc/arm-none-eabi/9.3.1/thumb/v8-m.main+fp/hard\libgcc.a(_arm_fixunsdfsi.o)
                              d:/programy/mcuxpressoide/ide/plugins/com.nxp.mcuxpresso.tools.win32_11.3.0.202008311133/tools/bin/../lib/gcc/arm-none-eabi/9.3.1/thumb/v8-m.main+fp/hard\libgcc.a(_fixunssfdi.o) (__aeabi_d2uiz)
d:/programy/mcuxpressoide/ide/plugins/com.nxp.mcuxpresso.tools.win32_11.3.0.202008311133/tools/bin/../lib/gcc/arm-none-eabi/9.3.1/../../../../arm-none-eabi/lib/thumb/v8-m.main+fp/hard\libc_nano.a(lib_a-abs.o)
                              ./source/lcd/lcd.o (abs)
d:/programy/mcuxpressoide/ide/plugins/com.nxp.mcuxpresso.tools.win32_11.3.0.202008311133/tools/bin/../lib/gcc/arm-none-eabi/9.3.1/../../../../arm-none-eabi/lib/thumb/v8-m.main+fp/hard\libc_nano.a(lib_a-assert.o)
                              ./drivers/fsl_clock.o (__assert_func)
d:/programy/mcuxpressoide/ide/plugins/com.nxp.mcuxpresso.tools.win32_11.3.0.202008311133/tools/bin/../lib/gcc/arm-none-eabi/9.3.1/../../../../arm-none-eabi/lib/thumb/v8-m.main+fp/hard\libc_nano.a(lib_a-errno.o)
                              ./utilities/fsl_str.o (__errno)
d:/programy/mcuxpressoide/ide/plugins/com.nxp.mcuxpresso.tools.win32_11.3.0.202008311133/tools/bin/../lib/gcc/arm-none-eabi/9.3.1/../../../../arm-none-eabi/lib/thumb/v8-m.main+fp/hard\libc_nano.a(lib_a-fprintf.o)
                              d:/programy/mcuxpressoide/ide/plugins/com.nxp.mcuxpresso.tools.win32_11.3.0.202008311133/tools/bin/../lib/gcc/arm-none-eabi/9.3.1/../../../../arm-none-eabi/lib/thumb/v8-m.main+fp/hard\libc_nano.a(lib_a-assert.o) (fiprintf)
d:/programy/mcuxpressoide/ide/plugins/com.nxp.mcuxpresso.tools.win32_11.3.0.202008311133/tools/bin/../lib/gcc/arm-none-eabi/9.3.1/../../../../arm-none-eabi/lib/thumb/v8-m.main+fp/hard\libc_nano.a(lib_a-impure.o)
                              d:/programy/mcuxpressoide/ide/plugins/com.nxp.mcuxpresso.tools.win32_11.3.0.202008311133/tools/bin/../lib/gcc/arm-none-eabi/9.3.1/../../../../arm-none-eabi/lib/thumb/v8-m.main+fp/hard\libc_nano.a(lib_a-assert.o) (_impure_ptr)
d:/programy/mcuxpressoide/ide/plugins/com.nxp.mcuxpresso.tools.win32_11.3.0.202008311133/tools/bin/../lib/gcc/arm-none-eabi/9.3.1/../../../../arm-none-eabi/lib/thumb/v8-m.main+fp/hard\libc_nano.a(lib_a-init.o)
                              ./startup/startup_lpc55s69_cm33_core0.o (__libc_init_array)
[...]
Memory Configuration

Name             Origin             Length             Attributes
PROGRAM_FLASH    0x00000000         0x00098000         xr
SRAM             0x20000000         0x00040000         xrw
SRAM4            0x20040000         0x00004000         xrw
SRAMX            0x04000000         0x00008000         xrw
USB_RAM          0x40100000         0x00004000         xrw
*default*        0x00000000         0xffffffff

Linker script and memory map

LOAD ./utilities/fsl_debug_console.o
LOAD ./utilities/fsl_str.o
LOAD ./startup/boot_multicore_slave.o
LOAD ./startup/startup_lpc55s69_cm33_core0.o
LOAD ./source/lcd/lcd.o
LOAD ./source/ArduCAM/ArduCAM.o
LOAD ./source/arducam-test.o
LOAD ./source/cpp_config.o
LOAD ./source/semihost_hardfault.o
LOAD ./drivers/fsl_clock.o
LOAD ./drivers/fsl_common.o
LOAD ./drivers/fsl_flexcomm.o
LOAD ./drivers/fsl_gpio.o
LOAD ./drivers/fsl_i2c.o
LOAD ./drivers/fsl_reset.o
LOAD ./drivers/fsl_spi.o
LOAD ./drivers/fsl_usart.o
LOAD ./device/system_LPC55S69_cm33_core0.o
LOAD ./component/uart/fsl_adapter_usart.o
LOAD ./component/serial_manager/fsl_component_serial_manager.o
LOAD ./component/serial_manager/fsl_component_serial_port_uart.o
LOAD ./component/lists/fsl_component_generic_list.o
LOAD ./board/board.o
LOAD ./board/clock_config.o
LOAD ./board/peripherals.o
LOAD ./board/pin_mux.o
LOAD ./LPC55S69/drivers/fsl_power.o
LOAD C:\Users\kkorn\Documents\MCUXpressoIDE_11.3.1_5262\workspace\arducam-test\LPC55S69\mcuxpresso\libpower_hardabi.a
START GROUP
LOAD d:/programy/mcuxpressoide/ide/plugins/com.nxp.mcuxpresso.tools.win32_11.3.0.202008311133/tools/bin/../lib/gcc/arm-none-eabi/9.3.1/thumb/v8-m.main+fp/hard\libgcc.a
LOAD d:/programy/mcuxpressoide/ide/plugins/com.nxp.mcuxpresso.tools.win32_11.3.0.202008311133/tools/bin/../lib/gcc/arm-none-eabi/9.3.1/../../../../arm-none-eabi/lib/thumb/v8-m.main+fp/hard\libc_nano.a
LOAD d:/programy/mcuxpressoide/ide/plugins/com.nxp.mcuxpresso.tools.win32_11.3.0.202008311133/tools/bin/../lib/gcc/arm-none-eabi/9.3.1/../../../../arm-none-eabi/lib/thumb/v8-m.main+fp/hard\libstdc++_nano.a
LOAD d:/programy/mcuxpressoide/ide/plugins/com.nxp.mcuxpresso.tools.win32_11.3.0.202008311133/tools/bin/../lib/gcc/arm-none-eabi/9.3.1/../../../../arm-none-eabi/lib/thumb/v8-m.main+fp/hard\libm.a
LOAD d:/programy/mcuxpressoide/ide/plugins/com.nxp.mcuxpresso.tools.win32_11.3.0.202008311133/tools/bin/../lib/gcc/arm-none-eabi/9.3.1/../../../../arm-none-eabi/lib/thumb/v8-m.main+fp/hard\libcr_newlib_semihost.a
LOAD d:/programy/mcuxpressoide/ide/plugins/com.nxp.mcuxpresso.tools.win32_11.3.0.202008311133/tools/bin/../lib/gcc/arm-none-eabi/9.3.1/thumb/v8-m.main+fp/hard\crti.o
LOAD d:/programy/mcuxpressoide/ide/plugins/com.nxp.mcuxpresso.tools.win32_11.3.0.202008311133/tools/bin/../lib/gcc/arm-none-eabi/9.3.1/thumb/v8-m.main+fp/hard\crtn.o
LOAD d:/programy/mcuxpressoide/ide/plugins/com.nxp.mcuxpresso.tools.win32_11.3.0.202008311133/tools/bin/../lib/gcc/arm-none-eabi/9.3.1/thumb/v8-m.main+fp/hard\crtbegin.o
LOAD d:/programy/mcuxpressoide/ide/plugins/com.nxp.mcuxpresso.tools.win32_11.3.0.202008311133/tools/bin/../lib/gcc/arm-none-eabi/9.3.1/thumb/v8-m.main+fp/hard\crtend.o
END GROUP
                0x00000000                __base_PROGRAM_FLASH = 0x0
                0x00000000                __base_Flash = 0x0
                0x00098000                __top_PROGRAM_FLASH = 0x98000
                0x00098000                __top_Flash = 0x98000
                0x20000000                __base_SRAM = 0x20000000
                0x20000000                __base_RAM = 0x20000000
                0x20040000                __top_SRAM = 0x20040000
                0x20040000                __top_RAM = 0x20040000
                0x20040000                __base_SRAM4 = 0x20040000
                0x20040000                __base_RAM2 = 0x20040000
                0x20044000                __top_SRAM4 = 0x20044000
                0x20044000                __top_RAM2 = 0x20044000
                0x04000000                __base_SRAMX = 0x4000000
                0x04000000                __base_RAM3 = 0x4000000
                0x04008000                __top_SRAMX = 0x4008000
                0x04008000                __top_RAM3 = 0x4008000
                0x40100000                __base_USB_RAM = 0x40100000
                0x40100000                __base_RAM4 = 0x40100000
                0x40104000                __top_USB_RAM = 0x40104000
                0x40104000                __top_RAM4 = 0x40104000

.text           0x00000000     0xb034
 FILL mask 0xff
                0x00000000                __vectors_start__ = ABSOLUTE (.)
 *(SORT_BY_ALIGNMENT(.isr_vector))
 .isr_vector    0x00000000      0x130 ./startup/startup_lpc55s69_cm33_core0.o
                0x00000000                g_pfnVectors
                0x00000000                __Vectors
                0x00000130                . = ALIGN (0x4)
                0x00000130                __section_table_start = .
                0x00000130                __data_section_table = .
                0x00000130        0x4 LONG 0xb03c LOADADDR (.data)
                0x00000134        0x4 LONG 0x20000000 ADDR (.data)
                0x00000138        0x4 LONG 0x6c SIZEOF (.data)
                0x0000013c        0x4 LONG 0xb03c LOADADDR (.data_RAM2)
                0x00000140        0x4 LONG 0x20040000 ADDR (.data_RAM2)
                0x00000144        0x4 LONG 0x0 SIZEOF (.data_RAM2)
                0x00000148        0x4 LONG 0xb03c LOADADDR (.data_RAM3)
                0x0000014c        0x4 LONG 0x4000000 ADDR (.data_RAM3)
                0x00000150        0x4 LONG 0x0 SIZEOF (.data_RAM3)
                0x00000154        0x4 LONG 0xb03c LOADADDR (.data_RAM4)
                0x00000158        0x4 LONG 0x40100000 ADDR (.data_RAM4)
                0x0000015c        0x4 LONG 0x0 SIZEOF (.data_RAM4)
                0x00000160                __data_section_table_end = .
                0x00000160                __bss_section_table = .
                0x00000160        0x4 LONG 0x2000006c ADDR (.bss)
                0x00000164        0x4 LONG 0x130 SIZEOF (.bss)
                0x00000168        0x4 LONG 0x20040000 ADDR (.bss_RAM2)
                0x0000016c        0x4 LONG 0x0 SIZEOF (.bss_RAM2)
                0x00000170        0x4 LONG 0x4000000 ADDR (.bss_RAM3)
                0x00000174        0x4 LONG 0x0 SIZEOF (.bss_RAM3)
                0x00000178        0x4 LONG 0x40100000 ADDR (.bss_RAM4)
                0x0000017c        0x4 LONG 0x0 SIZEOF (.bss_RAM4)
                0x00000180                __bss_section_table_end = .
                0x00000180                __section_table_end = .
 *(SORT_BY_ALIGNMENT(.after_vectors*))
 .after_vectors.reset
                0x00000180       0x50 ./startup/startup_lpc55s69_cm33_core0.o
                0x00000180                ResetISR
 .after_vectors.init_data
                0x000001d0       0x1e ./startup/startup_lpc55s69_cm33_core0.o
                0x000001d0                data_init(unsigned int, unsigned int, unsigned int)
 .after_vectors.init_bss
                0x000001ee       0x12 ./startup/startup_lpc55s69_cm33_core0.o
                0x000001ee                bss_init(unsigned int, unsigned int)
 .after_vectors
                0x00000200       0x16 ./startup/startup_lpc55s69_cm33_core0.o
                0x00000200                NMI_Handler
                0x00000204                MemManage_Handler
                0x00000206                BusFault_Handler
                0x00000208                UsageFault_Handler
                0x0000020a                SecureFault_Handler
                0x0000020c                SVC_Handler
                0x0000020e                DebugMon_Handler
                0x00000210                PendSV_Handler
                0x00000212                SysTick_Handler
                0x00000214                Reserved56_DriverIRQHandler
                0x00000214                PIN_INT0_DriverIRQHandler
                0x00000214                CTIMER2_DriverIRQHandler
                0x00000214                PIN_INT2_DriverIRQHandler
                0x00000214                PIN_INT3_DriverIRQHandler
                0x00000214                IntDefaultHandler
                0x00000214                USB0_DriverIRQHandler
                0x00000214                CASER_DriverIRQHandler
                0x00000214                MRT0_DriverIRQHandler
                0x00000214                UTICK0_DriverIRQHandler
                0x00000214                Reserved41_DriverIRQHandler
                0x00000214                PIN_INT4_DriverIRQHandler
                0x00000214                PIN_INT5_DriverIRQHandler
                0x00000214                SEC_GPIO_INT0_IRQ0_DriverIRQHandler
                0x00000214                CTIMER4_DriverIRQHandler
                0x00000214                GINT1_DriverIRQHandler
                0x00000214                PIN_INT7_DriverIRQHandler
                0x00000214                Reserved55_DriverIRQHandler
                0x00000214                SEC_VIO_DriverIRQHandler
                0x00000214                USB0_NEEDCLK_DriverIRQHandler
                0x00000214                CTIMER0_DriverIRQHandler
                0x00000214                CTIMER1_DriverIRQHandler
                0x00000214                Reserved42_DriverIRQHandler
                0x00000214                PIN_INT6_DriverIRQHandler
                0x00000214                PQ_DriverIRQHandler
                0x00000214                MAILBOX_DriverIRQHandler
                0x00000214                PIN_INT1_DriverIRQHandler
                0x00000214                CTIMER3_DriverIRQHandler
                0x00000214                Reserved61_DriverIRQHandler
                0x00000214                SEC_GPIO_INT0_IRQ1_DriverIRQHandler
                0x00000214                PUF_DriverIRQHandler
                0x00000214                RTC_DriverIRQHandler
                0x00000214                DMA0_DriverIRQHandler
                0x00000214                Reserved39_DriverIRQHandler
                0x00000214                USB1_DriverIRQHandler
                0x00000214                Reserved60_DriverIRQHandler
                0x00000214                DMA1_DriverIRQHandler
                0x00000214                ADC0_DriverIRQHandler
                0x00000214                USB1_NEEDCLK_DriverIRQHandler
                0x00000214                Reserved59_DriverIRQHandler
                0x00000214                SDIO_DriverIRQHandler
                0x00000214                GINT0_DriverIRQHandler
                0x00000214                USB1_PHY_DriverIRQHandler
                0x00000214                ACMP_DriverIRQHandler
                0x00000214                Reserved57_DriverIRQHandler
                0x00000214                HASHCRYPT_DriverIRQHandler
                0x00000214                Reserved46_DriverIRQHandler
                0x00000214                WDT_BOD_DriverIRQHandler
                0x00000214                SCT0_DriverIRQHandler
                0x00000214                PLU_DriverIRQHandler
                0x00000214                OS_EVENT_DriverIRQHandler
                0x00000214                SEC_HYPERVISOR_CALL_DriverIRQHandler
 *(SORT_BY_ALIGNMENT(.text*))
 *fill*         0x00000216        0x2 ff
 .text.DbgConsole_SendDataReliable
                0x00000218       0x50 ./utilities/fsl_debug_console.o
                0x00000218                DbgConsole_SendDataReliable
 .text.DbgConsole_Init
                0x00000268      0x118 ./utilities/fsl_debug_console.o
                0x00000268                DbgConsole_Init
 .text.DbgConsole_Printf
                0x00000380       0x78 ./utilities/fsl_debug_console.o
                0x00000380                DbgConsole_Printf
 .text._ZL8send_i2chPhh
                0x000003f8       0x48 ./source/ArduCAM/ArduCAM.o
 .text._ZL8read_i2chPhh
                0x00000440       0x48 ./source/ArduCAM/ArduCAM.o
 .text._ZL17send_and_read_spiPhhS_
                0x00000488       0x44 ./source/ArduCAM/ArduCAM.o
 .text._ZL5delaym
                0x000004cc       0x28 ./source/ArduCAM/ArduCAM.o
 .text._ZN7ArduCAMC2Ehi
                0x000004f4       0xd0 ./source/ArduCAM/ArduCAM.o
                0x000004f4                ArduCAM::ArduCAM(unsigned char, int)
                0x000004f4                ArduCAM::ArduCAM(unsigned char, int)
 .text._ZN7ArduCAM7InitCAMEv
                0x000005c4      0x1a8 ./source/ArduCAM/ArduCAM.o
                0x000005c4                ArduCAM::InitCAM()
 .text._ZN7ArduCAM7CS_HIGHEv
                0x0000076c       0x20 ./source/ArduCAM/ArduCAM.o
                0x0000076c                ArduCAM::CS_HIGH()
 .text._ZN7ArduCAM6CS_LOWEv
                0x0000078c       0x20 ./source/ArduCAM/ArduCAM.o
                0x0000078c                ArduCAM::CS_LOW()
 .text._ZN7ArduCAM20OV5642_set_JPEG_sizeEh
                0x000007ac       0xa8 ./source/ArduCAM/ArduCAM.o
                0x000007ac                ArduCAM::OV5642_set_JPEG_size(unsigned char)
 .text._Z5delaym
                0x00000854       0x28 ./source/arducam-test.o
                0x00000854                delay(unsigned long)
 .text._Z12arducam_testv
                0x0000087c      0x3b8 ./source/arducam-test.o
                0x0000087c                arducam_test()
 .text.main     0x00000c34       0x34 ./source/arducam-test.o
                0x00000c34                main
 .text.POWER_EnablePD
                0x00000c68       0x20 ./drivers/fsl_clock.o
 .text.POWER_DisablePD
                0x00000c88       0x20 ./drivers/fsl_clock.o
 .text.CLOCK_AttachClk
                0x00000ca8       0x98 ./drivers/fsl_clock.o
                0x00000ca8                CLOCK_AttachClk
 .text.CLOCK_SetClkDiv
                0x00000d40       0x80 ./drivers/fsl_clock.o
                0x00000d40                CLOCK_SetClkDiv
 .text.CLOCK_SetupFROClocking
                0x00000dc0       0x80 ./drivers/fsl_clock.o
                0x00000dc0                CLOCK_SetupFROClocking
 .text.CLOCK_SetFLASHAccessCyclesForFreq
                0x00000e40      0x148 ./drivers/fsl_clock.o
                0x00000e40                CLOCK_SetFLASHAccessCyclesForFreq
 .text.CLOCK_SetupExtClocking
                0x00000f88       0x50 ./drivers/fsl_clock.o
                0x00000f88                CLOCK_SetupExtClocking
 .text.CLOCK_GetFro1MFreq
                0x00000fd8       0x28 ./drivers/fsl_clock.o
                0x00000fd8                CLOCK_GetFro1MFreq
 .text.CLOCK_GetExtClkFreq
                0x00001000       0x2c ./drivers/fsl_clock.o
                0x00001000                CLOCK_GetExtClkFreq
 .text.CLOCK_GetOsc32KFreq
                0x0000102c       0x58 ./drivers/fsl_clock.o
                0x0000102c                CLOCK_GetOsc32KFreq
 .text.CLOCK_GetPLL0InClockRate
                0x00001084       0x64 ./drivers/fsl_clock.o
                0x00001084                CLOCK_GetPLL0InClockRate
 .text.CLOCK_SetPLL0Freq
                0x000010e8      0x12c ./drivers/fsl_clock.o
                0x000010e8                CLOCK_SetPLL0Freq
 .text.SDK_DelayAtLeastUs
                0x00001214       0xa8 ./drivers/fsl_common.o
                0x00001214                SDK_DelayAtLeastUs
 .text.FLEXCOMM_GetInstance
                0x000012bc       0x5c ./drivers/fsl_flexcomm.o
                0x000012bc                FLEXCOMM_GetInstance
 .text.FLEXCOMM_Init
                0x00001318       0x50 ./drivers/fsl_flexcomm.o
                0x00001318                FLEXCOMM_Init
 .text.FLEXCOMM0_DriverIRQHandler
                0x00001368       0x44 ./drivers/fsl_flexcomm.o
                0x00001368                FLEXCOMM0_DriverIRQHandler
 .text.FLEXCOMM1_DriverIRQHandler
                0x000013ac       0x44 ./drivers/fsl_flexcomm.o
                0x000013ac                FLEXCOMM1_DriverIRQHandler
 .text.FLEXCOMM2_DriverIRQHandler
                0x000013f0       0x44 ./drivers/fsl_flexcomm.o
                0x000013f0                FLEXCOMM2_DriverIRQHandler
 .text.FLEXCOMM3_DriverIRQHandler
                0x00001434       0x44 ./drivers/fsl_flexcomm.o
                0x00001434                FLEXCOMM3_DriverIRQHandler
 .text.FLEXCOMM4_DriverIRQHandler
                0x00001478       0x44 ./drivers/fsl_flexcomm.o
                0x00001478                FLEXCOMM4_DriverIRQHandler
 .text.FLEXCOMM5_DriverIRQHandler
                0x000014bc       0x44 ./drivers/fsl_flexcomm.o
                0x000014bc                FLEXCOMM5_DriverIRQHandler
 .text.FLEXCOMM6_DriverIRQHandler
                0x00001500       0x44 ./drivers/fsl_flexcomm.o
                0x00001500                FLEXCOMM6_DriverIRQHandler
 .text.FLEXCOMM7_DriverIRQHandler
                0x00001544       0x44 ./drivers/fsl_flexcomm.o
                0x00001544                FLEXCOMM7_DriverIRQHandler
 .text.FLEXCOMM8_DriverIRQHandler
                0x00001588       0x48 ./drivers/fsl_flexcomm.o
                0x00001588                FLEXCOMM8_DriverIRQHandler
 .text.GPIO_EnablePortClock
                0x000015d0       0x44 ./drivers/fsl_gpio.o
 .text.I2C_MasterSetBaudRate
                0x00001614      0x13c ./drivers/fsl_i2c.o
                0x00001614                I2C_MasterSetBaudRate
 .text.I2C_MasterWriteBlocking
                0x00001750      0x11c ./drivers/fsl_i2c.o
                0x00001750                I2C_MasterWriteBlocking
 .text.I2C_MasterReadBlocking
                0x0000186c      0x100 ./drivers/fsl_i2c.o
                0x0000186c                I2C_MasterReadBlocking
 .text.I2C_MasterTransferBlocking
                0x0000196c      0x178 ./drivers/fsl_i2c.o
                0x0000196c                I2C_MasterTransferBlocking
 .text.RESET_SetPeripheralReset
                0x00001ae4       0x6c ./drivers/fsl_reset.o
                0x00001ae4                RESET_SetPeripheralReset
 .text.RESET_ClearPeripheralReset
                0x00001b50       0x6c ./drivers/fsl_reset.o
                0x00001b50                RESET_ClearPeripheralReset
 .text.SPI_SetTransferDelay
                0x00001bbc       0x78 ./drivers/fsl_spi.o
 .text.SPI_GetInstance
                0x00001c34       0x58 ./drivers/fsl_spi.o
                0x00001c34                SPI_GetInstance
 .text.SPI_SetDummyData
                0x00001c8c       0x2c ./drivers/fsl_spi.o
                0x00001c8c                SPI_SetDummyData
 .text.SPI_MasterInit
                0x00001cb8      0x19c ./drivers/fsl_spi.o
                0x00001cb8                SPI_MasterInit
 .text.SPI_MasterSetBaud
                0x00001e54       0xac ./drivers/fsl_spi.o
                0x00001e54                SPI_MasterSetBaud
 .text.SPI_MasterTransferBlocking
                0x00001f00      0x280 ./drivers/fsl_spi.o
                0x00001f00                SPI_MasterTransferBlocking
 .text.USART_Init
                0x00002180      0x1d8 ./drivers/fsl_usart.o
                0x00002180                USART_Init
 .text.USART_GetDefaultConfig
                0x00002358       0x90 ./drivers/fsl_usart.o
                0x00002358                USART_GetDefaultConfig
 .text.USART_SetBaudRate
                0x000023e8      0x184 ./drivers/fsl_usart.o
                0x000023e8                USART_SetBaudRate
 .text.USART_WriteBlocking
                0x0000256c       0x9c ./drivers/fsl_usart.o
                0x0000256c                USART_WriteBlocking
 .text.SystemInit
                0x00002608       0x64 ./device/system_LPC55S69_cm33_core0.o
                0x00002608                SystemInit
 .text.HAL_UartInit
                0x0000266c      0x128 ./component/uart/fsl_adapter_usart.o
                0x0000266c                HAL_UartInit
 .text.HAL_UartSendBlocking
                0x00002794       0x84 ./component/uart/fsl_adapter_usart.o
                0x00002794                HAL_UartSendBlocking
 .text.BOARD_InitDebugConsole
                0x00002818       0x38 ./board/board.o
                0x00002818                BOARD_InitDebugConsole
 .text.POWER_DisablePD
                0x00002850       0x20 ./board/clock_config.o
 .text.BOARD_BootClockPLL150M
                0x00002870       0xfc ./board/clock_config.o
                0x00002870                BOARD_BootClockPLL150M
 .text.FLEXCOMM4_init
                0x0000296c       0x28 ./board/peripherals.o
 .text.FLEXCOMM8_init
                0x00002994       0x28 ./board/peripherals.o
 .text.BOARD_InitPins
                0x000029bc      0x160 ./board/pin_mux.o
                0x000029bc                BOARD_InitPins
 .text.lowpower_set_system_voltage
                0x00002b1c       0xa0 C:\Users\kkorn\Documents\MCUXpressoIDE_11.3.1_5262\workspace\arducam-test\LPC55S69\mcuxpresso\libpower_hardabi.a(fsl_power_lib.o)
 .text.lowpower_set_voltage_for_process
                0x00002bbc       0x84 C:\Users\kkorn\Documents\MCUXpressoIDE_11.3.1_5262\workspace\arducam-test\LPC55S69\mcuxpresso\libpower_hardabi.a(fsl_power_lib.o)
 .text.POWER_SetVoltageForFreq
                0x00002c40       0x84 C:\Users\kkorn\Documents\MCUXpressoIDE_11.3.1_5262\workspace\arducam-test\LPC55S69\mcuxpresso\libpower_hardabi.a(fsl_power_lib.o)
                0x00002c40                POWER_SetVoltageForFreq
 .text          0x00002cc4       0x30 d:/programy/mcuxpressoide/ide/plugins/com.nxp.mcuxpresso.tools.win32_11.3.0.202008311133/tools/bin/../lib/gcc/arm-none-eabi/9.3.1/thumb/v8-m.main+fp/hard\libgcc.a(_aeabi_uldivmod.o)
                0x00002cc4                __aeabi_uldivmod
 .text          0x00002cf4      0x2e8 d:/programy/mcuxpressoide/ide/plugins/com.nxp.mcuxpresso.tools.win32_11.3.0.202008311133/tools/bin/../lib/gcc/arm-none-eabi/9.3.1/thumb/v8-m.main+fp/hard\libgcc.a(_udivmoddi4.o)
                0x00002cf4                __udivmoddi4
 .text          0x00002fdc        0x4 d:/programy/mcuxpressoide/ide/plugins/com.nxp.mcuxpresso.tools.win32_11.3.0.202008311133/tools/bin/../lib/gcc/arm-none-eabi/9.3.1/thumb/v8-m.main+fp/hard\libgcc.a(_dvmd_tls.o)
                0x00002fdc                __aeabi_idiv0
                0x00002fdc                __aeabi_ldiv0
 .text.__assert_func
                0x00002fe0       0x3c d:/programy/mcuxpressoide/ide/plugins/com.nxp.mcuxpresso.tools.win32_11.3.0.202008311133/tools/bin/../lib/gcc/arm-none-eabi/9.3.1/../../../../arm-none-eabi/lib/thumb/v8-m.main+fp/hard\libc_nano.a(lib_a-assert.o)
                0x00002fe0                __assert_func
 .text.__errno  0x0000301c        0xc d:/programy/mcuxpressoide/ide/plugins/com.nxp.mcuxpresso.tools.win32_11.3.0.202008311133/tools/bin/../lib/gcc/arm-none-eabi/9.3.1/../../../../arm-none-eabi/lib/thumb/v8-m.main+fp/hard\libc_nano.a(lib_a-errno.o)
                0x0000301c                __errno
 .text.fprintf  0x00003028       0x24 d:/programy/mcuxpressoide/ide/plugins/com.nxp.mcuxpresso.tools.win32_11.3.0.202008311133/tools/bin/../lib/gcc/arm-none-eabi/9.3.1/../../../../arm-none-eabi/lib/thumb/v8-m.main+fp/hard\libc_nano.a(lib_a-fprintf.o)
                0x00003028                fiprintf
                0x00003028                fprintf
 .text.__libc_init_array
                0x0000304c       0x48 d:/programy/mcuxpressoide/ide/plugins/com.nxp.mcuxpresso.tools.win32_11.3.0.202008311133/tools/bin/../lib/gcc/arm-none-eabi/9.3.1/../../../../arm-none-eabi/lib/thumb/v8-m.main+fp/hard\libc_nano.a(lib_a-init.o)
                0x0000304c                __libc_init_array
 .text._free_r  0x00003094       0xa0 d:/programy/mcuxpressoide/ide/plugins/com.nxp.mcuxpresso.tools.win32_11.3.0.202008311133/tools/bin/../lib/gcc/arm-none-eabi/9.3.1/../../../../arm-none-eabi/lib/thumb/v8-m.main+fp/hard\libc_nano.a(lib_a-nano-freer.o)
                0x00003094                _free_r
 .text._malloc_r
                0x00003134       0xb4 d:/programy/mcuxpressoide/ide/plugins/com.nxp.mcuxpresso.tools.win32_11.3.0.202008311133/tools/bin/../lib/gcc/arm-none-eabi/9.3.1/../../../../arm-none-eabi/lib/thumb/v8-m.main+fp/hard\libc_nano.a(lib_a-nano-mallocr.o)
                0x00003134                _malloc_r
 .text._vfprintf_r
                0x000031e8      0x260 d:/programy/mcuxpressoide/ide/plugins/com.nxp.mcuxpresso.tools.win32_11.3.0.202008311133/tools/bin/../lib/gcc/arm-none-eabi/9.3.1/../../../../arm-none-eabi/lib/thumb/v8-m.main+fp/hard\libc_nano.a(lib_a-nano-vfprintf.o)
                0x000031e8                _vfprintf_r
                0x000031e8                _vfiprintf_r
 .text._printf_i
                0x00003448      0x24c d:/programy/mcuxpressoide/ide/plugins/com.nxp.mcuxpresso.tools.win32_11.3.0.202008311133/tools/bin/../lib/gcc/arm-none-eabi/9.3.1/../../../../arm-none-eabi/lib/thumb/v8-m.main+fp/hard\libc_nano.a(lib_a-nano-vfprintf_i.o)
                0x00003448                _printf_i
 .text._sbrk_r  0x00003694       0x20 d:/programy/mcuxpressoide/ide/plugins/com.nxp.mcuxpresso.tools.win32_11.3.0.202008311133/tools/bin/../lib/gcc/arm-none-eabi/9.3.1/../../../../arm-none-eabi/lib/thumb/v8-m.main+fp/hard\libc_nano.a(lib_a-sbrkr.o)
                0x00003694                _sbrk_r
 .text.__swbuf_r
                0x000036b4       0xa4 d:/programy/mcuxpressoide/ide/plugins/com.nxp.mcuxpresso.tools.win32_11.3.0.202008311133/tools/bin/../lib/gcc/arm-none-eabi/9.3.1/../../../../arm-none-eabi/lib/thumb/v8-m.main+fp/hard\libc_nano.a(lib_a-wbuf.o)
                0x000036b4                __swbuf_r
 .text.__swsetup_r
                0x00003758       0xdc d:/programy/mcuxpressoide/ide/plugins/com.nxp.mcuxpresso.tools.win32_11.3.0.202008311133/tools/bin/../lib/gcc/arm-none-eabi/9.3.1/../../../../arm-none-eabi/lib/thumb/v8-m.main+fp/hard\libc_nano.a(lib_a-wsetup.o)
                0x00003758                __swsetup_r
 .text.__sflush_r
                0x00003834      0x108 d:/programy/mcuxpressoide/ide/plugins/com.nxp.mcuxpresso.tools.win32_11.3.0.202008311133/tools/bin/../lib/gcc/arm-none-eabi/9.3.1/../../../../arm-none-eabi/lib/thumb/v8-m.main+fp/hard\libc_nano.a(lib_a-fflush.o)
                0x00003834                __sflush_r
 .text._fflush_r
                0x0000393c       0x78 d:/programy/mcuxpressoide/ide/plugins/com.nxp.mcuxpresso.tools.win32_11.3.0.202008311133/tools/bin/../lib/gcc/arm-none-eabi/9.3.1/../../../../arm-none-eabi/lib/thumb/v8-m.main+fp/hard\libc_nano.a(lib_a-fflush.o)
                0x0000393c                _fflush_r
 .text.std      0x000039b4       0x48 d:/programy/mcuxpressoide/ide/plugins/com.nxp.mcuxpresso.tools.win32_11.3.0.202008311133/tools/bin/../lib/gcc/arm-none-eabi/9.3.1/../../../../arm-none-eabi/lib/thumb/v8-m.main+fp/hard\libc_nano.a(lib_a-findfp.o)
 .text._cleanup_r
                0x000039fc        0xc d:/programy/mcuxpressoide/ide/plugins/com.nxp.mcuxpresso.tools.win32_11.3.0.202008311133/tools/bin/../lib/gcc/arm-none-eabi/9.3.1/../../../../arm-none-eabi/lib/thumb/v8-m.main+fp/hard\libc_nano.a(lib_a-findfp.o)
                0x000039fc                _cleanup_r
 .text.__sfp_lock_acquire
                0x00003a08        0xc d:/programy/mcuxpressoide/ide/plugins/com.nxp.mcuxpresso.tools.win32_11.3.0.202008311133/tools/bin/../lib/gcc/arm-none-eabi/9.3.1/../../../../arm-none-eabi/lib/thumb/v8-m.main+fp/hard\libc_nano.a(lib_a-findfp.o)
                0x00003a08                __sfp_lock_acquire
 .text.__sfp_lock_release
                0x00003a14        0xc d:/programy/mcuxpressoide/ide/plugins/com.nxp.mcuxpresso.tools.win32_11.3.0.202008311133/tools/bin/../lib/gcc/arm-none-eabi/9.3.1/../../../../arm-none-eabi/lib/thumb/v8-m.main+fp/hard\libc_nano.a(lib_a-findfp.o)
                0x00003a14                __sfp_lock_release
 .text.__sinit_lock_acquire
                0x00003a20        0xc d:/programy/mcuxpressoide/ide/plugins/com.nxp.mcuxpresso.tools.win32_11.3.0.202008311133/tools/bin/../lib/gcc/arm-none-eabi/9.3.1/../../../../arm-none-eabi/lib/thumb/v8-m.main+fp/hard\libc_nano.a(lib_a-findfp.o)
                0x00003a20                __sinit_lock_acquire
 .text.__sinit_lock_release
                0x00003a2c        0xc d:/programy/mcuxpressoide/ide/plugins/com.nxp.mcuxpresso.tools.win32_11.3.0.202008311133/tools/bin/../lib/gcc/arm-none-eabi/9.3.1/../../../../arm-none-eabi/lib/thumb/v8-m.main+fp/hard\libc_nano.a(lib_a-findfp.o)
                0x00003a2c                __sinit_lock_release
 .text.__sinit  0x00003a38       0x70 d:/programy/mcuxpressoide/ide/plugins/com.nxp.mcuxpresso.tools.win32_11.3.0.202008311133/tools/bin/../lib/gcc/arm-none-eabi/9.3.1/../../../../arm-none-eabi/lib/thumb/v8-m.main+fp/hard\libc_nano.a(lib_a-findfp.o)
                0x00003a38                __sinit
 .text.__sfp    0x00003aa8       0x8c d:/programy/mcuxpressoide/ide/plugins/com.nxp.mcuxpresso.tools.win32_11.3.0.202008311133/tools/bin/../lib/gcc/arm-none-eabi/9.3.1/../../../../arm-none-eabi/lib/thumb/v8-m.main+fp/hard\libc_nano.a(lib_a-findfp.o)
                0x00003aa8                __sfp
 .text.__smakebuf_r
                0x00003b34       0x80 d:/programy/mcuxpressoide/ide/plugins/com.nxp.mcuxpresso.tools.win32_11.3.0.202008311133/tools/bin/../lib/gcc/arm-none-eabi/9.3.1/../../../../arm-none-eabi/lib/thumb/v8-m.main+fp/hard\libc_nano.a(lib_a-makebuf.o)
                0x00003b34                __smakebuf_r
 .text.__malloc_lock
                0x00003bb4        0xc d:/programy/mcuxpressoide/ide/plugins/com.nxp.mcuxpresso.tools.win32_11.3.0.202008311133/tools/bin/../lib/gcc/arm-none-eabi/9.3.1/../../../../arm-none-eabi/lib/thumb/v8-m.main+fp/hard\libc_nano.a(lib_a-mlock.o)
                0x00003bb4                __malloc_lock
 .text.__malloc_unlock
                0x00003bc0        0xc d:/programy/mcuxpressoide/ide/plugins/com.nxp.mcuxpresso.tools.win32_11.3.0.202008311133/tools/bin/../lib/gcc/arm-none-eabi/9.3.1/../../../../arm-none-eabi/lib/thumb/v8-m.main+fp/hard\libc_nano.a(lib_a-mlock.o)
                0x00003bc0                __malloc_unlock
 .text.raise    0x00003bcc       0x10 d:/programy/mcuxpressoide/ide/plugins/com.nxp.mcuxpresso.tools.win32_11.3.0.202008311133/tools/bin/../lib/gcc/arm-none-eabi/9.3.1/../../../../arm-none-eabi/lib/thumb/v8-m.main+fp/hard\libc_nano.a(lib_a-signal.o)
                0x00003bcc                raise
 .text._kill_r  0x00003bdc       0x24 d:/programy/mcuxpressoide/ide/plugins/com.nxp.mcuxpresso.tools.win32_11.3.0.202008311133/tools/bin/../lib/gcc/arm-none-eabi/9.3.1/../../../../arm-none-eabi/lib/thumb/v8-m.main+fp/hard\libc_nano.a(lib_a-signalr.o)
                0x00003bdc                _kill_r
 .text._write_r
                0x00003c00       0x24 d:/programy/mcuxpressoide/ide/plugins/com.nxp.mcuxpresso.tools.win32_11.3.0.202008311133/tools/bin/../lib/gcc/arm-none-eabi/9.3.1/../../../../arm-none-eabi/lib/thumb/v8-m.main+fp/hard\libc_nano.a(lib_a-writer.o)
                0x00003c00                _write_r
 .text._close_r
                0x00003c24       0x20 d:/programy/mcuxpressoide/ide/plugins/com.nxp.mcuxpresso.tools.win32_11.3.0.202008311133/tools/bin/../lib/gcc/arm-none-eabi/9.3.1/../../../../arm-none-eabi/lib/thumb/v8-m.main+fp/hard\libc_nano.a(lib_a-closer.o)
                0x00003c24                _close_r
 .text._fstat_r
                0x00003c44       0x24 d:/programy/mcuxpressoide/ide/plugins/com.nxp.mcuxpresso.tools.win32_11.3.0.202008311133/tools/bin/../lib/gcc/arm-none-eabi/9.3.1/../../../../arm-none-eabi/lib/thumb/v8-m.main+fp/hard\libc_nano.a(lib_a-fstatr.o)
                0x00003c44                _fstat_r
 .text._isatty_r
                0x00003c68       0x20 d:/programy/mcuxpressoide/ide/plugins/com.nxp.mcuxpresso.tools.win32_11.3.0.202008311133/tools/bin/../lib/gcc/arm-none-eabi/9.3.1/../../../../arm-none-eabi/lib/thumb/v8-m.main+fp/hard\libc_nano.a(lib_a-isattyr.o)
                0x00003c68                _isatty_r
 .text._lseek_r
                0x00003c88       0x24 d:/programy/mcuxpressoide/ide/plugins/com.nxp.mcuxpresso.tools.win32_11.3.0.202008311133/tools/bin/../lib/gcc/arm-none-eabi/9.3.1/../../../../arm-none-eabi/lib/thumb/v8-m.main+fp/hard\libc_nano.a(lib_a-lseekr.o)
                0x00003c88                _lseek_r
 .text._read_r  0x00003cac       0x24 d:/programy/mcuxpressoide/ide/plugins/com.nxp.mcuxpresso.tools.win32_11.3.0.202008311133/tools/bin/../lib/gcc/arm-none-eabi/9.3.1/../../../../arm-none-eabi/lib/thumb/v8-m.main+fp/hard\libc_nano.a(lib_a-readr.o)
                0x00003cac                _read_r
 .text._sbrk    0x00003cd0       0x3c d:/programy/mcuxpressoide/ide/plugins/com.nxp.mcuxpresso.tools.win32_11.3.0.202008311133/tools/bin/../lib/gcc/arm-none-eabi/9.3.1/../../../../arm-none-eabi/lib/thumb/v8-m.main+fp/hard\libcr_newlib_semihost.a(_cr_sbrk.o)
                0x00003cd0                _sbrk
 .text._kill    0x00003d0c       0x20 d:/programy/mcuxpressoide/ide/plugins/com.nxp.mcuxpresso.tools.win32_11.3.0.202008311133/tools/bin/../lib/gcc/arm-none-eabi/9.3.1/../../../../arm-none-eabi/lib/thumb/v8-m.main+fp/hard\libcr_newlib_semihost.a(_kill.o)
                0x00003d0c                _kill
 .text.initialise_monitor_handles
                0x00003d2c       0xac d:/programy/mcuxpressoide/ide/plugins/com.nxp.mcuxpresso.tools.win32_11.3.0.202008311133/tools/bin/../lib/gcc/arm-none-eabi/9.3.1/../../../../arm-none-eabi/lib/thumb/v8-m.main+fp/hard\libcr_newlib_semihost.a(syscalls.o)
 .text.findslot
                0x00003dd8       0x24 d:/programy/mcuxpressoide/ide/plugins/com.nxp.mcuxpresso.tools.win32_11.3.0.202008311133/tools/bin/../lib/gcc/arm-none-eabi/9.3.1/../../../../arm-none-eabi/lib/thumb/v8-m.main+fp/hard\libcr_newlib_semihost.a(syscalls.o)
 .text._close   0x00003dfc       0x4c d:/programy/mcuxpressoide/ide/plugins/com.nxp.mcuxpresso.tools.win32_11.3.0.202008311133/tools/bin/../lib/gcc/arm-none-eabi/9.3.1/../../../../arm-none-eabi/lib/thumb/v8-m.main+fp/hard\libcr_newlib_semihost.a(syscalls.o)
                0x00003dfc                _close
 .text.__check_heap_overflow
                0x00003e48       0x18 d:/programy/mcuxpressoide/ide/plugins/com.nxp.mcuxpresso.tools.win32_11.3.0.202008311133/tools/bin/../lib/gcc/arm-none-eabi/9.3.1/../../../../arm-none-eabi/lib/thumb/v8-m.main+fp/hard\libcr_newlib_semihost.a(_cr_check_heap.o)
                0x00003e48                __check_heap_overflow
 .text          0x00003e60       0x40 d:/programy/mcuxpressoide/ide/plugins/com.nxp.mcuxpresso.tools.win32_11.3.0.202008311133/tools/bin/../lib/gcc/arm-none-eabi/9.3.1/thumb/v8-m.main+fp/hard\crtbegin.o
 .text.DbgConsole_PrintCallback
                0x00003ea0       0x66 ./utilities/fsl_debug_console.o
 .text.PrintGetWidth
                0x00003f06       0x6a ./utilities/fsl_str.o
 .text.PrintGetPrecision
                0x00003f70       0x8c ./utilities/fsl_str.o
 .text.PrintIsobpu
                0x00003ffc       0x38 ./utilities/fsl_str.o
 .text.PrintIsdi
                0x00004034       0x2c ./utilities/fsl_str.o
 .text.PrintOutputdifFobpu
                0x00004060       0x44 ./utilities/fsl_str.o
 .text.PrintOutputxX
                0x000040a4       0x44 ./utilities/fsl_str.o
 .text.PrintIsfF
                0x000040e8       0x2c ./utilities/fsl_str.o
 .text.PrintIsxX
                0x00004114       0x2c ./utilities/fsl_str.o
 .text.PrintFilterLengthFlag
                0x00004140       0x3e ./utilities/fsl_str.o
 .text.PrintGetRadixFromobpu
                0x0000417e       0x40 ./utilities/fsl_str.o
 .text.ConvertRadixNumToString
                0x000041be      0x110 ./utilities/fsl_str.o
 .text.StrFormatPrintf
                0x000042ce      0x290 ./utilities/fsl_str.o
                0x000042ce                StrFormatPrintf
 .text.WDT_BOD_IRQHandler
                0x0000455e        0x8 ./startup/startup_lpc55s69_cm33_core0.o
                0x0000455e                WDT_BOD_IRQHandler
 .text.DMA0_IRQHandler
                0x00004566        0x8 ./startup/startup_lpc55s69_cm33_core0.o
                0x00004566                DMA0_IRQHandler
 .text.GINT0_IRQHandler
                0x0000456e        0x8 ./startup/startup_lpc55s69_cm33_core0.o
                0x0000456e                GINT0_IRQHandler
 .text.GINT1_IRQHandler
                0x00004576        0x8 ./startup/startup_lpc55s69_cm33_core0.o
                0x00004576                GINT1_IRQHandler
 .text.PIN_INT0_IRQHandler
                0x0000457e        0x8 ./startup/startup_lpc55s69_cm33_core0.o
                0x0000457e                PIN_INT0_IRQHandler
 .text.PIN_INT1_IRQHandler
                0x00004586        0x8 ./startup/startup_lpc55s69_cm33_core0.o
                0x00004586                PIN_INT1_IRQHandler
 .text.PIN_INT2_IRQHandler
                0x0000458e        0x8 ./startup/startup_lpc55s69_cm33_core0.o
                0x0000458e                PIN_INT2_IRQHandler
 .text.PIN_INT3_IRQHandler
                0x00004596        0x8 ./startup/startup_lpc55s69_cm33_core0.o
                0x00004596                PIN_INT3_IRQHandler
 .text.UTICK0_IRQHandler
                0x0000459e        0x8 ./startup/startup_lpc55s69_cm33_core0.o
                0x0000459e                UTICK0_IRQHandler
 .text.MRT0_IRQHandler
                0x000045a6        0x8 ./startup/startup_lpc55s69_cm33_core0.o
                0x000045a6                MRT0_IRQHandler
 .text.CTIMER0_IRQHandler
                0x000045ae        0x8 ./startup/startup_lpc55s69_cm33_core0.o
                0x000045ae                CTIMER0_IRQHandler
 .text.CTIMER1_IRQHandler
                0x000045b6        0x8 ./startup/startup_lpc55s69_cm33_core0.o
                0x000045b6                CTIMER1_IRQHandler
 .text.SCT0_IRQHandler
                0x000045be        0x8 ./startup/startup_lpc55s69_cm33_core0.o
                0x000045be                SCT0_IRQHandler
 .text.CTIMER3_IRQHandler
                0x000045c6        0x8 ./startup/startup_lpc55s69_cm33_core0.o
                0x000045c6                CTIMER3_IRQHandler
 .text.FLEXCOMM0_IRQHandler
                0x000045ce        0x8 ./startup/startup_lpc55s69_cm33_core0.o
                0x000045ce                FLEXCOMM0_IRQHandler
 .text.FLEXCOMM1_IRQHandler
                0x000045d6        0x8 ./startup/startup_lpc55s69_cm33_core0.o
                0x000045d6                FLEXCOMM1_IRQHandler
 .text.FLEXCOMM2_IRQHandler
                0x000045de        0x8 ./startup/startup_lpc55s69_cm33_core0.o
                0x000045de                FLEXCOMM2_IRQHandler
 .text.FLEXCOMM3_IRQHandler
                0x000045e6        0x8 ./startup/startup_lpc55s69_cm33_core0.o
                0x000045e6                FLEXCOMM3_IRQHandler
 .text.FLEXCOMM4_IRQHandler
                0x000045ee        0x8 ./startup/startup_lpc55s69_cm33_core0.o
                0x000045ee                FLEXCOMM4_IRQHandler
 .text.FLEXCOMM5_IRQHandler
                0x000045f6        0x8 ./startup/startup_lpc55s69_cm33_core0.o
                0x000045f6                FLEXCOMM5_IRQHandler
 .text.FLEXCOMM6_IRQHandler
                0x000045fe        0x8 ./startup/startup_lpc55s69_cm33_core0.o
                0x000045fe                FLEXCOMM6_IRQHandler
 .text.FLEXCOMM7_IRQHandler
                0x00004606        0x8 ./startup/startup_lpc55s69_cm33_core0.o
                0x00004606                FLEXCOMM7_IRQHandler
 .text.ADC0_IRQHandler
                0x0000460e        0x8 ./startup/startup_lpc55s69_cm33_core0.o
                0x0000460e                ADC0_IRQHandler
 .text.Reserved39_IRQHandler
                0x00004616        0x8 ./startup/startup_lpc55s69_cm33_core0.o
                0x00004616                Reserved39_IRQHandler
 .text.ACMP_IRQHandler
                0x0000461e        0x8 ./startup/startup_lpc55s69_cm33_core0.o
                0x0000461e                ACMP_IRQHandler
 .text.Reserved41_IRQHandler
                0x00004626        0x8 ./startup/startup_lpc55s69_cm33_core0.o
                0x00004626                Reserved41_IRQHandler
 .text.Reserved42_IRQHandler
                0x0000462e        0x8 ./startup/startup_lpc55s69_cm33_core0.o
                0x0000462e                Reserved42_IRQHandler
 .text.USB0_NEEDCLK_IRQHandler
                0x00004636        0x8 ./startup/startup_lpc55s69_cm33_core0.o
                0x00004636                USB0_NEEDCLK_IRQHandler
 .text.USB0_IRQHandler
                0x0000463e        0x8 ./startup/startup_lpc55s69_cm33_core0.o
                0x0000463e                USB0_IRQHandler
 .text.RTC_IRQHandler
                0x00004646        0x8 ./startup/startup_lpc55s69_cm33_core0.o
                0x00004646                RTC_IRQHandler
 .text.Reserved46_IRQHandler
                0x0000464e        0x8 ./startup/startup_lpc55s69_cm33_core0.o
                0x0000464e                Reserved46_IRQHandler
 .text.MAILBOX_IRQHandler
                0x00004656        0x8 ./startup/startup_lpc55s69_cm33_core0.o
                0x00004656                MAILBOX_IRQHandler
 .text.PIN_INT4_IRQHandler
                0x0000465e        0x8 ./startup/startup_lpc55s69_cm33_core0.o
                0x0000465e                PIN_INT4_IRQHandler
 .text.PIN_INT5_IRQHandler
                0x00004666        0x8 ./startup/startup_lpc55s69_cm33_core0.o
                0x00004666                PIN_INT5_IRQHandler
 .text.PIN_INT6_IRQHandler
                0x0000466e        0x8 ./startup/startup_lpc55s69_cm33_core0.o
                0x0000466e                PIN_INT6_IRQHandler
 .text.PIN_INT7_IRQHandler
                0x00004676        0x8 ./startup/startup_lpc55s69_cm33_core0.o
                0x00004676                PIN_INT7_IRQHandler
 .text.CTIMER2_IRQHandler
                0x0000467e        0x8 ./startup/startup_lpc55s69_cm33_core0.o
                0x0000467e                CTIMER2_IRQHandler
 .text.CTIMER4_IRQHandler
                0x00004686        0x8 ./startup/startup_lpc55s69_cm33_core0.o
                0x00004686                CTIMER4_IRQHandler
 .text.OS_EVENT_IRQHandler
                0x0000468e        0x8 ./startup/startup_lpc55s69_cm33_core0.o
                0x0000468e                OS_EVENT_IRQHandler
 .text.Reserved55_IRQHandler
                0x00004696        0x8 ./startup/startup_lpc55s69_cm33_core0.o
                0x00004696                Reserved55_IRQHandler
 .text.Reserved56_IRQHandler
                0x0000469e        0x8 ./startup/startup_lpc55s69_cm33_core0.o
                0x0000469e                Reserved56_IRQHandler
 .text.Reserved57_IRQHandler
                0x000046a6        0x8 ./startup/startup_lpc55s69_cm33_core0.o
                0x000046a6                Reserved57_IRQHandler
 .text.SDIO_IRQHandler
                0x000046ae        0x8 ./startup/startup_lpc55s69_cm33_core0.o
                0x000046ae                SDIO_IRQHandler
 .text.Reserved59_IRQHandler
                0x000046b6        0x8 ./startup/startup_lpc55s69_cm33_core0.o
                0x000046b6                Reserved59_IRQHandler
 .text.Reserved60_IRQHandler
                0x000046be        0x8 ./startup/startup_lpc55s69_cm33_core0.o
                0x000046be                Reserved60_IRQHandler
 .text.Reserved61_IRQHandler
                0x000046c6        0x8 ./startup/startup_lpc55s69_cm33_core0.o
                0x000046c6                Reserved61_IRQHandler
 .text.USB1_PHY_IRQHandler
                0x000046ce        0x8 ./startup/startup_lpc55s69_cm33_core0.o
                0x000046ce                USB1_PHY_IRQHandler
 .text.USB1_IRQHandler
                0x000046d6        0x8 ./startup/startup_lpc55s69_cm33_core0.o
                0x000046d6                USB1_IRQHandler
 .text.USB1_NEEDCLK_IRQHandler
                0x000046de        0x8 ./startup/startup_lpc55s69_cm33_core0.o
                0x000046de                USB1_NEEDCLK_IRQHandler
 .text.SEC_HYPERVISOR_CALL_IRQHandler
                0x000046e6        0x8 ./startup/startup_lpc55s69_cm33_core0.o
                0x000046e6                SEC_HYPERVISOR_CALL_IRQHandler
 .text.SEC_GPIO_INT0_IRQ0_IRQHandler
                0x000046ee        0x8 ./startup/startup_lpc55s69_cm33_core0.o
                0x000046ee                SEC_GPIO_INT0_IRQ0_IRQHandler
 .text.SEC_GPIO_INT0_IRQ1_IRQHandler
                0x000046f6        0x8 ./startup/startup_lpc55s69_cm33_core0.o
                0x000046f6                SEC_GPIO_INT0_IRQ1_IRQHandler
 .text.PLU_IRQHandler
                0x000046fe        0x8 ./startup/startup_lpc55s69_cm33_core0.o
                0x000046fe                PLU_IRQHandler
 .text.SEC_VIO_IRQHandler
                0x00004706        0x8 ./startup/startup_lpc55s69_cm33_core0.o
                0x00004706                SEC_VIO_IRQHandler
 .text.HASHCRYPT_IRQHandler
                0x0000470e        0x8 ./startup/startup_lpc55s69_cm33_core0.o
                0x0000470e                HASHCRYPT_IRQHandler
 .text.CASER_IRQHandler
                0x00004716        0x8 ./startup/startup_lpc55s69_cm33_core0.o
                0x00004716                CASER_IRQHandler
 .text.PUF_IRQHandler
                0x0000471e        0x8 ./startup/startup_lpc55s69_cm33_core0.o
                0x0000471e                PUF_IRQHandler
 .text.PQ_IRQHandler
                0x00004726        0x8 ./startup/startup_lpc55s69_cm33_core0.o
                0x00004726                PQ_IRQHandler
 .text.DMA1_IRQHandler
                0x0000472e        0x8 ./startup/startup_lpc55s69_cm33_core0.o
                0x0000472e                DMA1_IRQHandler
 .text.FLEXCOMM8_IRQHandler
                0x00004736        0x8 ./startup/startup_lpc55s69_cm33_core0.o
                0x00004736                FLEXCOMM8_IRQHandler
 .text.GPIO_PinWrite
                0x0000473e       0x2a ./source/ArduCAM/ArduCAM.o
 .text._ZL8send_spiPhh
                0x00004768       0x22 ./source/ArduCAM/ArduCAM.o
 .text._ZN7ArduCAM10flush_fifoEv
                0x0000478a       0x1a ./source/ArduCAM/ArduCAM.o
                0x0000478a                ArduCAM::flush_fifo()
 .text._ZN7ArduCAM13start_captureEv
                0x000047a4       0x1a ./source/ArduCAM/ArduCAM.o
                0x000047a4                ArduCAM::start_capture()
 .text._ZN7ArduCAM15clear_fifo_flagEv
                0x000047be       0x1a ./source/ArduCAM/ArduCAM.o
                0x000047be                ArduCAM::clear_fifo_flag()
 .text._ZN7ArduCAM16read_fifo_lengthEv
                0x000047d8       0x52 ./source/ArduCAM/ArduCAM.o
                0x000047d8                ArduCAM::read_fifo_length()
 .text._ZN7ArduCAM14set_fifo_burstEv
                0x0000482a       0x20 ./source/ArduCAM/ArduCAM.o
                0x0000482a                ArduCAM::set_fifo_burst()
 .text._ZN7ArduCAM9read_fifoEv
                0x0000484a       0x1e ./source/ArduCAM/ArduCAM.o
                0x0000484a                ArduCAM::read_fifo()
 .text._ZN7ArduCAM8read_regEh
                0x00004868       0x28 ./source/ArduCAM/ArduCAM.o
                0x00004868                ArduCAM::read_reg(unsigned char)
 .text._ZN7ArduCAM9write_regEhh
                0x00004890       0x2c ./source/ArduCAM/ArduCAM.o
                0x00004890                ArduCAM::write_reg(unsigned char, unsigned char)
 .text._ZN7ArduCAM7get_bitEhh
                0x000048bc       0x30 ./source/ArduCAM/ArduCAM.o
                0x000048bc                ArduCAM::get_bit(unsigned char, unsigned char)
 .text._ZN7ArduCAM9bus_writeEii
                0x000048ec       0x3a ./source/ArduCAM/ArduCAM.o
                0x000048ec                ArduCAM::bus_write(int, int)
 .text._ZN7ArduCAM8bus_readEi
                0x00004926       0x42 ./source/ArduCAM/ArduCAM.o
                0x00004926                ArduCAM::bus_read(int)
 .text._ZN7ArduCAM10set_formatEh
                0x00004968       0x3a ./source/ArduCAM/ArduCAM.o
                0x00004968                ArduCAM::set_format(unsigned char)
 .text._ZN7ArduCAM16wrSensorRegs16_8EPK10sensor_reg
                0x000049a2       0x64 ./source/ArduCAM/ArduCAM.o
                0x000049a2                ArduCAM::wrSensorRegs16_8(sensor_reg const*)
 .text._ZN7ArduCAM15wrSensorReg16_8Eii
                0x00004a06       0x40 ./source/ArduCAM/ArduCAM.o
                0x00004a06                ArduCAM::wrSensorReg16_8(int, int)
 .text._ZN7ArduCAM15rdSensorReg16_8EtPh
                0x00004a46       0x56 ./source/ArduCAM/ArduCAM.o
                0x00004a46                ArduCAM::rdSensorReg16_8(unsigned short, unsigned char*)
 .text.HardFault_Handler
                0x00004a9c       0x2c ./source/semihost_hardfault.o
                0x00004a9c                HardFault_Handler
 .text.CLOCK_IsPLL0Locked
                0x00004ac8       0x24 ./drivers/fsl_clock.o
 .text.findPll0PreDiv
                0x00004aec       0x3e ./drivers/fsl_clock.o
 .text.DelayLoop
                0x00004b2a       0x20 ./drivers/fsl_common.o
 .text.CLOCK_EnableClock
                0x00004b4a       0x30 ./drivers/fsl_flexcomm.o
 .text.FLEXCOMM_PeripheralIsPresent
                0x00004b7a       0x64 ./drivers/fsl_flexcomm.o
 .text.FLEXCOMM_SetPeriph
                0x00004bde       0x74 ./drivers/fsl_flexcomm.o
 .text.CLOCK_EnableClock
                0x00004c52       0x30 ./drivers/fsl_gpio.o
 .text.GPIO_PinInit
                0x00004c82       0xa4 ./drivers/fsl_gpio.o
                0x00004c82                GPIO_PinInit
 .text.I2C_MasterEnable
                0x00004d26       0x44 ./drivers/fsl_i2c.o
 .text.I2C_GetStatusFlags
                0x00004d6a       0x1a ./drivers/fsl_i2c.o
 .text.I2C_MasterClearStatusFlags
                0x00004d84       0x22 ./drivers/fsl_i2c.o
 .text.I2C_MasterRepeatedStart
                0x00004da6       0x26 ./drivers/fsl_i2c.o
 .text.I2C_MasterInit
                0x00004dcc       0x36 ./drivers/fsl_i2c.o
                0x00004dcc                I2C_MasterInit
 .text.I2C_PendingStatusWait
                0x00004e02       0x2c ./drivers/fsl_i2c.o
 .text.I2C_MasterStart
                0x00004e2e       0x4c ./drivers/fsl_i2c.o
                0x00004e2e                I2C_MasterStart
 .text.I2C_MasterStop
                0x00004e7a       0x32 ./drivers/fsl_i2c.o
                0x00004e7a                I2C_MasterStop
 .text.I2C_MasterCheckStartResponse
                0x00004eac       0x36 ./drivers/fsl_i2c.o
 .text.RESET_PeripheralReset
                0x00004ee2       0x1c ./drivers/fsl_reset.o
                0x00004ee2                RESET_PeripheralReset
 .text.SPI_Enable
                0x00004efe       0x40 ./drivers/fsl_spi.o
 .text.USART_EnableContinuousSCLK
                0x00004f3e       0x38 ./drivers/fsl_usart.o
 .text.SystemInitHook
                0x00004f76        0xe ./device/system_LPC55S69_cm33_core0.o
                0x00004f76                SystemInitHook
 .text.HAL_UartGetStatus
                0x00004f84       0x22 ./component/uart/fsl_adapter_usart.o
 .text.DisableGlobalIRQ
                0x00004fa6       0x22 ./component/serial_manager/fsl_component_serial_manager.o
 .text.EnableGlobalIRQ
                0x00004fc8       0x20 ./component/serial_manager/fsl_component_serial_manager.o
 .text.SerialManager_StartWriting
                0x00004fe8       0x38 ./component/serial_manager/fsl_component_serial_manager.o
 .text.SerialManager_Write
                0x00005020       0x44 ./component/serial_manager/fsl_component_serial_manager.o
 .text.SerialManager_Init
                0x00005064       0x60 ./component/serial_manager/fsl_component_serial_manager.o
                0x00005064                SerialManager_Init
 .text.SerialManager_OpenWriteHandle
                0x000050c4       0x50 ./component/serial_manager/fsl_component_serial_manager.o
                0x000050c4                SerialManager_OpenWriteHandle
 .text.SerialManager_OpenReadHandle
                0x00005114       0x60 ./component/serial_manager/fsl_component_serial_manager.o
                0x00005114                SerialManager_OpenReadHandle
 .text.SerialManager_WriteBlocking
                0x00005174       0x20 ./component/serial_manager/fsl_component_serial_manager.o
                0x00005174                SerialManager_WriteBlocking
 .text.Serial_UartInit
                0x00005194       0x3e ./component/serial_manager/fsl_component_serial_port_uart.o
                0x00005194                Serial_UartInit
 .text.Serial_UartWrite
                0x000051d2       0x38 ./component/serial_manager/fsl_component_serial_port_uart.o
                0x000051d2                Serial_UartWrite
 .text.BOARD_InitBootClocks
                0x0000520a        0xc ./board/clock_config.o
                0x0000520a                BOARD_InitBootClocks
 .text.BOARD_InitPeripherals
                0x00005216       0x10 ./board/peripherals.o
                0x00005216                BOARD_InitPeripherals
 .text.BOARD_InitBootPeripherals
                0x00005226        0xc ./board/peripherals.o
                0x00005226                BOARD_InitBootPeripherals
 .text.Chip_GetVersion
                0x00005232       0x36 ./board/pin_mux.o
 .text.CLOCK_EnableClock
                0x00005268       0x30 ./board/pin_mux.o
 .text.IOCON_PinMuxSet
                0x00005298       0x2e ./board/pin_mux.o
 .text.BOARD_InitBootPins
                0x000052c6        0xc ./board/pin_mux.o
                0x000052c6                BOARD_InitBootPins
 .text.memset   0x000052d2       0x10 d:/programy/mcuxpressoide/ide/plugins/com.nxp.mcuxpresso.tools.win32_11.3.0.202008311133/tools/bin/../lib/gcc/arm-none-eabi/9.3.1/../../../../arm-none-eabi/lib/thumb/v8-m.main+fp/hard\libc_nano.a(lib_a-memset.o)
                0x000052d2                memset
 .text.__sfputc_r
                0x000052e2       0x2e d:/programy/mcuxpressoide/ide/plugins/com.nxp.mcuxpresso.tools.win32_11.3.0.202008311133/tools/bin/../lib/gcc/arm-none-eabi/9.3.1/../../../../arm-none-eabi/lib/thumb/v8-m.main+fp/hard\libc_nano.a(lib_a-nano-vfprintf.o)
 .text.__sfputs_r
                0x00005310       0x24 d:/programy/mcuxpressoide/ide/plugins/com.nxp.mcuxpresso.tools.win32_11.3.0.202008311133/tools/bin/../lib/gcc/arm-none-eabi/9.3.1/../../../../arm-none-eabi/lib/thumb/v8-m.main+fp/hard\libc_nano.a(lib_a-nano-vfprintf.o)
                0x00005310                __sfputs_r
 .text._printf_common
                0x00005334       0xe0 d:/programy/mcuxpressoide/ide/plugins/com.nxp.mcuxpresso.tools.win32_11.3.0.202008311133/tools/bin/../lib/gcc/arm-none-eabi/9.3.1/../../../../arm-none-eabi/lib/thumb/v8-m.main+fp/hard\libc_nano.a(lib_a-nano-vfprintf_i.o)
                0x00005334                _printf_common
 .text          0x00005414       0x10 d:/programy/mcuxpressoide/ide/plugins/com.nxp.mcuxpresso.tools.win32_11.3.0.202008311133/tools/bin/../lib/gcc/arm-none-eabi/9.3.1/../../../../arm-none-eabi/lib/thumb/v8-m.main+fp/hard\libc_nano.a(lib_a-strlen.o)
                0x00005414                strlen
 .text.abort    0x00005424        0xe d:/programy/mcuxpressoide/ide/plugins/com.nxp.mcuxpresso.tools.win32_11.3.0.202008311133/tools/bin/../lib/gcc/arm-none-eabi/9.3.1/../../../../arm-none-eabi/lib/thumb/v8-m.main+fp/hard\libc_nano.a(lib_a-abort.o)
                0x00005424                abort
 .text.__sfmoreglue
                0x00005432       0x2c d:/programy/mcuxpressoide/ide/plugins/com.nxp.mcuxpresso.tools.win32_11.3.0.202008311133/tools/bin/../lib/gcc/arm-none-eabi/9.3.1/../../../../arm-none-eabi/lib/thumb/v8-m.main+fp/hard\libc_nano.a(lib_a-findfp.o)
                0x00005432                __sfmoreglue
 .text._fwalk_reent
                0x0000545e       0x3e d:/programy/mcuxpressoide/ide/plugins/com.nxp.mcuxpresso.tools.win32_11.3.0.202008311133/tools/bin/../lib/gcc/arm-none-eabi/9.3.1/../../../../arm-none-eabi/lib/thumb/v8-m.main+fp/hard\libc_nano.a(lib_a-fwalk.o)
                0x0000545e                _fwalk_reent
 .text.__retarget_lock_init_recursive
                0x0000549c        0x2 d:/programy/mcuxpressoide/ide/plugins/com.nxp.mcuxpresso.tools.win32_11.3.0.202008311133/tools/bin/../lib/gcc/arm-none-eabi/9.3.1/../../../../arm-none-eabi/lib/thumb/v8-m.main+fp/hard\libc_nano.a(lib_a-lock.o)
                0x0000549c                __retarget_lock_init_recursive
 .text.__retarget_lock_acquire_recursive
                0x0000549e        0x2 d:/programy/mcuxpressoide/ide/plugins/com.nxp.mcuxpresso.tools.win32_11.3.0.202008311133/tools/bin/../lib/gcc/arm-none-eabi/9.3.1/../../../../arm-none-eabi/lib/thumb/v8-m.main+fp/hard\libc_nano.a(lib_a-lock.o)
                0x0000549e                __retarget_lock_acquire_recursive
 .text.__retarget_lock_release_recursive
                0x000054a0        0x2 d:/programy/mcuxpressoide/ide/plugins/com.nxp.mcuxpresso.tools.win32_11.3.0.202008311133/tools/bin/../lib/gcc/arm-none-eabi/9.3.1/../../../../arm-none-eabi/lib/thumb/v8-m.main+fp/hard\libc_nano.a(lib_a-lock.o)
                0x000054a0                __retarget_lock_release_recursive
 .text.__swhatbuf_r
                0x000054a2       0x48 d:/programy/mcuxpressoide/ide/plugins/com.nxp.mcuxpresso.tools.win32_11.3.0.202008311133/tools/bin/../lib/gcc/arm-none-eabi/9.3.1/../../../../arm-none-eabi/lib/thumb/v8-m.main+fp/hard\libc_nano.a(lib_a-makebuf.o)
                0x000054a2                __swhatbuf_r
 .text.memchr   0x000054ea       0x1c d:/programy/mcuxpressoide/ide/plugins/com.nxp.mcuxpresso.tools.win32_11.3.0.202008311133/tools/bin/../lib/gcc/arm-none-eabi/9.3.1/../../../../arm-none-eabi/lib/thumb/v8-m.main+fp/hard\libc_nano.a(lib_a-memchr-stub.o)
                0x000054ea                memchr
 .text._raise_r
                0x00005506       0x50 d:/programy/mcuxpressoide/ide/plugins/com.nxp.mcuxpresso.tools.win32_11.3.0.202008311133/tools/bin/../lib/gcc/arm-none-eabi/9.3.1/../../../../arm-none-eabi/lib/thumb/v8-m.main+fp/hard\libc_nano.a(lib_a-signal.o)
                0x00005506                _raise_r
 .text._getpid_r
                0x00005556        0x4 d:/programy/mcuxpressoide/ide/plugins/com.nxp.mcuxpresso.tools.win32_11.3.0.202008311133/tools/bin/../lib/gcc/arm-none-eabi/9.3.1/../../../../arm-none-eabi/lib/thumb/v8-m.main+fp/hard\libc_nano.a(lib_a-signalr.o)
                0x00005556                _getpid_r
 .text.__sread  0x0000555a       0x22 d:/programy/mcuxpressoide/ide/plugins/com.nxp.mcuxpresso.tools.win32_11.3.0.202008311133/tools/bin/../lib/gcc/arm-none-eabi/9.3.1/../../../../arm-none-eabi/lib/thumb/v8-m.main+fp/hard\libc_nano.a(lib_a-stdio.o)
                0x0000555a                __sread
 .text.__swrite
                0x0000557c       0x38 d:/programy/mcuxpressoide/ide/plugins/com.nxp.mcuxpresso.tools.win32_11.3.0.202008311133/tools/bin/../lib/gcc/arm-none-eabi/9.3.1/../../../../arm-none-eabi/lib/thumb/v8-m.main+fp/hard\libc_nano.a(lib_a-stdio.o)
                0x0000557c                __swrite
 .text.__sseek  0x000055b4       0x24 d:/programy/mcuxpressoide/ide/plugins/com.nxp.mcuxpresso.tools.win32_11.3.0.202008311133/tools/bin/../lib/gcc/arm-none-eabi/9.3.1/../../../../arm-none-eabi/lib/thumb/v8-m.main+fp/hard\libc_nano.a(lib_a-stdio.o)
                0x000055b4                __sseek
 .text.__sclose
                0x000055d8        0x8 d:/programy/mcuxpressoide/ide/plugins/com.nxp.mcuxpresso.tools.win32_11.3.0.202008311133/tools/bin/../lib/gcc/arm-none-eabi/9.3.1/../../../../arm-none-eabi/lib/thumb/v8-m.main+fp/hard\libc_nano.a(lib_a-stdio.o)
                0x000055d8                __sclose
 .text._exit    0x000055e0        0x8 d:/programy/mcuxpressoide/ide/plugins/com.nxp.mcuxpresso.tools.win32_11.3.0.202008311133/tools/bin/../lib/gcc/arm-none-eabi/9.3.1/../../../../arm-none-eabi/lib/thumb/v8-m.main+fp/hard\libcr_newlib_semihost.a(_exit.o)
                0x000055e0                _exit
 .text.error    0x000055e8       0x1c d:/programy/mcuxpressoide/ide/plugins/com.nxp.mcuxpresso.tools.win32_11.3.0.202008311133/tools/bin/../lib/gcc/arm-none-eabi/9.3.1/../../../../arm-none-eabi/lib/thumb/v8-m.main+fp/hard\libcr_newlib_semihost.a(syscalls.o)
 .text.checkerror
                0x00005604       0x20 d:/programy/mcuxpressoide/ide/plugins/com.nxp.mcuxpresso.tools.win32_11.3.0.202008311133/tools/bin/../lib/gcc/arm-none-eabi/9.3.1/../../../../arm-none-eabi/lib/thumb/v8-m.main+fp/hard\libcr_newlib_semihost.a(syscalls.o)
 .text._swiread
                0x00005624       0x20 d:/programy/mcuxpressoide/ide/plugins/com.nxp.mcuxpresso.tools.win32_11.3.0.202008311133/tools/bin/../lib/gcc/arm-none-eabi/9.3.1/../../../../arm-none-eabi/lib/thumb/v8-m.main+fp/hard\libcr_newlib_semihost.a(syscalls.o)
                0x00005624                _swiread
 .text._read    0x00005644       0x36 d:/programy/mcuxpressoide/ide/plugins/com.nxp.mcuxpresso.tools.win32_11.3.0.202008311133/tools/bin/../lib/gcc/arm-none-eabi/9.3.1/../../../../arm-none-eabi/lib/thumb/v8-m.main+fp/hard\libcr_newlib_semihost.a(syscalls.o)
                0x00005644                _read
 .text._swilseek
                0x0000567a       0x78 d:/programy/mcuxpressoide/ide/plugins/com.nxp.mcuxpresso.tools.win32_11.3.0.202008311133/tools/bin/../lib/gcc/arm-none-eabi/9.3.1/../../../../arm-none-eabi/lib/thumb/v8-m.main+fp/hard\libcr_newlib_semihost.a(syscalls.o)
                0x0000567a                _swilseek
 .text._lseek   0x000056f2        0x4 d:/programy/mcuxpressoide/ide/plugins/com.nxp.mcuxpresso.tools.win32_11.3.0.202008311133/tools/bin/../lib/gcc/arm-none-eabi/9.3.1/../../../../arm-none-eabi/lib/thumb/v8-m.main+fp/hard\libcr_newlib_semihost.a(syscalls.o)
                0x000056f2                _lseek
 .text._swiwrite
                0x000056f6       0x20 d:/programy/mcuxpressoide/ide/plugins/com.nxp.mcuxpresso.tools.win32_11.3.0.202008311133/tools/bin/../lib/gcc/arm-none-eabi/9.3.1/../../../../arm-none-eabi/lib/thumb/v8-m.main+fp/hard\libcr_newlib_semihost.a(syscalls.o)
                0x000056f6                _swiwrite
 .text._write   0x00005716       0x44 d:/programy/mcuxpressoide/ide/plugins/com.nxp.mcuxpresso.tools.win32_11.3.0.202008311133/tools/bin/../lib/gcc/arm-none-eabi/9.3.1/../../../../arm-none-eabi/lib/thumb/v8-m.main+fp/hard\libcr_newlib_semihost.a(syscalls.o)
                0x00005716                _write
 .text._swiclose
                0x0000575a       0x1a d:/programy/mcuxpressoide/ide/plugins/com.nxp.mcuxpresso.tools.win32_11.3.0.202008311133/tools/bin/../lib/gcc/arm-none-eabi/9.3.1/../../../../arm-none-eabi/lib/thumb/v8-m.main+fp/hard\libcr_newlib_semihost.a(syscalls.o)
                0x0000575a                _swiclose
 .text._getpid  0x00005774        0x4 d:/programy/mcuxpressoide/ide/plugins/com.nxp.mcuxpresso.tools.win32_11.3.0.202008311133/tools/bin/../lib/gcc/arm-none-eabi/9.3.1/../../../../arm-none-eabi/lib/thumb/v8-m.main+fp/hard\libcr_newlib_semihost.a(syscalls.o)
                0x00005774                _getpid
 .text._swistat
                0x00005778       0x42 d:/programy/mcuxpressoide/ide/plugins/com.nxp.mcuxpresso.tools.win32_11.3.0.202008311133/tools/bin/../lib/gcc/arm-none-eabi/9.3.1/../../../../arm-none-eabi/lib/thumb/v8-m.main+fp/hard\libcr_newlib_semihost.a(syscalls.o)
                0x00005778                _swistat
 .text._fstat   0x000057ba       0x1c d:/programy/mcuxpressoide/ide/plugins/com.nxp.mcuxpresso.tools.win32_11.3.0.202008311133/tools/bin/../lib/gcc/arm-none-eabi/9.3.1/../../../../arm-none-eabi/lib/thumb/v8-m.main+fp/hard\libcr_newlib_semihost.a(syscalls.o)
                0x000057ba                _fstat
 .text._isatty  0x000057d6       0x2a d:/programy/mcuxpressoide/ide/plugins/com.nxp.mcuxpresso.tools.win32_11.3.0.202008311133/tools/bin/../lib/gcc/arm-none-eabi/9.3.1/../../../../arm-none-eabi/lib/thumb/v8-m.main+fp/hard\libcr_newlib_semihost.a(syscalls.o)
                0x000057d6                _isatty
 *(SORT_BY_ALIGNMENT(.rodata) SORT_BY_ALIGNMENT(.rodata.*) SORT_BY_ALIGNMENT(.constdata) SORT_BY_ALIGNMENT(.constdata.*))
 .rodata._ZL19OV5642_1280x960_RAW
                0x00005800      0x1cc ./source/ArduCAM/ArduCAM.o
 .rodata._ZL18OV5642_640x480_RAW
                0x000059cc       0x14 ./source/ArduCAM/ArduCAM.o
 .rodata._ZL14ov5642_320x240
                0x000059e0       0x6c ./source/ArduCAM/ArduCAM.o
 .rodata._ZL14ov5642_640x480
                0x00005a4c       0x6c ./source/ArduCAM/ArduCAM.o
 .rodata._ZL15ov5642_1280x960
                0x00005ab8       0x68 ./source/ArduCAM/ArduCAM.o
 .rodata._ZL16ov5642_1600x1200
                0x00005b20       0x68 ./source/ArduCAM/ArduCAM.o
 .rodata._ZL15ov5642_1024x768
                0x00005b88       0x68 ./source/ArduCAM/ArduCAM.o
 .rodata._ZL16ov5642_2048x1536
                0x00005bf0       0xe8 ./source/ArduCAM/ArduCAM.o
 .rodata._ZL16ov5642_2592x1944
                0x00005cd8       0x68 ./source/ArduCAM/ArduCAM.o
 .rodata._ZL19OV5642_QVGA_Preview
                0x00005d40     0x4858 ./source/ArduCAM/ArduCAM.o
 .rodata._ZL25OV5642_JPEG_Capture_QSXGA
                0x0000a598      0x110 ./source/ArduCAM/ArduCAM.o
 .rodata._Z12arducam_testv.str1.4
                0x0000a6a8       0xd8 ./source/arducam-test.o
                                 0xdb (size before relaxing)
 .rodata.main.str1.4
                0x0000a780        0xe ./source/arducam-test.o
 *fill*         0x0000a78e        0x2 ff
 .rodata.SDK_DelayAtLeastUs.str1.4
                0x0000a790       0x38 ./drivers/fsl_common.o
 .rodata.__func__.9203
                0x0000a7c8       0x13 ./drivers/fsl_common.o
 *fill*         0x0000a7db        0x1 ff
 .rodata.s_flexcommBaseAddrs
                0x0000a7dc       0x24 ./drivers/fsl_flexcomm.o
 .rodata.s_flexcommClocks
                0x0000a800       0x12 ./drivers/fsl_flexcomm.o
 *fill*         0x0000a812        0x2 ff
 .rodata.s_flexcommResets
                0x0000a814       0x24 ./drivers/fsl_flexcomm.o
 .rodata.FLEXCOMM_GetInstance.str1.4
                0x0000a838       0x40 ./drivers/fsl_flexcomm.o
 .rodata.FLEXCOMM0_DriverIRQHandler.str1.4
                0x0000a878       0x18 ./drivers/fsl_flexcomm.o
 .rodata.FLEXCOMM1_DriverIRQHandler.str1.4
                0x0000a890       0x18 ./drivers/fsl_flexcomm.o
 .rodata.FLEXCOMM2_DriverIRQHandler.str1.4
                0x0000a8a8       0x18 ./drivers/fsl_flexcomm.o
 .rodata.FLEXCOMM3_DriverIRQHandler.str1.4
                0x0000a8c0       0x18 ./drivers/fsl_flexcomm.o
 .rodata.FLEXCOMM4_DriverIRQHandler.str1.4
                0x0000a8d8       0x18 ./drivers/fsl_flexcomm.o
 .rodata.FLEXCOMM5_DriverIRQHandler.str1.4
                0x0000a8f0       0x18 ./drivers/fsl_flexcomm.o
 .rodata.FLEXCOMM6_DriverIRQHandler.str1.4
                0x0000a908       0x18 ./drivers/fsl_flexcomm.o
 .rodata.FLEXCOMM7_DriverIRQHandler.str1.4
                0x0000a920       0x18 ./drivers/fsl_flexcomm.o
 .rodata.FLEXCOMM8_DriverIRQHandler.str1.4
                0x0000a938       0x18 ./drivers/fsl_flexcomm.o
 .rodata.__func__.9223
                0x0000a950       0x15 ./drivers/fsl_flexcomm.o
 *fill*         0x0000a965        0x3 ff
 .rodata.__func__.9245
                0x0000a968       0x1b ./drivers/fsl_flexcomm.o
 *fill*         0x0000a983        0x1 ff
 .rodata.__func__.9251
                0x0000a984       0x1b ./drivers/fsl_flexcomm.o
 *fill*         0x0000a99f        0x1 ff
 .rodata.__func__.9257
                0x0000a9a0       0x1b ./drivers/fsl_flexcomm.o
 *fill*         0x0000a9bb        0x1 ff
 .rodata.__func__.9263
                0x0000a9bc       0x1b ./drivers/fsl_flexcomm.o
 *fill*         0x0000a9d7        0x1 ff
 .rodata.__func__.9269
                0x0000a9d8       0x1b ./drivers/fsl_flexcomm.o
 *fill*         0x0000a9f3        0x1 ff
 .rodata.__func__.9275
                0x0000a9f4       0x1b ./drivers/fsl_flexcomm.o
 *fill*         0x0000aa0f        0x1 ff
 .rodata.__func__.9281
                0x0000aa10       0x1b ./drivers/fsl_flexcomm.o
 *fill*         0x0000aa2b        0x1 ff
 .rodata.__func__.9287
                0x0000aa2c       0x1b ./drivers/fsl_flexcomm.o
 *fill*         0x0000aa47        0x1 ff
 .rodata.__func__.9293
                0x0000aa48       0x1b ./drivers/fsl_flexcomm.o
 *fill*         0x0000aa63        0x1 ff
 .rodata.s_gpioClockName
                0x0000aa64        0x8 ./drivers/fsl_gpio.o
 .rodata.GPIO_EnablePortClock.str1.4
                0x0000aa6c       0x30 ./drivers/fsl_gpio.o
 .rodata.__func__.9242
                0x0000aa9c       0x15 ./drivers/fsl_gpio.o
 *fill*         0x0000aab1        0x3 ff
 .rodata.I2C_GetInstance.str1.4
                0x0000aab4       0x33 ./drivers/fsl_i2c.o
 *fill*         0x0000aae7        0x1 ff
 .rodata.I2C_MasterWriteBlocking.str1.4
                0x0000aae8        0xf ./drivers/fsl_i2c.o
 *fill*         0x0000aaf7        0x1 ff
 .rodata.I2C_MasterReadBlocking.str1.4
                0x0000aaf8        0xf ./drivers/fsl_i2c.o
 *fill*         0x0000ab07        0x1 ff
 .rodata.I2C_MasterTransferBlocking.str1.4
                0x0000ab08        0xd ./drivers/fsl_i2c.o
 *fill*         0x0000ab15        0x3 ff
 .rodata.__func__.9592
                0x0000ab18       0x18 ./drivers/fsl_i2c.o
 .rodata.__func__.9611
                0x0000ab30       0x17 ./drivers/fsl_i2c.o
 *fill*         0x0000ab47        0x1 ff
 .rodata.__func__.9632
                0x0000ab48       0x1b ./drivers/fsl_i2c.o
 *fill*         0x0000ab63        0x1 ff
 .rodata.RESET_SetPeripheralReset.str1.4
                0x0000ab64       0x1d ./drivers/fsl_reset.o
 *fill*         0x0000ab81        0x3 ff
 .rodata.__func__.9179
                0x0000ab84       0x19 ./drivers/fsl_reset.o
 *fill*         0x0000ab9d        0x3 ff
 .rodata.__func__.9189
                0x0000aba0       0x1b ./drivers/fsl_reset.o
 *fill*         0x0000abbb        0x1 ff
 .rodata.SPI_SetTransferDelay.str1.4
                0x0000abbc       0x2b ./drivers/fsl_spi.o
 *fill*         0x0000abe7        0x1 ff
 .rodata.s_spiBaseAddrs
                0x0000abe8       0x24 ./drivers/fsl_spi.o
 .rodata.SPI_GetInstance.str1.4
                0x0000ac0c       0x33 ./drivers/fsl_spi.o
 *fill*         0x0000ac3f        0x1 ff
 .rodata.SPI_MasterInit.str1.4
                0x0000ac40       0x3d ./drivers/fsl_spi.o
 *fill*         0x0000ac7d        0x3 ff
 .rodata.SPI_MasterSetBaud.str1.4
                0x0000ac80       0x41 ./drivers/fsl_spi.o
 *fill*         0x0000acc1        0x3 ff
 .rodata.SPI_MasterTransferBlocking.str1.4
                0x0000acc4       0x5a ./drivers/fsl_spi.o
 *fill*         0x0000ad1e        0x2 ff
 .rodata.__func__.9486
                0x0000ad20       0x10 ./drivers/fsl_spi.o
 .rodata.__func__.9508
                0x0000ad30        0xf ./drivers/fsl_spi.o
 *fill*         0x0000ad3f        0x1 ff
 .rodata.__func__.9413
                0x0000ad40       0x15 ./drivers/fsl_spi.o
 *fill*         0x0000ad55        0x3 ff
 .rodata.__func__.9539
                0x0000ad58       0x12 ./drivers/fsl_spi.o
 *fill*         0x0000ad6a        0x2 ff
 .rodata.__func__.9572
                0x0000ad6c       0x1b ./drivers/fsl_spi.o
 *fill*         0x0000ad87        0x1 ff
 .rodata.USART_GetInstance.str1.4
                0x0000ad88       0x39 ./drivers/fsl_usart.o
 .rodata.USART_Init.str1.4
                0x0000adc1       0x3d ./drivers/fsl_usart.o
 .rodata.USART_GetDefaultConfig.str1.4
                0x0000adc1        0xf ./drivers/fsl_usart.o
 .rodata.USART_SetBaudRate.str1.4
                0x0000adc1       0x41 ./drivers/fsl_usart.o
 *fill*         0x0000adc1        0x3 ff
 .rodata.USART_WriteBlocking.str1.4
                0x0000adc4       0x24 ./drivers/fsl_usart.o
 .rodata.__func__.9483
                0x0000ade8        0xb ./drivers/fsl_usart.o
 *fill*         0x0000adf3        0x1 ff
 .rodata.__func__.9494
                0x0000adf4       0x17 ./drivers/fsl_usart.o
 *fill*         0x0000ae0b        0x1 ff
 .rodata.__func__.9507
                0x0000ae0c       0x12 ./drivers/fsl_usart.o
 *fill*         0x0000ae1e        0x2 ff
 .rodata.__func__.9535
                0x0000ae20       0x14 ./drivers/fsl_usart.o
 .rodata.s_UsartAdapterBase
                0x0000ae34       0x20 ./component/uart/fsl_adapter_usart.o
 .rodata.HAL_UartInit.str1.4
                0x0000ae54       0x8d ./component/uart/fsl_adapter_usart.o
                                 0x95 (size before relaxing)
 *fill*         0x0000aee1        0x3 ff
 .rodata.HAL_UartReceiveBlocking.str1.4
                0x0000aee4        0xf ./component/uart/fsl_adapter_usart.o
 *fill*         0x0000aef3        0x1 ff
 .rodata.__func__.9504
                0x0000aef4        0xd ./component/uart/fsl_adapter_usart.o
 *fill*         0x0000af01        0x3 ff
 .rodata.__func__.9524
                0x0000af04       0x15 ./component/uart/fsl_adapter_usart.o
 *fill*         0x0000af19        0x3 ff
 .rodata.FLEXCOMM4_config
                0x0000af1c        0xc ./board/peripherals.o
                0x0000af1c                FLEXCOMM4_config
 .rodata.FLEXCOMM8_config
                0x0000af28       0x18 ./board/peripherals.o
                0x0000af28                FLEXCOMM8_config
 .rodata._global_impure_ptr
                0x0000af40        0x4 d:/programy/mcuxpressoide/ide/plugins/com.nxp.mcuxpresso.tools.win32_11.3.0.202008311133/tools/bin/../lib/gcc/arm-none-eabi/9.3.1/../../../../arm-none-eabi/lib/thumb/v8-m.main+fp/hard\libc_nano.a(lib_a-impure.o)
                0x0000af40                _global_impure_ptr
 .rodata.__sf_fake_stderr
                0x0000af44       0x20 d:/programy/mcuxpressoide/ide/plugins/com.nxp.mcuxpresso.tools.win32_11.3.0.202008311133/tools/bin/../lib/gcc/arm-none-eabi/9.3.1/../../../../arm-none-eabi/lib/thumb/v8-m.main+fp/hard\libc_nano.a(lib_a-findfp.o)
                0x0000af44                __sf_fake_stderr
 .rodata.__sf_fake_stdin
                0x0000af64       0x20 d:/programy/mcuxpressoide/ide/plugins/com.nxp.mcuxpresso.tools.win32_11.3.0.202008311133/tools/bin/../lib/gcc/arm-none-eabi/9.3.1/../../../../arm-none-eabi/lib/thumb/v8-m.main+fp/hard\libc_nano.a(lib_a-findfp.o)
                0x0000af64                __sf_fake_stdin
 .rodata.__sf_fake_stdout
                0x0000af84       0x20 d:/programy/mcuxpressoide/ide/plugins/com.nxp.mcuxpresso.tools.win32_11.3.0.202008311133/tools/bin/../lib/gcc/arm-none-eabi/9.3.1/../../../../arm-none-eabi/lib/thumb/v8-m.main+fp/hard\libc_nano.a(lib_a-findfp.o)
                0x0000af84                __sf_fake_stdout
 .rodata.__assert_func.str1.1
                0x0000afa4       0x3c d:/programy/mcuxpressoide/ide/plugins/com.nxp.mcuxpresso.tools.win32_11.3.0.202008311133/tools/bin/../lib/gcc/arm-none-eabi/9.3.1/../../../../arm-none-eabi/lib/thumb/v8-m.main+fp/hard\libc_nano.a(lib_a-assert.o)
                                 0x3d (size before relaxing)
 .rodata._vfprintf_r.str1.1
                0x0000afe0       0x11 d:/programy/mcuxpressoide/ide/plugins/com.nxp.mcuxpresso.tools.win32_11.3.0.202008311133/tools/bin/../lib/gcc/arm-none-eabi/9.3.1/../../../../arm-none-eabi/lib/thumb/v8-m.main+fp/hard\libc_nano.a(lib_a-nano-vfprintf.o)
 .rodata._printf_i.str1.1
                0x0000aff1       0x22 d:/programy/mcuxpressoide/ide/plugins/com.nxp.mcuxpresso.tools.win32_11.3.0.202008311133/tools/bin/../lib/gcc/arm-none-eabi/9.3.1/../../../../arm-none-eabi/lib/thumb/v8-m.main+fp/hard\libc_nano.a(lib_a-nano-vfprintf_i.o)
 .rodata.initialise_monitor_handles.str1.1
                0x0000b013        0x4 d:/programy/mcuxpressoide/ide/plugins/com.nxp.mcuxpresso.tools.win32_11.3.0.202008311133/tools/bin/../lib/gcc/arm-none-eabi/9.3.1/../../../../arm-none-eabi/lib/thumb/v8-m.main+fp/hard\libcr_newlib_semihost.a(syscalls.o)
                0x0000b018                . = ALIGN (0x4)
 *fill*         0x0000b017        0x1 ff
                0x0000b018                . = ALIGN (0x4)
 *(.init)
 .init          0x0000b018        0x4 d:/programy/mcuxpressoide/ide/plugins/com.nxp.mcuxpresso.tools.win32_11.3.0.202008311133/tools/bin/../lib/gcc/arm-none-eabi/9.3.1/thumb/v8-m.main+fp/hard\crti.o
                0x0000b018                _init
 .init          0x0000b01c        0x8 d:/programy/mcuxpressoide/ide/plugins/com.nxp.mcuxpresso.tools.win32_11.3.0.202008311133/tools/bin/../lib/gcc/arm-none-eabi/9.3.1/thumb/v8-m.main+fp/hard\crtn.o
                0x0000b024                . = ALIGN (0x4)
                0x0000b024                __preinit_array_start = .
 *(SORT_BY_ALIGNMENT(.preinit_array))
                0x0000b024                __preinit_array_end = .
                0x0000b024                . = ALIGN (0x4)
                0x0000b024                __init_array_start = .
 *(SORT_BY_NAME(SORT_BY_ALIGNMENT(.init_array.*)))
 *(SORT_BY_ALIGNMENT(.init_array))
 .init_array    0x0000b024        0x4 d:/programy/mcuxpressoide/ide/plugins/com.nxp.mcuxpresso.tools.win32_11.3.0.202008311133/tools/bin/../lib/gcc/arm-none-eabi/9.3.1/thumb/v8-m.main+fp/hard\crtbegin.o
                0x0000b028                __init_array_end = .
 *(.fini)
 .fini          0x0000b028        0x4 d:/programy/mcuxpressoide/ide/plugins/com.nxp.mcuxpresso.tools.win32_11.3.0.202008311133/tools/bin/../lib/gcc/arm-none-eabi/9.3.1/thumb/v8-m.main+fp/hard\crti.o
                0x0000b028                _fini
 .fini          0x0000b02c        0x8 d:/programy/mcuxpressoide/ide/plugins/com.nxp.mcuxpresso.tools.win32_11.3.0.202008311133/tools/bin/../lib/gcc/arm-none-eabi/9.3.1/thumb/v8-m.main+fp/hard\crtn.o
                0x0000b034                . = ALIGN (0x4)
 *crtbegin.o(SORT_BY_ALIGNMENT(.ctors))
 *(SORT_BY_ALIGNMENT(EXCLUDE_FILE(*crtend.o) .ctors))
 *(SORT_BY_NAME(SORT_BY_ALIGNMENT(.ctors.*)))
 *crtend.o(SORT_BY_ALIGNMENT(.ctors))
                0x0000b034                . = ALIGN (0x4)
 *crtbegin.o(SORT_BY_ALIGNMENT(.dtors))
 *(SORT_BY_ALIGNMENT(EXCLUDE_FILE(*crtend.o) .dtors))
 *(SORT_BY_NAME(SORT_BY_ALIGNMENT(.dtors.*)))
 *crtend.o(SORT_BY_ALIGNMENT(.dtors))
                0x0000b034                . = ALIGN (0x4)

.glue_7         0x0000b034        0x0
 .glue_7        0x0000b034        0x0 linker stubs

.glue_7t        0x0000b034        0x0
 .glue_7t       0x0000b034        0x0 linker stubs

.vfp11_veneer   0x0000b034        0x0
 .vfp11_veneer  0x0000b034        0x0 linker stubs

.v4_bx          0x0000b034        0x0
 .v4_bx         0x0000b034        0x0 linker stubs

.iplt           0x0000b034        0x0
 .iplt          0x0000b034        0x0 ./utilities/fsl_debug_console.o

.ARM.extab
 *(SORT_BY_ALIGNMENT(.ARM.extab*) SORT_BY_ALIGNMENT(.gnu.linkonce.armextab.*))

.ARM.exidx      0x0000b034        0x8
                0x0000b034                __exidx_start = .
 *(SORT_BY_ALIGNMENT(.ARM.exidx*) SORT_BY_ALIGNMENT(.gnu.linkonce.armexidx.*))
 .ARM.exidx     0x0000b034        0x8 d:/programy/mcuxpressoide/ide/plugins/com.nxp.mcuxpresso.tools.win32_11.3.0.202008311133/tools/bin/../lib/gcc/arm-none-eabi/9.3.1/thumb/v8-m.main+fp/hard\libgcc.a(_udivmoddi4.o)
                0x0000b03c                __exidx_end = .
                0x0000b03c                _etext = .

.rel.dyn        0x0000b03c        0x0
 .rel.iplt      0x0000b03c        0x0 ./utilities/fsl_debug_console.o

.eh_frame       0x0000b03c        0x0
 .eh_frame      0x0000b03c        0x0 d:/programy/mcuxpressoide/ide/plugins/com.nxp.mcuxpresso.tools.win32_11.3.0.202008311133/tools/bin/../lib/gcc/arm-none-eabi/9.3.1/thumb/v8-m.main+fp/hard\crtbegin.o

.m_usb_data
 *(SORT_BY_ALIGNMENT(m_usb_global))

.data_RAM2      0x20040000        0x0 load address 0x0000b03c
 FILL mask 0xff
                [!provide]                PROVIDE (__start_data_RAM2 = .)
                [!provide]                PROVIDE (__start_data_SRAM4 = .)
 *(SORT_BY_ALIGNMENT(.ramfunc.$RAM2))
 *(SORT_BY_ALIGNMENT(.ramfunc.$SRAM4))
 *(SORT_BY_ALIGNMENT(.data.$RAM2))
 *(SORT_BY_ALIGNMENT(.data.$SRAM4))
 *(SORT_BY_ALIGNMENT(.data.$RAM2.*))
 *(SORT_BY_ALIGNMENT(.data.$SRAM4.*))
                0x20040000                . = ALIGN (0x4)
                [!provide]                PROVIDE (__end_data_RAM2 = .)
                [!provide]                PROVIDE (__end_data_SRAM4 = .)

.data_RAM3      0x04000000        0x0 load address 0x0000b03c
 FILL mask 0xff
                [!provide]                PROVIDE (__start_data_RAM3 = .)
                [!provide]                PROVIDE (__start_data_SRAMX = .)
 *(SORT_BY_ALIGNMENT(.ramfunc.$RAM3))
 *(SORT_BY_ALIGNMENT(.ramfunc.$SRAMX))
 *(SORT_BY_ALIGNMENT(.data.$RAM3))
 *(SORT_BY_ALIGNMENT(.data.$SRAMX))
 *(SORT_BY_ALIGNMENT(.data.$RAM3.*))
 *(SORT_BY_ALIGNMENT(.data.$SRAMX.*))
                0x04000000                . = ALIGN (0x4)
                [!provide]                PROVIDE (__end_data_RAM3 = .)
                [!provide]                PROVIDE (__end_data_SRAMX = .)

.data_RAM4      0x40100000        0x0 load address 0x0000b03c
 FILL mask 0xff
                [!provide]                PROVIDE (__start_data_RAM4 = .)
                [!provide]                PROVIDE (__start_data_USB_RAM = .)
 *(SORT_BY_ALIGNMENT(.ramfunc.$RAM4))
 *(SORT_BY_ALIGNMENT(.ramfunc.$USB_RAM))
 *(SORT_BY_ALIGNMENT(.data.$RAM4))
 *(SORT_BY_ALIGNMENT(.data.$USB_RAM))
 *(SORT_BY_ALIGNMENT(.data.$RAM4.*))
 *(SORT_BY_ALIGNMENT(.data.$USB_RAM.*))
                0x40100000                . = ALIGN (0x4)
                [!provide]                PROVIDE (__end_data_RAM4 = .)
                [!provide]                PROVIDE (__end_data_USB_RAM = .)

.uninit_RESERVED
                0x20000000        0x0
                0x20000000                _start_uninit_RESERVED = .
 *(SORT_BY_ALIGNMENT(.bss.$RESERVED*))
                0x20000000                . = ALIGN (0x4)
                0x20000000                _end_uninit_RESERVED = .

.data           0x20000000       0x6c load address 0x0000b03c
 FILL mask 0xff
                0x20000000                _data = .
                [!provide]                PROVIDE (__start_data_RAM = .)
                [!provide]                PROVIDE (__start_data_SRAM = .)
 *(SORT_BY_ALIGNMENT(vtable))
 *(SORT_BY_ALIGNMENT(.ramfunc*))
 *(SORT_BY_ALIGNMENT(CodeQuickAccess))
 *(SORT_BY_ALIGNMENT(DataQuickAccess))
 *(SORT_BY_ALIGNMENT(RamFunction))
 *(SORT_BY_ALIGNMENT(.data*))
 .data.s_Ext_Clk_Freq
                0x20000000        0x4 ./drivers/fsl_clock.o
 .data.SystemCoreClock
                0x20000004        0x4 ./device/system_LPC55S69_cm33_core0.o
                0x20000004                SystemCoreClock
 .data._impure_ptr
                0x20000008        0x4 d:/programy/mcuxpressoide/ide/plugins/com.nxp.mcuxpresso.tools.win32_11.3.0.202008311133/tools/bin/../lib/gcc/arm-none-eabi/9.3.1/../../../../arm-none-eabi/lib/thumb/v8-m.main+fp/hard\libc_nano.a(lib_a-impure.o)
                0x20000008                _impure_ptr
 .data.impure_data
                0x2000000c       0x60 d:/programy/mcuxpressoide/ide/plugins/com.nxp.mcuxpresso.tools.win32_11.3.0.202008311133/tools/bin/../lib/gcc/arm-none-eabi/9.3.1/../../../../arm-none-eabi/lib/thumb/v8-m.main+fp/hard\libc_nano.a(lib_a-impure.o)
                0x2000006c                . = ALIGN (0x4)
                0x2000006c                _edata = .
                [!provide]                PROVIDE (__end_data_RAM = .)
                [!provide]                PROVIDE (__end_data_SRAM = .)

.igot.plt       0x2000006c        0x0 load address 0x0000b0a8
 .igot.plt      0x2000006c        0x0 ./utilities/fsl_debug_console.o

.bss_RAM2       0x20040000        0x0
                [!provide]                PROVIDE (__start_bss_RAM2 = .)
                [!provide]                PROVIDE (__start_bss_SRAM4 = .)
 *(SORT_BY_ALIGNMENT(.bss.$RAM2))
 *(SORT_BY_ALIGNMENT(.bss.$SRAM4))
 *(SORT_BY_ALIGNMENT(.bss.$RAM2.*))
 *(SORT_BY_ALIGNMENT(.bss.$SRAM4.*))
                0x20040000                . = ALIGN ((. != 0x0)?0x4:0x1)
                [!provide]                PROVIDE (__end_bss_RAM2 = .)
                [!provide]                PROVIDE (__end_bss_SRAM4 = .)

.bss_RAM3       0x04000000        0x0
                [!provide]                PROVIDE (__start_bss_RAM3 = .)
                [!provide]                PROVIDE (__start_bss_SRAMX = .)
 *(SORT_BY_ALIGNMENT(.bss.$RAM3))
 *(SORT_BY_ALIGNMENT(.bss.$SRAMX))
 *(SORT_BY_ALIGNMENT(.bss.$RAM3.*))
 *(SORT_BY_ALIGNMENT(.bss.$SRAMX.*))
                0x04000000                . = ALIGN ((. != 0x0)?0x4:0x1)
                [!provide]                PROVIDE (__end_bss_RAM3 = .)
                [!provide]                PROVIDE (__end_bss_SRAMX = .)

.bss_RAM4       0x40100000        0x0
                [!provide]                PROVIDE (__start_bss_RAM4 = .)
                [!provide]                PROVIDE (__start_bss_USB_RAM = .)
 *(SORT_BY_ALIGNMENT(.bss.$RAM4))
 *(SORT_BY_ALIGNMENT(.bss.$USB_RAM))
 *(SORT_BY_ALIGNMENT(.bss.$RAM4.*))
 *(SORT_BY_ALIGNMENT(.bss.$USB_RAM.*))
                0x40100000                . = ALIGN ((. != 0x0)?0x4:0x1)
                [!provide]                PROVIDE (__end_bss_RAM4 = .)
                [!provide]                PROVIDE (__end_bss_USB_RAM = .)

.bss            0x2000006c      0x130
                0x2000006c                _bss = .
                [!provide]                PROVIDE (__start_bss_RAM = .)
                [!provide]                PROVIDE (__start_bss_SRAM = .)
 *(SORT_BY_ALIGNMENT(.bss*))
 .bss.s_debugConsoleState
                0x2000006c       0x20 ./utilities/fsl_debug_console.o
 .bss.g_serialHandle
                0x2000008c        0x4 ./utilities/fsl_debug_console.o
                0x2000008c                g_serialHandle
 .bss._ZL6i2c_tr
                0x20000090       0x18 ./source/ArduCAM/ArduCAM.o
 .bss._ZL6spi_tr
                0x200000a8       0x10 ./source/ArduCAM/ArduCAM.o
 .bss._ZZ4mainE1i
                0x200000b8        0x4 ./source/arducam-test.o
 .bss.s_Pll0_Freq
                0x200000bc        0x4 ./drivers/fsl_clock.o
 .bss.s_flexcommIrqHandler
                0x200000c0       0x24 ./drivers/fsl_flexcomm.o
 .bss.s_flexcommHandle
                0x200000e4       0x24 ./drivers/fsl_flexcomm.o
 .bss.g_configs
                0x20000108       0x12 ./drivers/fsl_spi.o
 *fill*         0x2000011a        0x2 
 .bss.s_dummyData
                0x2000011c        0x9 ./drivers/fsl_spi.o
                0x2000011c                s_dummyData
 *fill*         0x20000125        0x3 
 .bss.__malloc_free_list
                0x20000128        0x4 d:/programy/mcuxpressoide/ide/plugins/com.nxp.mcuxpresso.tools.win32_11.3.0.202008311133/tools/bin/../lib/gcc/arm-none-eabi/9.3.1/../../../../arm-none-eabi/lib/thumb/v8-m.main+fp/hard\libc_nano.a(lib_a-nano-mallocr.o)
                0x20000128                __malloc_free_list
 .bss.__malloc_sbrk_start
                0x2000012c        0x4 d:/programy/mcuxpressoide/ide/plugins/com.nxp.mcuxpresso.tools.win32_11.3.0.202008311133/tools/bin/../lib/gcc/arm-none-eabi/9.3.1/../../../../arm-none-eabi/lib/thumb/v8-m.main+fp/hard\libc_nano.a(lib_a-nano-mallocr.o)
                0x2000012c                __malloc_sbrk_start
 .bss.__end_of_heap
                0x20000130        0x4 d:/programy/mcuxpressoide/ide/plugins/com.nxp.mcuxpresso.tools.win32_11.3.0.202008311133/tools/bin/../lib/gcc/arm-none-eabi/9.3.1/../../../../arm-none-eabi/lib/thumb/v8-m.main+fp/hard\libcr_newlib_semihost.a(_cr_sbrk.o)
                0x20000130                __end_of_heap
 .bss.initialized.7076
                0x20000134        0x4 d:/programy/mcuxpressoide/ide/plugins/com.nxp.mcuxpresso.tools.win32_11.3.0.202008311133/tools/bin/../lib/gcc/arm-none-eabi/9.3.1/../../../../arm-none-eabi/lib/thumb/v8-m.main+fp/hard\libcr_newlib_semihost.a(syscalls.o)
 .bss.monitor_stderr
                0x20000138        0x4 d:/programy/mcuxpressoide/ide/plugins/com.nxp.mcuxpresso.tools.win32_11.3.0.202008311133/tools/bin/../lib/gcc/arm-none-eabi/9.3.1/../../../../arm-none-eabi/lib/thumb/v8-m.main+fp/hard\libcr_newlib_semihost.a(syscalls.o)
 .bss.monitor_stdin
                0x2000013c        0x4 d:/programy/mcuxpressoide/ide/plugins/com.nxp.mcuxpresso.tools.win32_11.3.0.202008311133/tools/bin/../lib/gcc/arm-none-eabi/9.3.1/../../../../arm-none-eabi/lib/thumb/v8-m.main+fp/hard\libcr_newlib_semihost.a(syscalls.o)
 .bss.monitor_stdout
                0x20000140        0x4 d:/programy/mcuxpressoide/ide/plugins/com.nxp.mcuxpresso.tools.win32_11.3.0.202008311133/tools/bin/../lib/gcc/arm-none-eabi/9.3.1/../../../../arm-none-eabi/lib/thumb/v8-m.main+fp/hard\libcr_newlib_semihost.a(syscalls.o)
 .bss.openfiles
                0x20000144       0x28 d:/programy/mcuxpressoide/ide/plugins/com.nxp.mcuxpresso.tools.win32_11.3.0.202008311133/tools/bin/../lib/gcc/arm-none-eabi/9.3.1/../../../../arm-none-eabi/lib/thumb/v8-m.main+fp/hard\libcr_newlib_semihost.a(syscalls.o)
 .bss           0x2000016c       0x1c d:/programy/mcuxpressoide/ide/plugins/com.nxp.mcuxpresso.tools.win32_11.3.0.202008311133/tools/bin/../lib/gcc/arm-none-eabi/9.3.1/thumb/v8-m.main+fp/hard\crtbegin.o
 .bss.s_debugConsoleReadWaitSemaphore
                0x20000188        0x1 ./utilities/fsl_debug_console.o
 *(SORT_BY_ALIGNMENT(COMMON))
 *fill*         0x20000189        0x3 
 COMMON         0x2000018c        0x4 d:/programy/mcuxpressoide/ide/plugins/com.nxp.mcuxpresso.tools.win32_11.3.0.202008311133/tools/bin/../lib/gcc/arm-none-eabi/9.3.1/../../../../arm-none-eabi/lib/thumb/v8-m.main+fp/hard\libc_nano.a(lib_a-reent.o)
                0x2000018c                errno
 COMMON         0x20000190        0x9 d:/programy/mcuxpressoide/ide/plugins/com.nxp.mcuxpresso.tools.win32_11.3.0.202008311133/tools/bin/../lib/gcc/arm-none-eabi/9.3.1/../../../../arm-none-eabi/lib/thumb/v8-m.main+fp/hard\libc_nano.a(lib_a-lock.o)
                0x20000190                __lock___atexit_recursive_mutex
                0x20000191                __lock___arc4random_mutex
                0x20000192                __lock___env_recursive_mutex
                0x20000193                __lock___sinit_recursive_mutex
                0x20000194                __lock___malloc_recursive_mutex
                0x20000195                __lock___at_quick_exit_mutex
                0x20000196                __lock___dd_hash_mutex
                0x20000197                __lock___tz_mutex
                0x20000198                __lock___sfp_recursive_mutex
                0x2000019c                . = ALIGN (0x4)
 *fill*         0x20000199        0x3 
                0x2000019c                _ebss = .
                [!provide]                PROVIDE (__end_bss_RAM = .)
                [!provide]                PROVIDE (__end_bss_SRAM = .)
                [!provide]                PROVIDE (end = .)

.noinit_RAM2    0x20040000        0x0
                [!provide]                PROVIDE (__start_noinit_RAM2 = .)
                [!provide]                PROVIDE (__start_noinit_SRAM4 = .)
 *(SORT_BY_ALIGNMENT(.noinit.$RAM2))
 *(SORT_BY_ALIGNMENT(.noinit.$SRAM4))
 *(SORT_BY_ALIGNMENT(.noinit.$RAM2.*))
 *(SORT_BY_ALIGNMENT(.noinit.$SRAM4.*))
                0x20040000                . = ALIGN (0x4)
                [!provide]                PROVIDE (__end_noinit_RAM2 = .)
                [!provide]                PROVIDE (__end_noinit_SRAM4 = .)

.noinit_RAM3    0x04000000        0x0
                [!provide]                PROVIDE (__start_noinit_RAM3 = .)
                [!provide]                PROVIDE (__start_noinit_SRAMX = .)
 *(SORT_BY_ALIGNMENT(.noinit.$RAM3))
 *(SORT_BY_ALIGNMENT(.noinit.$SRAMX))
 *(SORT_BY_ALIGNMENT(.noinit.$RAM3.*))
 *(SORT_BY_ALIGNMENT(.noinit.$SRAMX.*))
                0x04000000                . = ALIGN (0x4)
                [!provide]                PROVIDE (__end_noinit_RAM3 = .)
                [!provide]                PROVIDE (__end_noinit_SRAMX = .)

.noinit_RAM4    0x40100000        0x0
                [!provide]                PROVIDE (__start_noinit_RAM4 = .)
                [!provide]                PROVIDE (__start_noinit_USB_RAM = .)
 *(SORT_BY_ALIGNMENT(.noinit.$RAM4))
 *(SORT_BY_ALIGNMENT(.noinit.$USB_RAM))
 *(SORT_BY_ALIGNMENT(.noinit.$RAM4.*))
 *(SORT_BY_ALIGNMENT(.noinit.$USB_RAM.*))
                0x40100000                . = ALIGN (0x4)
                [!provide]                PROVIDE (__end_noinit_RAM4 = .)
                [!provide]                PROVIDE (__end_noinit_USB_RAM = .)

.noinit         0x2000019c        0x0
                0x2000019c                _noinit = .
                [!provide]                PROVIDE (__start_noinit_RAM = .)
                [!provide]                PROVIDE (__start_noinit_SRAM = .)
 *(SORT_BY_ALIGNMENT(.noinit*))
                0x2000019c                . = ALIGN (0x4)
                0x2000019c                _end_noinit = .
                [!provide]                PROVIDE (__end_noinit_RAM = .)
                [!provide]                PROVIDE (__end_noinit_SRAM = .)
                0x00001000                _HeapSize = 0x1000

.heap           0x2000019c     0x1000
                0x2000019c                _pvHeapStart = .
                0x2000119c                . = (. + _HeapSize)
 *fill*         0x2000019c     0x1000 
                0x2000119c                . = ALIGN (0x4)
                0x2000119c                _pvHeapLimit = .
                0x00001000                _StackSize = 0x1000

.heap2stackfill
                0x2000119c     0x1000
                0x2000219c                . = (. + _StackSize)
 *fill*         0x2000119c     0x1000 

.stack          0x2003f000        0x0
                0x2003f000                _vStackBase = .
                0x2003f000                . = ALIGN (0x4)
                0x20040000                _vStackTop = (. + _StackSize)
                [!provide]                PROVIDE (__valid_user_code_checksum = (0x0 - ((((((_vStackTop + (ResetISR + 0x1)) + (NMI_Handler + 0x1)) + (HardFault_Handler + 0x1)) + (DEFINED (MemManage_Handler)?MemManage_Handler:0x0 + 0x1)) + (DEFINED (BusFault_Handler)?BusFault_Handler:0x0 + 0x1)) + (DEFINED (UsageFault_Handler)?UsageFault_Handler:0x0 + 0x1))))
                0x00000000                _image_start = LOADADDR (.text)
                0x0000b0a8                _image_end = (LOADADDR (.data) + SIZEOF (.data))
                0x0000b0a8                _image_size = (_image_end - _image_start)
OUTPUT(arducam-test.axf elf32-littlearm)
LOAD linker stubs

.debug_info     0x00000000    0x28f4c
 .debug_info    0x00000000     0x1453 ./utilities/fsl_debug_console.o
 .debug_info    0x00001453     0x13da ./utilities/fsl_str.o
 .debug_info    0x0000282d      0x6fe ./startup/startup_lpc55s69_cm33_core0.o
 .debug_info    0x00002f2b     0x4216 ./source/ArduCAM/ArduCAM.o
 .debug_info    0x00007141     0x284d ./source/arducam-test.o
 .debug_info    0x0000998e       0x3c ./source/semihost_hardfault.o
 .debug_info    0x000099ca     0x3b55 ./drivers/fsl_clock.o
 .debug_info    0x0000d51f      0xb4b ./drivers/fsl_common.o
 .debug_info    0x0000e06a     0x236d ./drivers/fsl_flexcomm.o
 .debug_info    0x000103d7     0x2008 ./drivers/fsl_gpio.o