startup_lpc55s69_cm33_core0.cpp:450:14:void NMI_Handler()	0	static
startup_lpc55s69_cm33_core0.cpp:454:14:void HardFault_Handler()	0	static
startup_lpc55s69_cm33_core0.cpp:458:14:void MemManage_Handler()	0	static
startup_lpc55s69_cm33_core0.cpp:462:14:void BusFault_Handler()	0	static
startup_lpc55s69_cm33_core0.cpp:466:14:void UsageFault_Handler()	0	static
startup_lpc55s69_cm33_core0.cpp:470:14:void SecureFault_Handler()	0	static
startup_lpc55s69_cm33_core0.cpp:474:14:void SVC_Handler()	0	static
startup_lpc55s69_cm33_core0.cpp:478:14:void DebugMon_Handler()	0	static
startup_lpc55s69_cm33_core0.cpp:482:14:void PendSV_Handler()	0	static
startup_lpc55s69_cm33_core0.cpp:486:14:void SysTick_Handler()	0	static
startup_lpc55s69_cm33_core0.cpp:335:6:void data_init(unsigned int, unsigned int, unsigned int)	8	static
startup_lpc55s69_cm33_core0.cpp:344:6:void bss_init(unsigned int, unsigned int)	0	static
startup_lpc55s69_cm33_core0.cpp:369:6:void ResetISR()	16	static
startup_lpc55s69_cm33_core0.cpp:494:14:void IntDefaultHandler()	0	static
startup_lpc55s69_cm33_core0.cpp:504:11:void WDT_BOD_IRQHandler()	8	static
startup_lpc55s69_cm33_core0.cpp:508:11:void DMA0_IRQHandler()	8	static
startup_lpc55s69_cm33_core0.cpp:512:11:void GINT0_IRQHandler()	8	static
startup_lpc55s69_cm33_core0.cpp:516:11:void GINT1_IRQHandler()	8	static
startup_lpc55s69_cm33_core0.cpp:520:11:void PIN_INT0_IRQHandler()	8	static
startup_lpc55s69_cm33_core0.cpp:524:11:void PIN_INT1_IRQHandler()	8	static
startup_lpc55s69_cm33_core0.cpp:528:11:void PIN_INT2_IRQHandler()	8	static
startup_lpc55s69_cm33_core0.cpp:532:11:void PIN_INT3_IRQHandler()	8	static
startup_lpc55s69_cm33_core0.cpp:536:11:void UTICK0_IRQHandler()	8	static
startup_lpc55s69_cm33_core0.cpp:540:11:void MRT0_IRQHandler()	8	static
startup_lpc55s69_cm33_core0.cpp:544:11:void CTIMER0_IRQHandler()	8	static
startup_lpc55s69_cm33_core0.cpp:548:11:void CTIMER1_IRQHandler()	8	static
startup_lpc55s69_cm33_core0.cpp:552:11:void SCT0_IRQHandler()	8	static
startup_lpc55s69_cm33_core0.cpp:556:11:void CTIMER3_IRQHandler()	8	static
startup_lpc55s69_cm33_core0.cpp:560:11:void FLEXCOMM0_IRQHandler()	8	static
startup_lpc55s69_cm33_core0.cpp:564:11:void FLEXCOMM1_IRQHandler()	8	static
startup_lpc55s69_cm33_core0.cpp:568:11:void FLEXCOMM2_IRQHandler()	8	static
startup_lpc55s69_cm33_core0.cpp:572:11:void FLEXCOMM3_IRQHandler()	8	static
startup_lpc55s69_cm33_core0.cpp:576:11:void FLEXCOMM4_IRQHandler()	8	static
startup_lpc55s69_cm33_core0.cpp:580:11:void FLEXCOMM5_IRQHandler()	8	static
startup_lpc55s69_cm33_core0.cpp:584:11:void FLEXCOMM6_IRQHandler()	8	static
startup_lpc55s69_cm33_core0.cpp:588:11:void FLEXCOMM7_IRQHandler()	8	static
startup_lpc55s69_cm33_core0.cpp:592:11:void ADC0_IRQHandler()	8	static
startup_lpc55s69_cm33_core0.cpp:596:11:void Reserved39_IRQHandler()	8	static
startup_lpc55s69_cm33_core0.cpp:600:11:void ACMP_IRQHandler()	8	static
startup_lpc55s69_cm33_core0.cpp:604:11:void Reserved41_IRQHandler()	8	static
startup_lpc55s69_cm33_core0.cpp:608:11:void Reserved42_IRQHandler()	8	static
startup_lpc55s69_cm33_core0.cpp:612:11:void USB0_NEEDCLK_IRQHandler()	8	static
startup_lpc55s69_cm33_core0.cpp:616:11:void USB0_IRQHandler()	8	static
startup_lpc55s69_cm33_core0.cpp:620:11:void RTC_IRQHandler()	8	static
startup_lpc55s69_cm33_core0.cpp:624:11:void Reserved46_IRQHandler()	8	static
startup_lpc55s69_cm33_core0.cpp:628:11:void MAILBOX_IRQHandler()	8	static
startup_lpc55s69_cm33_core0.cpp:632:11:void PIN_INT4_IRQHandler()	8	static
startup_lpc55s69_cm33_core0.cpp:636:11:void PIN_INT5_IRQHandler()	8	static
startup_lpc55s69_cm33_core0.cpp:640:11:void PIN_INT6_IRQHandler()	8	static
startup_lpc55s69_cm33_core0.cpp:644:11:void PIN_INT7_IRQHandler()	8	static
startup_lpc55s69_cm33_core0.cpp:648:11:void CTIMER2_IRQHandler()	8	static
startup_lpc55s69_cm33_core0.cpp:652:11:void CTIMER4_IRQHandler()	8	static
startup_lpc55s69_cm33_core0.cpp:656:11:void OS_EVENT_IRQHandler()	8	static
startup_lpc55s69_cm33_core0.cpp:660:11:void Reserved55_IRQHandler()	8	static
startup_lpc55s69_cm33_core0.cpp:664:11:void Reserved56_IRQHandler()	8	static
startup_lpc55s69_cm33_core0.cpp:668:11:void Reserved57_IRQHandler()	8	static
startup_lpc55s69_cm33_core0.cpp:672:11:void SDIO_IRQHandler()	8	static
startup_lpc55s69_cm33_core0.cpp:676:11:void Reserved59_IRQHandler()	8	static
startup_lpc55s69_cm33_core0.cpp:680:11:void Reserved60_IRQHandler()	8	static
startup_lpc55s69_cm33_core0.cpp:684:11:void Reserved61_IRQHandler()	8	static
startup_lpc55s69_cm33_core0.cpp:688:11:void USB1_PHY_IRQHandler()	8	static
startup_lpc55s69_cm33_core0.cpp:692:11:void USB1_IRQHandler()	8	static
startup_lpc55s69_cm33_core0.cpp:696:11:void USB1_NEEDCLK_IRQHandler()	8	static
startup_lpc55s69_cm33_core0.cpp:700:11:void SEC_HYPERVISOR_CALL_IRQHandler()	8	static
startup_lpc55s69_cm33_core0.cpp:704:11:void SEC_GPIO_INT0_IRQ0_IRQHandler()	8	static
startup_lpc55s69_cm33_core0.cpp:708:11:void SEC_GPIO_INT0_IRQ1_IRQHandler()	8	static
startup_lpc55s69_cm33_core0.cpp:712:11:void PLU_IRQHandler()	8	static
startup_lpc55s69_cm33_core0.cpp:716:11:void SEC_VIO_IRQHandler()	8	static
startup_lpc55s69_cm33_core0.cpp:720:11:void HASHCRYPT_IRQHandler()	8	static
startup_lpc55s69_cm33_core0.cpp:724:11:void CASER_IRQHandler()	8	static
startup_lpc55s69_cm33_core0.cpp:728:11:void PUF_IRQHandler()	8	static
startup_lpc55s69_cm33_core0.cpp:732:11:void PQ_IRQHandler()	8	static
startup_lpc55s69_cm33_core0.cpp:736:11:void DMA1_IRQHandler()	8	static
startup_lpc55s69_cm33_core0.cpp:740:11:void FLEXCOMM8_IRQHandler()	8	static
