Archive member included to satisfy reference by file (symbol)

C:\Users\kornel\Documents\MCUXpressoIDE_11.3.0_5222\workspace\arducam-test\LPC55S69\mcuxpresso\libpower_hardabi.a(fsl_power_lib.o)
                              ./drivers/fsl_clock.o (POWER_SetVoltageForFreq)
e:/programy/mcuxpressoide/ide/plugins/com.nxp.mcuxpresso.tools.win32_11.3.0.202008311133/tools/bin/../lib/gcc/arm-none-eabi/9.3.1/thumb/v8-m.main+fp/hard\libgcc.a(_aeabi_ldivmod.o)
                              ./drivers/fsl_clock.o (__aeabi_ldivmod)
e:/programy/mcuxpressoide/ide/plugins/com.nxp.mcuxpresso.tools.win32_11.3.0.202008311133/tools/bin/../lib/gcc/arm-none-eabi/9.3.1/thumb/v8-m.main+fp/hard\libgcc.a(_aeabi_uldivmod.o)
                              ./drivers/fsl_clock.o (__aeabi_uldivmod)
e:/programy/mcuxpressoide/ide/plugins/com.nxp.mcuxpresso.tools.win32_11.3.0.202008311133/tools/bin/../lib/gcc/arm-none-eabi/9.3.1/thumb/v8-m.main+fp/hard\libgcc.a(_fixunssfdi.o)
                              ./device/system_LPC55S69_cm33_core0.o (__aeabi_f2ulz)
e:/programy/mcuxpressoide/ide/plugins/com.nxp.mcuxpresso.tools.win32_11.3.0.202008311133/tools/bin/../lib/gcc/arm-none-eabi/9.3.1/thumb/v8-m.main+fp/hard\libgcc.a(_udivmoddi4.o)
                              e:/programy/mcuxpressoide/ide/plugins/com.nxp.mcuxpresso.tools.win32_11.3.0.202008311133/tools/bin/../lib/gcc/arm-none-eabi/9.3.1/thumb/v8-m.main+fp/hard\libgcc.a(_aeabi_ldivmod.o) (__udivmoddi4)
e:/programy/mcuxpressoide/ide/plugins/com.nxp.mcuxpresso.tools.win32_11.3.0.202008311133/tools/bin/../lib/gcc/arm-none-eabi/9.3.1/thumb/v8-m.main+fp/hard\libgcc.a(_arm_muldf3.o)
                              e:/programy/mcuxpressoide/ide/plugins/com.nxp.mcuxpresso.tools.win32_11.3.0.202008311133/tools/bin/../lib/gcc/arm-none-eabi/9.3.1/thumb/v8-m.main+fp/hard\libgcc.a(_fixunssfdi.o) (__aeabi_dmul)
e:/programy/mcuxpressoide/ide/plugins/com.nxp.mcuxpresso.tools.win32_11.3.0.202008311133/tools/bin/../lib/gcc/arm-none-eabi/9.3.1/thumb/v8-m.main+fp/hard\libgcc.a(_dvmd_tls.o)
                              e:/programy/mcuxpressoide/ide/plugins/com.nxp.mcuxpresso.tools.win32_11.3.0.202008311133/tools/bin/../lib/gcc/arm-none-eabi/9.3.1/thumb/v8-m.main+fp/hard\libgcc.a(_aeabi_ldivmod.o) (__aeabi_ldiv0)
e:/programy/mcuxpressoide/ide/plugins/com.nxp.mcuxpresso.tools.win32_11.3.0.202008311133/tools/bin/../lib/gcc/arm-none-eabi/9.3.1/thumb/v8-m.main+fp/hard\libgcc.a(_arm_addsubdf3.o)
                              e:/programy/mcuxpressoide/ide/plugins/com.nxp.mcuxpresso.tools.win32_11.3.0.202008311133/tools/bin/../lib/gcc/arm-none-eabi/9.3.1/thumb/v8-m.main+fp/hard\libgcc.a(_fixunssfdi.o) (__aeabi_dsub)
e:/programy/mcuxpressoide/ide/plugins/com.nxp.mcuxpresso.tools.win32_11.3.0.202008311133/tools/bin/../lib/gcc/arm-none-eabi/9.3.1/thumb/v8-m.main+fp/hard\libgcc.a(_arm_fixunsdfsi.o)
                              e:/programy/mcuxpressoide/ide/plugins/com.nxp.mcuxpresso.tools.win32_11.3.0.202008311133/tools/bin/../lib/gcc/arm-none-eabi/9.3.1/thumb/v8-m.main+fp/hard\libgcc.a(_fixunssfdi.o) (__aeabi_d2uiz)
e:/programy/mcuxpressoide/ide/plugins/com.nxp.mcuxpresso.tools.win32_11.3.0.202008311133/tools/bin/../lib/gcc/arm-none-eabi/9.3.1/../../../../arm-none-eabi/lib/thumb/v8-m.main+fp/hard\libc_nano.a(lib_a-abs.o)
                              ./source/lcd/lcd.o (abs)
e:/programy/mcuxpressoide/ide/plugins/com.nxp.mcuxpresso.tools.win32_11.3.0.202008311133/tools/bin/../lib/gcc/arm-none-eabi/9.3.1/../../../../arm-none-eabi/lib/thumb/v8-m.main+fp/hard\libc_nano.a(lib_a-errno.o)
                              ./utilities/fsl_str.o (__errno)
e:/programy/mcuxpressoide/ide/plugins/com.nxp.mcuxpresso.tools.win32_11.3.0.202008311133/tools/bin/../lib/gcc/arm-none-eabi/9.3.1/../../../../arm-none-eabi/lib/thumb/v8-m.main+fp/hard\libc_nano.a(lib_a-impure.o)
                              e:/programy/mcuxpressoide/ide/plugins/com.nxp.mcuxpresso.tools.win32_11.3.0.202008311133/tools/bin/../lib/gcc/arm-none-eabi/9.3.1/../../../../arm-none-eabi/lib/thumb/v8-m.main+fp/hard\libc_nano.a(lib_a-errno.o) (_impure_ptr)
e:/programy/mcuxpressoide/ide/plugins/com.nxp.mcuxpresso.tools.win32_11.3.0.202008311133/tools/bin/../lib/gcc/arm-none-eabi/9.3.1/../../../../arm-none-eabi/lib/thumb/v8-m.main+fp/hard\libc_nano.a(lib_a-init.o)
                              ./startup/startup_lpc55s69_cm33_core0.o (__libc_init_array)
e:/programy/mcuxpressoide/ide/plugins/com.nxp.mcuxpresso.tools.win32_11.3.0.202008311133/tools/bin/../lib/gcc/arm-none-eabi/9.3.1/../../../../arm-none-eabi/lib/thumb/v8-m.main+fp/hard\libc_nano.a(lib_a-malloc.o)
                              ./source/cpp_config.o (malloc)
e:/programy/mcuxpressoide/ide/plugins/com.nxp.mcuxpresso.tools.win32_11.3.0.202008311133/tools/bin/../lib/gcc/arm-none-eabi/9.3.1/../../../../arm-none-eabi/lib/thumb/v8-m.main+fp/hard\libc_nano.a(lib_a-memcpy-stub.o)
                              ./utilities/fsl_str.o (memcpy)
[...]
Memory Configuration

Name             Origin             Length             Attributes
PROGRAM_FLASH    0x00000000         0x00098000         xr
SRAM             0x20000000         0x00040000         xrw
SRAM4            0x20040000         0x00004000         xrw
SRAMX            0x04000000         0x00008000         xrw
USB_RAM          0x40100000         0x00004000         xrw
*default*        0x00000000         0xffffffff

Linker script and memory map

LOAD ./utilities/fsl_debug_console.o
LOAD ./utilities/fsl_str.o
LOAD ./startup/boot_multicore_slave.o
LOAD ./startup/startup_lpc55s69_cm33_core0.o
LOAD ./source/lcd/lcd.o
LOAD ./source/ArduCAM/ArduCAM.o
LOAD ./source/arducam-test.o
LOAD ./source/cpp_config.o
LOAD ./source/semihost_hardfault.o
LOAD ./drivers/fsl_clock.o
LOAD ./drivers/fsl_common.o
LOAD ./drivers/fsl_flexcomm.o
LOAD ./drivers/fsl_gpio.o
LOAD ./drivers/fsl_i2c.o
LOAD ./drivers/fsl_reset.o
LOAD ./drivers/fsl_spi.o
LOAD ./drivers/fsl_usart.o
LOAD ./device/system_LPC55S69_cm33_core0.o
LOAD ./component/uart/fsl_adapter_usart.o
LOAD ./component/serial_manager/fsl_component_serial_manager.o
LOAD ./component/serial_manager/fsl_component_serial_port_uart.o
LOAD ./component/lists/fsl_component_generic_list.o
LOAD ./board/board.o
LOAD ./board/clock_config.o
LOAD ./board/peripherals.o
LOAD ./board/pin_mux.o
LOAD ./LPC55S69/drivers/fsl_power.o
LOAD C:\Users\kornel\Documents\MCUXpressoIDE_11.3.0_5222\workspace\arducam-test\LPC55S69\mcuxpresso\libpower_hardabi.a
START GROUP
LOAD e:/programy/mcuxpressoide/ide/plugins/com.nxp.mcuxpresso.tools.win32_11.3.0.202008311133/tools/bin/../lib/gcc/arm-none-eabi/9.3.1/thumb/v8-m.main+fp/hard\libgcc.a
LOAD e:/programy/mcuxpressoide/ide/plugins/com.nxp.mcuxpresso.tools.win32_11.3.0.202008311133/tools/bin/../lib/gcc/arm-none-eabi/9.3.1/../../../../arm-none-eabi/lib/thumb/v8-m.main+fp/hard\libc_nano.a
LOAD e:/programy/mcuxpressoide/ide/plugins/com.nxp.mcuxpresso.tools.win32_11.3.0.202008311133/tools/bin/../lib/gcc/arm-none-eabi/9.3.1/../../../../arm-none-eabi/lib/thumb/v8-m.main+fp/hard\libstdc++_nano.a
LOAD e:/programy/mcuxpressoide/ide/plugins/com.nxp.mcuxpresso.tools.win32_11.3.0.202008311133/tools/bin/../lib/gcc/arm-none-eabi/9.3.1/../../../../arm-none-eabi/lib/thumb/v8-m.main+fp/hard\libm.a
LOAD e:/programy/mcuxpressoide/ide/plugins/com.nxp.mcuxpresso.tools.win32_11.3.0.202008311133/tools/bin/../lib/gcc/arm-none-eabi/9.3.1/../../../../arm-none-eabi/lib/thumb/v8-m.main+fp/hard\libcr_newlib_semihost.a
LOAD e:/programy/mcuxpressoide/ide/plugins/com.nxp.mcuxpresso.tools.win32_11.3.0.202008311133/tools/bin/../lib/gcc/arm-none-eabi/9.3.1/thumb/v8-m.main+fp/hard\crti.o
LOAD e:/programy/mcuxpressoide/ide/plugins/com.nxp.mcuxpresso.tools.win32_11.3.0.202008311133/tools/bin/../lib/gcc/arm-none-eabi/9.3.1/thumb/v8-m.main+fp/hard\crtn.o
LOAD e:/programy/mcuxpressoide/ide/plugins/com.nxp.mcuxpresso.tools.win32_11.3.0.202008311133/tools/bin/../lib/gcc/arm-none-eabi/9.3.1/thumb/v8-m.main+fp/hard\crtbegin.o
LOAD e:/programy/mcuxpressoide/ide/plugins/com.nxp.mcuxpresso.tools.win32_11.3.0.202008311133/tools/bin/../lib/gcc/arm-none-eabi/9.3.1/thumb/v8-m.main+fp/hard\crtend.o
END GROUP
                0x00000000                __base_PROGRAM_FLASH = 0x0
                0x00000000                __base_Flash = 0x0
                0x00098000                __top_PROGRAM_FLASH = 0x98000
                0x00098000                __top_Flash = 0x98000
                0x20000000                __base_SRAM = 0x20000000
                0x20000000                __base_RAM = 0x20000000
                0x20040000                __top_SRAM = 0x20040000
                0x20040000                __top_RAM = 0x20040000
                0x20040000                __base_SRAM4 = 0x20040000
                0x20040000                __base_RAM2 = 0x20040000
                0x20044000                __top_SRAM4 = 0x20044000
                0x20044000                __top_RAM2 = 0x20044000
                0x04000000                __base_SRAMX = 0x4000000
                0x04000000                __base_RAM3 = 0x4000000
                0x04008000                __top_SRAMX = 0x4008000
                0x04008000                __top_RAM3 = 0x4008000
                0x40100000                __base_USB_RAM = 0x40100000
                0x40100000                __base_RAM4 = 0x40100000
                0x40104000                __top_USB_RAM = 0x40104000
                0x40104000                __top_RAM4 = 0x40104000

.text           0x00000000     0x7ec4
 FILL mask 0xff
                0x00000000                __vectors_start__ = ABSOLUTE (.)
 *(SORT_BY_ALIGNMENT(.isr_vector))
 .isr_vector    0x00000000      0x130 ./startup/startup_lpc55s69_cm33_core0.o
                0x00000000                g_pfnVectors
                0x00000000                __Vectors
                0x00000130                . = ALIGN (0x4)
                0x00000130                __section_table_start = .
                0x00000130                __data_section_table = .
                0x00000130        0x4 LONG 0x7ecc LOADADDR (.data)
                0x00000134        0x4 LONG 0x20000000 ADDR (.data)
                0x00000138        0x4 LONG 0x6c SIZEOF (.data)
                0x0000013c        0x4 LONG 0x7ecc LOADADDR (.data_RAM2)
                0x00000140        0x4 LONG 0x20040000 ADDR (.data_RAM2)
                0x00000144        0x4 LONG 0x0 SIZEOF (.data_RAM2)
                0x00000148        0x4 LONG 0x7ecc LOADADDR (.data_RAM3)
                0x0000014c        0x4 LONG 0x4000000 ADDR (.data_RAM3)
                0x00000150        0x4 LONG 0x0 SIZEOF (.data_RAM3)
                0x00000154        0x4 LONG 0x7ecc LOADADDR (.data_RAM4)
                0x00000158        0x4 LONG 0x40100000 ADDR (.data_RAM4)
                0x0000015c        0x4 LONG 0x0 SIZEOF (.data_RAM4)
                0x00000160                __data_section_table_end = .
                0x00000160                __bss_section_table = .
                0x00000160        0x4 LONG 0x2000006c ADDR (.bss)
                0x00000164        0x4 LONG 0x104 SIZEOF (.bss)
                0x00000168        0x4 LONG 0x20040000 ADDR (.bss_RAM2)
                0x0000016c        0x4 LONG 0x0 SIZEOF (.bss_RAM2)
                0x00000170        0x4 LONG 0x4000000 ADDR (.bss_RAM3)
                0x00000174        0x4 LONG 0x0 SIZEOF (.bss_RAM3)
                0x00000178        0x4 LONG 0x40100000 ADDR (.bss_RAM4)
                0x0000017c        0x4 LONG 0x0 SIZEOF (.bss_RAM4)
                0x00000180                __bss_section_table_end = .
                0x00000180                __section_table_end = .
 *(SORT_BY_ALIGNMENT(.after_vectors*))
 .after_vectors.reset
                0x00000180       0x4c ./startup/startup_lpc55s69_cm33_core0.o
                0x00000180                ResetISR
 .after_vectors
                0x000001cc       0x16 ./startup/startup_lpc55s69_cm33_core0.o
                0x000001cc                NMI_Handler
                0x000001d0                MemManage_Handler
                0x000001d2                BusFault_Handler
                0x000001d4                UsageFault_Handler
                0x000001d6                SecureFault_Handler
                0x000001d8                SVC_Handler
                0x000001da                DebugMon_Handler
                0x000001dc                PendSV_Handler
                0x000001de                SysTick_Handler
                0x000001e0                Reserved56_DriverIRQHandler
                0x000001e0                PIN_INT0_DriverIRQHandler
                0x000001e0                CTIMER2_DriverIRQHandler
                0x000001e0                PIN_INT2_DriverIRQHandler
                0x000001e0                PIN_INT3_DriverIRQHandler
                0x000001e0                IntDefaultHandler
                0x000001e0                USB0_DriverIRQHandler
                0x000001e0                CASER_DriverIRQHandler
                0x000001e0                MRT0_DriverIRQHandler
                0x000001e0                UTICK0_DriverIRQHandler
                0x000001e0                Reserved41_DriverIRQHandler
                0x000001e0                PIN_INT4_DriverIRQHandler
                0x000001e0                PIN_INT5_DriverIRQHandler
                0x000001e0                SEC_GPIO_INT0_IRQ0_DriverIRQHandler
                0x000001e0                CTIMER4_DriverIRQHandler
                0x000001e0                GINT1_DriverIRQHandler
                0x000001e0                PIN_INT7_DriverIRQHandler
                0x000001e0                Reserved55_DriverIRQHandler
                0x000001e0                SEC_VIO_DriverIRQHandler
                0x000001e0                USB0_NEEDCLK_DriverIRQHandler
                0x000001e0                CTIMER0_DriverIRQHandler
                0x000001e0                CTIMER1_DriverIRQHandler
                0x000001e0                Reserved42_DriverIRQHandler
                0x000001e0                PIN_INT6_DriverIRQHandler
                0x000001e0                PQ_DriverIRQHandler
                0x000001e0                MAILBOX_DriverIRQHandler
                0x000001e0                PIN_INT1_DriverIRQHandler
                0x000001e0                CTIMER3_DriverIRQHandler
                0x000001e0                Reserved61_DriverIRQHandler
                0x000001e0                SEC_GPIO_INT0_IRQ1_DriverIRQHandler
                0x000001e0                PUF_DriverIRQHandler
                0x000001e0                RTC_DriverIRQHandler
                0x000001e0                DMA0_DriverIRQHandler
                0x000001e0                Reserved39_DriverIRQHandler
                0x000001e0                USB1_DriverIRQHandler
                0x000001e0                Reserved60_DriverIRQHandler
                0x000001e0                DMA1_DriverIRQHandler
                0x000001e0                ADC0_DriverIRQHandler
                0x000001e0                USB1_NEEDCLK_DriverIRQHandler
                0x000001e0                Reserved59_DriverIRQHandler
                0x000001e0                SDIO_DriverIRQHandler
                0x000001e0                GINT0_DriverIRQHandler
                0x000001e0                USB1_PHY_DriverIRQHandler
                0x000001e0                ACMP_DriverIRQHandler
                0x000001e0                Reserved57_DriverIRQHandler
                0x000001e0                HASHCRYPT_DriverIRQHandler
                0x000001e0                Reserved46_DriverIRQHandler
                0x000001e0                WDT_BOD_DriverIRQHandler
                0x000001e0                SCT0_DriverIRQHandler
                0x000001e0                PLU_DriverIRQHandler
                0x000001e0                OS_EVENT_DriverIRQHandler
                0x000001e0                SEC_HYPERVISOR_CALL_DriverIRQHandler
 .after_vectors.init_data
                0x000001e2       0x12 ./startup/startup_lpc55s69_cm33_core0.o
                0x000001e2                data_init(unsigned int, unsigned int, unsigned int)
 .after_vectors.init_bss
                0x000001f4       0x10 ./startup/startup_lpc55s69_cm33_core0.o
                0x000001f4                bss_init(unsigned int, unsigned int)
 *(SORT_BY_ALIGNMENT(.text*))
 .text._ZL5delaym
                0x00000204       0x10 ./source/ArduCAM/ArduCAM.o
 .text._ZL8send_i2chPhh
                0x00000214       0x20 ./source/ArduCAM/ArduCAM.o
 .text._ZL8read_i2chPhh
                0x00000234       0x20 ./source/ArduCAM/ArduCAM.o
 .text._ZN7ArduCAM9bus_writeEii
                0x00000254       0x34 ./source/ArduCAM/ArduCAM.o
                0x00000254                ArduCAM::bus_write(int, int)
 .text._ZN7ArduCAM8bus_readEi
                0x00000288       0x3c ./source/ArduCAM/ArduCAM.o
                0x00000288                ArduCAM::bus_read(int)
 .text._ZN7ArduCAM20OV5642_set_JPEG_sizeEh
                0x000002c4       0x4c ./source/ArduCAM/ArduCAM.o
                0x000002c4                ArduCAM::OV5642_set_JPEG_size(unsigned char)
 .text._ZN7ArduCAM7InitCAMEv
                0x00000310      0x134 ./source/ArduCAM/ArduCAM.o
                0x00000310                ArduCAM::InitCAM()
 .text._Z5delaym
                0x00000444       0x10 ./source/arducam-test.o
                0x00000444                delay(unsigned long)
 .text._Z12arducam_testv
                0x00000454       0xd8 ./source/arducam-test.o
                0x00000454                arducam_test()
 .text.startup.main
                0x0000052c       0x30 ./source/arducam-test.o
                0x0000052c                main
 .text.CLOCK_AttachClk
                0x0000055c       0x50 ./drivers/fsl_clock.o
                0x0000055c                CLOCK_AttachClk
 .text.CLOCK_SetupFROClocking
                0x000005ac       0x5c ./drivers/fsl_clock.o
                0x000005ac                CLOCK_SetupFROClocking
 .text.CLOCK_SetFLASHAccessCyclesForFreq
                0x00000608       0xe8 ./drivers/fsl_clock.o
                0x00000608                CLOCK_SetFLASHAccessCyclesForFreq
 .text.CLOCK_SetupExtClocking
                0x000006f0       0x40 ./drivers/fsl_clock.o
                0x000006f0                CLOCK_SetupExtClocking
 .text.CLOCK_GetFro1MFreq
                0x00000730       0x18 ./drivers/fsl_clock.o
                0x00000730                CLOCK_GetFro1MFreq
 .text.CLOCK_GetExtClkFreq
                0x00000748       0x18 ./drivers/fsl_clock.o
                0x00000748                CLOCK_GetExtClkFreq
 .text.CLOCK_GetOsc32KFreq
                0x00000760       0x3c ./drivers/fsl_clock.o
                0x00000760                CLOCK_GetOsc32KFreq
 .text.CLOCK_GetPLL0InClockRate
                0x0000079c       0x30 ./drivers/fsl_clock.o
                0x0000079c                CLOCK_GetPLL0InClockRate
 .text.CLOCK_SetPLL0Freq
                0x000007cc       0xb8 ./drivers/fsl_clock.o
                0x000007cc                CLOCK_SetPLL0Freq
 .text.SDK_DelayAtLeastUs
                0x00000884       0x20 ./drivers/fsl_common.o
                0x00000884                SDK_DelayAtLeastUs
 .text.FLEXCOMM_GetInstance
                0x000008a4       0x1c ./drivers/fsl_flexcomm.o
                0x000008a4                FLEXCOMM_GetInstance
 .text.FLEXCOMM_Init
                0x000008c0       0x7c ./drivers/fsl_flexcomm.o
                0x000008c0                FLEXCOMM_Init
 .text.FLEXCOMM0_DriverIRQHandler
                0x0000093c       0x18 ./drivers/fsl_flexcomm.o
                0x0000093c                FLEXCOMM0_DriverIRQHandler
 .text.FLEXCOMM1_DriverIRQHandler
                0x00000954       0x18 ./drivers/fsl_flexcomm.o
                0x00000954                FLEXCOMM1_DriverIRQHandler
 .text.FLEXCOMM2_DriverIRQHandler
                0x0000096c       0x18 ./drivers/fsl_flexcomm.o
                0x0000096c                FLEXCOMM2_DriverIRQHandler
 .text.FLEXCOMM3_DriverIRQHandler
                0x00000984       0x18 ./drivers/fsl_flexcomm.o
                0x00000984                FLEXCOMM3_DriverIRQHandler
 .text.FLEXCOMM4_DriverIRQHandler
                0x0000099c       0x18 ./drivers/fsl_flexcomm.o
                0x0000099c                FLEXCOMM4_DriverIRQHandler
 .text.FLEXCOMM5_DriverIRQHandler
                0x000009b4       0x18 ./drivers/fsl_flexcomm.o
                0x000009b4                FLEXCOMM5_DriverIRQHandler
 .text.FLEXCOMM6_DriverIRQHandler
                0x000009cc       0x18 ./drivers/fsl_flexcomm.o
                0x000009cc                FLEXCOMM6_DriverIRQHandler
 .text.FLEXCOMM7_DriverIRQHandler
                0x000009e4       0x18 ./drivers/fsl_flexcomm.o
                0x000009e4                FLEXCOMM7_DriverIRQHandler
 .text.FLEXCOMM8_DriverIRQHandler
                0x000009fc       0x18 ./drivers/fsl_flexcomm.o
                0x000009fc                FLEXCOMM8_DriverIRQHandler
 .text.GPIO_PinInit
                0x00000a14       0x58 ./drivers/fsl_gpio.o
                0x00000a14                GPIO_PinInit
 .text.I2C_MasterSetBaudRate
                0x00000a6c       0xb4 ./drivers/fsl_i2c.o
                0x00000a6c                I2C_MasterSetBaudRate
 .text.SPI_GetInstance
                0x00000b20       0x1c ./drivers/fsl_spi.o
                0x00000b20                SPI_GetInstance
 .text.SPI_SetDummyData
                0x00000b3c       0x14 ./drivers/fsl_spi.o
                0x00000b3c                SPI_SetDummyData
 .text.SPI_MasterInit
                0x00000b50      0x11c ./drivers/fsl_spi.o
                0x00000b50                SPI_MasterInit
 .text.SPI_MasterTransferBlocking
                0x00000c6c      0x168 ./drivers/fsl_spi.o
                0x00000c6c                SPI_MasterTransferBlocking
 .text.SystemInit
                0x00000dd4       0x50 ./device/system_LPC55S69_cm33_core0.o
                0x00000dd4                SystemInit
 .text.BOARD_InitDebugConsole
                0x00000e24       0x18 ./board/board.o
                0x00000e24                BOARD_InitDebugConsole
 .text.BOARD_BootClockPLL150M
                0x00000e3c       0xe8 ./board/clock_config.o
                0x00000e3c                BOARD_BootClockPLL150M
 .text.BOARD_InitPeripherals
                0x00000f24       0x44 ./board/peripherals.o
                0x00000f24                BOARD_InitPeripherals
 .text.BOARD_InitPins
                0x00000f68       0xc4 ./board/pin_mux.o
                0x00000f68                BOARD_InitPins
 .text.lowpower_set_system_voltage
                0x0000102c       0xa0 C:\Users\kornel\Documents\MCUXpressoIDE_11.3.0_5222\workspace\arducam-test\LPC55S69\mcuxpresso\libpower_hardabi.a(fsl_power_lib.o)
 .text.lowpower_set_voltage_for_process
                0x000010cc       0x84 C:\Users\kornel\Documents\MCUXpressoIDE_11.3.0_5222\workspace\arducam-test\LPC55S69\mcuxpresso\libpower_hardabi.a(fsl_power_lib.o)
 .text.POWER_SetVoltageForFreq
                0x00001150       0x84 C:\Users\kornel\Documents\MCUXpressoIDE_11.3.0_5222\workspace\arducam-test\LPC55S69\mcuxpresso\libpower_hardabi.a(fsl_power_lib.o)
                0x00001150                POWER_SetVoltageForFreq
 .text          0x000011d4       0x30 e:/programy/mcuxpressoide/ide/plugins/com.nxp.mcuxpresso.tools.win32_11.3.0.202008311133/tools/bin/../lib/gcc/arm-none-eabi/9.3.1/thumb/v8-m.main+fp/hard\libgcc.a(_aeabi_uldivmod.o)
                0x000011d4                __aeabi_uldivmod
 .text          0x00001204      0x2e8 e:/programy/mcuxpressoide/ide/plugins/com.nxp.mcuxpresso.tools.win32_11.3.0.202008311133/tools/bin/../lib/gcc/arm-none-eabi/9.3.1/thumb/v8-m.main+fp/hard\libgcc.a(_udivmoddi4.o)
                0x00001204                __udivmoddi4
 .text          0x000014ec        0x4 e:/programy/mcuxpressoide/ide/plugins/com.nxp.mcuxpresso.tools.win32_11.3.0.202008311133/tools/bin/../lib/gcc/arm-none-eabi/9.3.1/thumb/v8-m.main+fp/hard\libgcc.a(_dvmd_tls.o)
                0x000014ec                __aeabi_idiv0
                0x000014ec                __aeabi_ldiv0
 .text.__errno  0x000014f0        0xc e:/programy/mcuxpressoide/ide/plugins/com.nxp.mcuxpresso.tools.win32_11.3.0.202008311133/tools/bin/../lib/gcc/arm-none-eabi/9.3.1/../../../../arm-none-eabi/lib/thumb/v8-m.main+fp/hard\libc_nano.a(lib_a-errno.o)
                0x000014f0                __errno
 .text.__libc_init_array
                0x000014fc       0x48 e:/programy/mcuxpressoide/ide/plugins/com.nxp.mcuxpresso.tools.win32_11.3.0.202008311133/tools/bin/../lib/gcc/arm-none-eabi/9.3.1/../../../../arm-none-eabi/lib/thumb/v8-m.main+fp/hard\libc_nano.a(lib_a-init.o)
                0x000014fc                __libc_init_array
 .text._free_r  0x00001544       0xa0 e:/programy/mcuxpressoide/ide/plugins/com.nxp.mcuxpresso.tools.win32_11.3.0.202008311133/tools/bin/../lib/gcc/arm-none-eabi/9.3.1/../../../../arm-none-eabi/lib/thumb/v8-m.main+fp/hard\libc_nano.a(lib_a-nano-freer.o)
                0x00001544                _free_r
 .text._malloc_r
                0x000015e4       0xb4 e:/programy/mcuxpressoide/ide/plugins/com.nxp.mcuxpresso.tools.win32_11.3.0.202008311133/tools/bin/../lib/gcc/arm-none-eabi/9.3.1/../../../../arm-none-eabi/lib/thumb/v8-m.main+fp/hard\libc_nano.a(lib_a-nano-mallocr.o)
                0x000015e4                _malloc_r
 .text.printf   0x00001698       0x30 e:/programy/mcuxpressoide/ide/plugins/com.nxp.mcuxpresso.tools.win32_11.3.0.202008311133/tools/bin/../lib/gcc/arm-none-eabi/9.3.1/../../../../arm-none-eabi/lib/thumb/v8-m.main+fp/hard\libc_nano.a(lib_a-printf.o)
                0x00001698                iprintf
                0x00001698                printf
 .text._sbrk_r  0x000016c8       0x20 e:/programy/mcuxpressoide/ide/plugins/com.nxp.mcuxpresso.tools.win32_11.3.0.202008311133/tools/bin/../lib/gcc/arm-none-eabi/9.3.1/../../../../arm-none-eabi/lib/thumb/v8-m.main+fp/hard\libc_nano.a(lib_a-sbrkr.o)
                0x000016c8                _sbrk_r
 .text.std      0x000016e8       0x48 e:/programy/mcuxpressoide/ide/plugins/com.nxp.mcuxpresso.tools.win32_11.3.0.202008311133/tools/bin/../lib/gcc/arm-none-eabi/9.3.1/../../../../arm-none-eabi/lib/thumb/v8-m.main+fp/hard\libc_nano.a(lib_a-findfp.o)
 .text._cleanup_r
                0x00001730        0xc e:/programy/mcuxpressoide/ide/plugins/com.nxp.mcuxpresso.tools.win32_11.3.0.202008311133/tools/bin/../lib/gcc/arm-none-eabi/9.3.1/../../../../arm-none-eabi/lib/thumb/v8-m.main+fp/hard\libc_nano.a(lib_a-findfp.o)
                0x00001730                _cleanup_r
 .text.__sfp_lock_acquire
                0x0000173c        0xc e:/programy/mcuxpressoide/ide/plugins/com.nxp.mcuxpresso.tools.win32_11.3.0.202008311133/tools/bin/../lib/gcc/arm-none-eabi/9.3.1/../../../../arm-none-eabi/lib/thumb/v8-m.main+fp/hard\libc_nano.a(lib_a-findfp.o)
                0x0000173c                __sfp_lock_acquire
 .text.__sfp_lock_release
                0x00001748        0xc e:/programy/mcuxpressoide/ide/plugins/com.nxp.mcuxpresso.tools.win32_11.3.0.202008311133/tools/bin/../lib/gcc/arm-none-eabi/9.3.1/../../../../arm-none-eabi/lib/thumb/v8-m.main+fp/hard\libc_nano.a(lib_a-findfp.o)
                0x00001748                __sfp_lock_release
 .text.__sinit_lock_acquire
                0x00001754        0xc e:/programy/mcuxpressoide/ide/plugins/com.nxp.mcuxpresso.tools.win32_11.3.0.202008311133/tools/bin/../lib/gcc/arm-none-eabi/9.3.1/../../../../arm-none-eabi/lib/thumb/v8-m.main+fp/hard\libc_nano.a(lib_a-findfp.o)
                0x00001754                __sinit_lock_acquire
 .text.__sinit_lock_release
                0x00001760        0xc e:/programy/mcuxpressoide/ide/plugins/com.nxp.mcuxpresso.tools.win32_11.3.0.202008311133/tools/bin/../lib/gcc/arm-none-eabi/9.3.1/../../../../arm-none-eabi/lib/thumb/v8-m.main+fp/hard\libc_nano.a(lib_a-findfp.o)
                0x00001760                __sinit_lock_release
 .text.__sinit  0x0000176c       0x70 e:/programy/mcuxpressoide/ide/plugins/com.nxp.mcuxpresso.tools.win32_11.3.0.202008311133/tools/bin/../lib/gcc/arm-none-eabi/9.3.1/../../../../arm-none-eabi/lib/thumb/v8-m.main+fp/hard\libc_nano.a(lib_a-findfp.o)
                0x0000176c                __sinit
 .text.__sfp    0x000017dc       0x8c e:/programy/mcuxpressoide/ide/plugins/com.nxp.mcuxpresso.tools.win32_11.3.0.202008311133/tools/bin/../lib/gcc/arm-none-eabi/9.3.1/../../../../arm-none-eabi/lib/thumb/v8-m.main+fp/hard\libc_nano.a(lib_a-findfp.o)
                0x000017dc                __sfp
 .text.__malloc_lock
                0x00001868        0xc e:/programy/mcuxpressoide/ide/plugins/com.nxp.mcuxpresso.tools.win32_11.3.0.202008311133/tools/bin/../lib/gcc/arm-none-eabi/9.3.1/../../../../arm-none-eabi/lib/thumb/v8-m.main+fp/hard\libc_nano.a(lib_a-mlock.o)
                0x00001868                __malloc_lock
 .text.__malloc_unlock
                0x00001874        0xc e:/programy/mcuxpressoide/ide/plugins/com.nxp.mcuxpresso.tools.win32_11.3.0.202008311133/tools/bin/../lib/gcc/arm-none-eabi/9.3.1/../../../../arm-none-eabi/lib/thumb/v8-m.main+fp/hard\libc_nano.a(lib_a-mlock.o)
                0x00001874                __malloc_unlock
 .text._vfprintf_r
                0x00001880      0x260 e:/programy/mcuxpressoide/ide/plugins/com.nxp.mcuxpresso.tools.win32_11.3.0.202008311133/tools/bin/../lib/gcc/arm-none-eabi/9.3.1/../../../../arm-none-eabi/lib/thumb/v8-m.main+fp/hard\libc_nano.a(lib_a-nano-vfprintf.o)
                0x00001880                _vfprintf_r
                0x00001880                _vfiprintf_r
 .text._printf_i
                0x00001ae0      0x24c e:/programy/mcuxpressoide/ide/plugins/com.nxp.mcuxpresso.tools.win32_11.3.0.202008311133/tools/bin/../lib/gcc/arm-none-eabi/9.3.1/../../../../arm-none-eabi/lib/thumb/v8-m.main+fp/hard\libc_nano.a(lib_a-nano-vfprintf_i.o)
                0x00001ae0                _printf_i
 .text.__swbuf_r
                0x00001d2c       0xa4 e:/programy/mcuxpressoide/ide/plugins/com.nxp.mcuxpresso.tools.win32_11.3.0.202008311133/tools/bin/../lib/gcc/arm-none-eabi/9.3.1/../../../../arm-none-eabi/lib/thumb/v8-m.main+fp/hard\libc_nano.a(lib_a-wbuf.o)
                0x00001d2c                __swbuf_r
 .text._write_r
                0x00001dd0       0x24 e:/programy/mcuxpressoide/ide/plugins/com.nxp.mcuxpresso.tools.win32_11.3.0.202008311133/tools/bin/../lib/gcc/arm-none-eabi/9.3.1/../../../../arm-none-eabi/lib/thumb/v8-m.main+fp/hard\libc_nano.a(lib_a-writer.o)
                0x00001dd0                _write_r
 .text.__swsetup_r
                0x00001df4       0xdc e:/programy/mcuxpressoide/ide/plugins/com.nxp.mcuxpresso.tools.win32_11.3.0.202008311133/tools/bin/../lib/gcc/arm-none-eabi/9.3.1/../../../../arm-none-eabi/lib/thumb/v8-m.main+fp/hard\libc_nano.a(lib_a-wsetup.o)
                0x00001df4                __swsetup_r
 .text._close_r
                0x00001ed0       0x20 e:/programy/mcuxpressoide/ide/plugins/com.nxp.mcuxpresso.tools.win32_11.3.0.202008311133/tools/bin/../lib/gcc/arm-none-eabi/9.3.1/../../../../arm-none-eabi/lib/thumb/v8-m.main+fp/hard\libc_nano.a(lib_a-closer.o)
                0x00001ed0                _close_r
 .text.__sflush_r
                0x00001ef0      0x108 e:/programy/mcuxpressoide/ide/plugins/com.nxp.mcuxpresso.tools.win32_11.3.0.202008311133/tools/bin/../lib/gcc/arm-none-eabi/9.3.1/../../../../arm-none-eabi/lib/thumb/v8-m.main+fp/hard\libc_nano.a(lib_a-fflush.o)
                0x00001ef0                __sflush_r
 .text._fflush_r
                0x00001ff8       0x78 e:/programy/mcuxpressoide/ide/plugins/com.nxp.mcuxpresso.tools.win32_11.3.0.202008311133/tools/bin/../lib/gcc/arm-none-eabi/9.3.1/../../../../arm-none-eabi/lib/thumb/v8-m.main+fp/hard\libc_nano.a(lib_a-fflush.o)
                0x00001ff8                _fflush_r
 .text._lseek_r
                0x00002070       0x24 e:/programy/mcuxpressoide/ide/plugins/com.nxp.mcuxpresso.tools.win32_11.3.0.202008311133/tools/bin/../lib/gcc/arm-none-eabi/9.3.1/../../../../arm-none-eabi/lib/thumb/v8-m.main+fp/hard\libc_nano.a(lib_a-lseekr.o)
                0x00002070                _lseek_r
 .text.__smakebuf_r
                0x00002094       0x80 e:/programy/mcuxpressoide/ide/plugins/com.nxp.mcuxpresso.tools.win32_11.3.0.202008311133/tools/bin/../lib/gcc/arm-none-eabi/9.3.1/../../../../arm-none-eabi/lib/thumb/v8-m.main+fp/hard\libc_nano.a(lib_a-makebuf.o)
                0x00002094                __smakebuf_r
 .text._read_r  0x00002114       0x24 e:/programy/mcuxpressoide/ide/plugins/com.nxp.mcuxpresso.tools.win32_11.3.0.202008311133/tools/bin/../lib/gcc/arm-none-eabi/9.3.1/../../../../arm-none-eabi/lib/thumb/v8-m.main+fp/hard\libc_nano.a(lib_a-readr.o)
                0x00002114                _read_r
 .text._fstat_r
                0x00002138       0x24 e:/programy/mcuxpressoide/ide/plugins/com.nxp.mcuxpresso.tools.win32_11.3.0.202008311133/tools/bin/../lib/gcc/arm-none-eabi/9.3.1/../../../../arm-none-eabi/lib/thumb/v8-m.main+fp/hard\libc_nano.a(lib_a-fstatr.o)
                0x00002138                _fstat_r
 .text._isatty_r
                0x0000215c       0x20 e:/programy/mcuxpressoide/ide/plugins/com.nxp.mcuxpresso.tools.win32_11.3.0.202008311133/tools/bin/../lib/gcc/arm-none-eabi/9.3.1/../../../../arm-none-eabi/lib/thumb/v8-m.main+fp/hard\libc_nano.a(lib_a-isattyr.o)
                0x0000215c                _isatty_r
 .text._sbrk    0x0000217c       0x3c e:/programy/mcuxpressoide/ide/plugins/com.nxp.mcuxpresso.tools.win32_11.3.0.202008311133/tools/bin/../lib/gcc/arm-none-eabi/9.3.1/../../../../arm-none-eabi/lib/thumb/v8-m.main+fp/hard\libcr_newlib_semihost.a(_cr_sbrk.o)
                0x0000217c                _sbrk
 .text.initialise_monitor_handles
                0x000021b8       0xac e:/programy/mcuxpressoide/ide/plugins/com.nxp.mcuxpresso.tools.win32_11.3.0.202008311133/tools/bin/../lib/gcc/arm-none-eabi/9.3.1/../../../../arm-none-eabi/lib/thumb/v8-m.main+fp/hard\libcr_newlib_semihost.a(syscalls.o)
 .text.findslot
                0x00002264       0x24 e:/programy/mcuxpressoide/ide/plugins/com.nxp.mcuxpresso.tools.win32_11.3.0.202008311133/tools/bin/../lib/gcc/arm-none-eabi/9.3.1/../../../../arm-none-eabi/lib/thumb/v8-m.main+fp/hard\libcr_newlib_semihost.a(syscalls.o)
 .text._close   0x00002288       0x4c e:/programy/mcuxpressoide/ide/plugins/com.nxp.mcuxpresso.tools.win32_11.3.0.202008311133/tools/bin/../lib/gcc/arm-none-eabi/9.3.1/../../../../arm-none-eabi/lib/thumb/v8-m.main+fp/hard\libcr_newlib_semihost.a(syscalls.o)
                0x00002288                _close
 .text.__check_heap_overflow
                0x000022d4       0x18 e:/programy/mcuxpressoide/ide/plugins/com.nxp.mcuxpresso.tools.win32_11.3.0.202008311133/tools/bin/../lib/gcc/arm-none-eabi/9.3.1/../../../../arm-none-eabi/lib/thumb/v8-m.main+fp/hard\libcr_newlib_semihost.a(_cr_check_heap.o)
                0x000022d4                __check_heap_overflow
 .text          0x000022ec       0x40 e:/programy/mcuxpressoide/ide/plugins/com.nxp.mcuxpresso.tools.win32_11.3.0.202008311133/tools/bin/../lib/gcc/arm-none-eabi/9.3.1/thumb/v8-m.main+fp/hard\crtbegin.o
 .text.WDT_BOD_IRQHandler
                0x0000232c        0x8 ./startup/startup_lpc55s69_cm33_core0.o
                0x0000232c                WDT_BOD_IRQHandler
 .text.DMA0_IRQHandler
                0x00002334        0x8 ./startup/startup_lpc55s69_cm33_core0.o
                0x00002334                DMA0_IRQHandler
 .text.GINT0_IRQHandler
                0x0000233c        0x8 ./startup/startup_lpc55s69_cm33_core0.o
                0x0000233c                GINT0_IRQHandler
 .text.GINT1_IRQHandler
                0x00002344        0x8 ./startup/startup_lpc55s69_cm33_core0.o
                0x00002344                GINT1_IRQHandler
 .text.PIN_INT0_IRQHandler
                0x0000234c        0x8 ./startup/startup_lpc55s69_cm33_core0.o
                0x0000234c                PIN_INT0_IRQHandler
 .text.PIN_INT1_IRQHandler
                0x00002354        0x8 ./startup/startup_lpc55s69_cm33_core0.o
                0x00002354                PIN_INT1_IRQHandler
 .text.PIN_INT2_IRQHandler
                0x0000235c        0x8 ./startup/startup_lpc55s69_cm33_core0.o
                0x0000235c                PIN_INT2_IRQHandler
 .text.PIN_INT3_IRQHandler
                0x00002364        0x8 ./startup/startup_lpc55s69_cm33_core0.o
                0x00002364                PIN_INT3_IRQHandler
 .text.UTICK0_IRQHandler
                0x0000236c        0x8 ./startup/startup_lpc55s69_cm33_core0.o
                0x0000236c                UTICK0_IRQHandler
 .text.MRT0_IRQHandler
                0x00002374        0x8 ./startup/startup_lpc55s69_cm33_core0.o
                0x00002374                MRT0_IRQHandler
 .text.CTIMER0_IRQHandler
                0x0000237c        0x8 ./startup/startup_lpc55s69_cm33_core0.o
                0x0000237c                CTIMER0_IRQHandler
 .text.CTIMER1_IRQHandler
                0x00002384        0x8 ./startup/startup_lpc55s69_cm33_core0.o
                0x00002384                CTIMER1_IRQHandler
 .text.SCT0_IRQHandler
                0x0000238c        0x8 ./startup/startup_lpc55s69_cm33_core0.o
                0x0000238c                SCT0_IRQHandler
 .text.CTIMER3_IRQHandler
                0x00002394        0x8 ./startup/startup_lpc55s69_cm33_core0.o
                0x00002394                CTIMER3_IRQHandler
 .text.FLEXCOMM0_IRQHandler
                0x0000239c        0x8 ./startup/startup_lpc55s69_cm33_core0.o
                0x0000239c                FLEXCOMM0_IRQHandler
 .text.FLEXCOMM1_IRQHandler
                0x000023a4        0x8 ./startup/startup_lpc55s69_cm33_core0.o
                0x000023a4                FLEXCOMM1_IRQHandler
 .text.FLEXCOMM2_IRQHandler
                0x000023ac        0x8 ./startup/startup_lpc55s69_cm33_core0.o
                0x000023ac                FLEXCOMM2_IRQHandler
 .text.FLEXCOMM3_IRQHandler
                0x000023b4        0x8 ./startup/startup_lpc55s69_cm33_core0.o
                0x000023b4                FLEXCOMM3_IRQHandler
 .text.FLEXCOMM4_IRQHandler
                0x000023bc        0x8 ./startup/startup_lpc55s69_cm33_core0.o
                0x000023bc                FLEXCOMM4_IRQHandler
 .text.FLEXCOMM5_IRQHandler
                0x000023c4        0x8 ./startup/startup_lpc55s69_cm33_core0.o
                0x000023c4                FLEXCOMM5_IRQHandler
 .text.FLEXCOMM6_IRQHandler
                0x000023cc        0x8 ./startup/startup_lpc55s69_cm33_core0.o
                0x000023cc                FLEXCOMM6_IRQHandler
 .text.FLEXCOMM7_IRQHandler
                0x000023d4        0x8 ./startup/startup_lpc55s69_cm33_core0.o
                0x000023d4                FLEXCOMM7_IRQHandler
 .text.ADC0_IRQHandler
                0x000023dc        0x8 ./startup/startup_lpc55s69_cm33_core0.o
                0x000023dc                ADC0_IRQHandler
 .text.Reserved39_IRQHandler
                0x000023e4        0x8 ./startup/startup_lpc55s69_cm33_core0.o
                0x000023e4                Reserved39_IRQHandler
 .text.ACMP_IRQHandler
                0x000023ec        0x8 ./startup/startup_lpc55s69_cm33_core0.o
                0x000023ec                ACMP_IRQHandler
 .text.Reserved41_IRQHandler
                0x000023f4        0x8 ./startup/startup_lpc55s69_cm33_core0.o
                0x000023f4                Reserved41_IRQHandler
 .text.Reserved42_IRQHandler
                0x000023fc        0x8 ./startup/startup_lpc55s69_cm33_core0.o
                0x000023fc                Reserved42_IRQHandler
 .text.USB0_NEEDCLK_IRQHandler
                0x00002404        0x8 ./startup/startup_lpc55s69_cm33_core0.o
                0x00002404                USB0_NEEDCLK_IRQHandler
 .text.USB0_IRQHandler
                0x0000240c        0x8 ./startup/startup_lpc55s69_cm33_core0.o
                0x0000240c                USB0_IRQHandler
 .text.RTC_IRQHandler
                0x00002414        0x8 ./startup/startup_lpc55s69_cm33_core0.o
                0x00002414                RTC_IRQHandler
 .text.Reserved46_IRQHandler
                0x0000241c        0x8 ./startup/startup_lpc55s69_cm33_core0.o
                0x0000241c                Reserved46_IRQHandler
 .text.MAILBOX_IRQHandler
                0x00002424        0x8 ./startup/startup_lpc55s69_cm33_core0.o
                0x00002424                MAILBOX_IRQHandler
 .text.PIN_INT4_IRQHandler
                0x0000242c        0x8 ./startup/startup_lpc55s69_cm33_core0.o
                0x0000242c                PIN_INT4_IRQHandler
 .text.PIN_INT5_IRQHandler
                0x00002434        0x8 ./startup/startup_lpc55s69_cm33_core0.o
                0x00002434                PIN_INT5_IRQHandler
 .text.PIN_INT6_IRQHandler
                0x0000243c        0x8 ./startup/startup_lpc55s69_cm33_core0.o
                0x0000243c                PIN_INT6_IRQHandler
 .text.PIN_INT7_IRQHandler
                0x00002444        0x8 ./startup/startup_lpc55s69_cm33_core0.o
                0x00002444                PIN_INT7_IRQHandler
 .text.CTIMER2_IRQHandler
                0x0000244c        0x8 ./startup/startup_lpc55s69_cm33_core0.o
                0x0000244c                CTIMER2_IRQHandler
 .text.CTIMER4_IRQHandler
                0x00002454        0x8 ./startup/startup_lpc55s69_cm33_core0.o
                0x00002454                CTIMER4_IRQHandler
 .text.OS_EVENT_IRQHandler
                0x0000245c        0x8 ./startup/startup_lpc55s69_cm33_core0.o
                0x0000245c                OS_EVENT_IRQHandler
 .text.Reserved55_IRQHandler
                0x00002464        0x8 ./startup/startup_lpc55s69_cm33_core0.o
                0x00002464                Reserved55_IRQHandler
 .text.Reserved56_IRQHandler
                0x0000246c        0x8 ./startup/startup_lpc55s69_cm33_core0.o
                0x0000246c                Reserved56_IRQHandler
 .text.Reserved57_IRQHandler
                0x00002474        0x8 ./startup/startup_lpc55s69_cm33_core0.o
                0x00002474                Reserved57_IRQHandler
 .text.SDIO_IRQHandler
                0x0000247c        0x8 ./startup/startup_lpc55s69_cm33_core0.o
                0x0000247c                SDIO_IRQHandler
 .text.Reserved59_IRQHandler
                0x00002484        0x8 ./startup/startup_lpc55s69_cm33_core0.o
                0x00002484                Reserved59_IRQHandler
 .text.Reserved60_IRQHandler
                0x0000248c        0x8 ./startup/startup_lpc55s69_cm33_core0.o
                0x0000248c                Reserved60_IRQHandler
 .text.Reserved61_IRQHandler
                0x00002494        0x8 ./startup/startup_lpc55s69_cm33_core0.o
                0x00002494                Reserved61_IRQHandler
 .text.USB1_PHY_IRQHandler
                0x0000249c        0x8 ./startup/startup_lpc55s69_cm33_core0.o
                0x0000249c                USB1_PHY_IRQHandler
 .text.USB1_IRQHandler
                0x000024a4        0x8 ./startup/startup_lpc55s69_cm33_core0.o
                0x000024a4                USB1_IRQHandler
 .text.USB1_NEEDCLK_IRQHandler
                0x000024ac        0x8 ./startup/startup_lpc55s69_cm33_core0.o
                0x000024ac                USB1_NEEDCLK_IRQHandler
 .text.SEC_HYPERVISOR_CALL_IRQHandler
                0x000024b4        0x8 ./startup/startup_lpc55s69_cm33_core0.o
                0x000024b4                SEC_HYPERVISOR_CALL_IRQHandler
 .text.SEC_GPIO_INT0_IRQ0_IRQHandler
                0x000024bc        0x8 ./startup/startup_lpc55s69_cm33_core0.o
                0x000024bc                SEC_GPIO_INT0_IRQ0_IRQHandler
 .text.SEC_GPIO_INT0_IRQ1_IRQHandler
                0x000024c4        0x8 ./startup/startup_lpc55s69_cm33_core0.o
                0x000024c4                SEC_GPIO_INT0_IRQ1_IRQHandler
 .text.PLU_IRQHandler
                0x000024cc        0x8 ./startup/startup_lpc55s69_cm33_core0.o
                0x000024cc                PLU_IRQHandler
 .text.SEC_VIO_IRQHandler
                0x000024d4        0x8 ./startup/startup_lpc55s69_cm33_core0.o
                0x000024d4                SEC_VIO_IRQHandler
 .text.HASHCRYPT_IRQHandler
                0x000024dc        0x8 ./startup/startup_lpc55s69_cm33_core0.o
                0x000024dc                HASHCRYPT_IRQHandler
 .text.CASER_IRQHandler
                0x000024e4        0x8 ./startup/startup_lpc55s69_cm33_core0.o
                0x000024e4                CASER_IRQHandler
 .text.PUF_IRQHandler
                0x000024ec        0x8 ./startup/startup_lpc55s69_cm33_core0.o
                0x000024ec                PUF_IRQHandler
 .text.PQ_IRQHandler
                0x000024f4        0x8 ./startup/startup_lpc55s69_cm33_core0.o
                0x000024f4                PQ_IRQHandler
 .text.DMA1_IRQHandler
                0x000024fc        0x8 ./startup/startup_lpc55s69_cm33_core0.o
                0x000024fc                DMA1_IRQHandler
 .text.FLEXCOMM8_IRQHandler
                0x00002504        0x8 ./startup/startup_lpc55s69_cm33_core0.o
                0x00002504                FLEXCOMM8_IRQHandler
 .text._ZN7ArduCAMC2Ehi
                0x0000250c       0x38 ./source/ArduCAM/ArduCAM.o
                0x0000250c                ArduCAM::ArduCAM(unsigned char, int)
                0x0000250c                ArduCAM::ArduCAM(unsigned char, int)
 .text._ZN7ArduCAM9write_regEhh
                0x00002544        0x8 ./source/ArduCAM/ArduCAM.o
                0x00002544                ArduCAM::write_reg(unsigned char, unsigned char)
 .text._ZN7ArduCAM8read_regEh
                0x0000254c        0x8 ./source/ArduCAM/ArduCAM.o
                0x0000254c                ArduCAM::read_reg(unsigned char)
 .text._ZN7ArduCAM9clear_bitEhh
                0x00002554       0x1e ./source/ArduCAM/ArduCAM.o
                0x00002554                ArduCAM::clear_bit(unsigned char, unsigned char)
 .text._ZN7ArduCAM10set_formatEh
                0x00002572       0x10 ./source/ArduCAM/ArduCAM.o
                0x00002572                ArduCAM::set_format(unsigned char)
 .text._ZN7ArduCAM15wrSensorReg16_8Eii
                0x00002582       0x24 ./source/ArduCAM/ArduCAM.o
                0x00002582                ArduCAM::wrSensorReg16_8(int, int)
 .text._ZN7ArduCAM16wrSensorRegs16_8EPK10sensor_reg
                0x000025a6       0x34 ./source/ArduCAM/ArduCAM.o
                0x000025a6                ArduCAM::wrSensorRegs16_8(sensor_reg const*)
 .text._ZN7ArduCAM15rdSensorReg16_8EtPh
                0x000025da       0x38 ./source/ArduCAM/ArduCAM.o
                0x000025da                ArduCAM::rdSensorReg16_8(unsigned short, unsigned char*)
 .text.HardFault_Handler
                0x00002612       0x2a ./source/semihost_hardfault.o
                0x00002612                HardFault_Handler
 .text.findPll0PreDiv
                0x0000263c       0x1e ./drivers/fsl_clock.o
 .text.CLOCK_SetClkDiv
                0x0000265a       0x34 ./drivers/fsl_clock.o
                0x0000265a                CLOCK_SetClkDiv
 .text.I2C_PendingStatusWait
                0x0000268e       0x12 ./drivers/fsl_i2c.o
 .text.I2C_MasterInit
                0x000026a0       0x3c ./drivers/fsl_i2c.o
                0x000026a0                I2C_MasterInit
 .text.I2C_MasterStart
                0x000026dc       0x28 ./drivers/fsl_i2c.o
                0x000026dc                I2C_MasterStart
 .text.I2C_MasterStop
                0x00002704       0x1a ./drivers/fsl_i2c.o
                0x00002704                I2C_MasterStop
 .text.I2C_MasterWriteBlocking
                0x0000271e       0x82 ./drivers/fsl_i2c.o
                0x0000271e                I2C_MasterWriteBlocking
 .text.I2C_MasterReadBlocking
                0x000027a0       0x6c ./drivers/fsl_i2c.o
                0x000027a0                I2C_MasterReadBlocking
 .text.I2C_MasterTransferBlocking
                0x0000280c       0xd8 ./drivers/fsl_i2c.o
                0x0000280c                I2C_MasterTransferBlocking
 .text.RESET_SetPeripheralReset
                0x000028e4       0x1c ./drivers/fsl_reset.o
                0x000028e4                RESET_SetPeripheralReset
 .text.RESET_ClearPeripheralReset
                0x00002900       0x1e ./drivers/fsl_reset.o
                0x00002900                RESET_ClearPeripheralReset
 .text.RESET_PeripheralReset
                0x0000291e        0xe ./drivers/fsl_reset.o
                0x0000291e                RESET_PeripheralReset
 .text.SPI_MasterSetBaud
                0x0000292c       0x42 ./drivers/fsl_spi.o
                0x0000292c                SPI_MasterSetBaud
 .text.SystemInitHook
                0x0000296e        0x2 ./device/system_LPC55S69_cm33_core0.o
                0x0000296e                SystemInitHook
 .text.BOARD_InitBootClocks
                0x00002970        0x4 ./board/clock_config.o
                0x00002970                BOARD_InitBootClocks
 .text.BOARD_InitBootPeripherals
                0x00002974        0x4 ./board/peripherals.o
                0x00002974                BOARD_InitBootPeripherals
 .text.BOARD_InitBootPins
                0x00002978        0x4 ./board/pin_mux.o
                0x00002978                BOARD_InitBootPins
 .text.memset   0x0000297c       0x10 e:/programy/mcuxpressoide/ide/plugins/com.nxp.mcuxpresso.tools.win32_11.3.0.202008311133/tools/bin/../lib/gcc/arm-none-eabi/9.3.1/../../../../arm-none-eabi/lib/thumb/v8-m.main+fp/hard\libc_nano.a(lib_a-memset.o)
                0x0000297c                memset
 .text.__sfmoreglue
                0x0000298c       0x2c e:/programy/mcuxpressoide/ide/plugins/com.nxp.mcuxpresso.tools.win32_11.3.0.202008311133/tools/bin/../lib/gcc/arm-none-eabi/9.3.1/../../../../arm-none-eabi/lib/thumb/v8-m.main+fp/hard\libc_nano.a(lib_a-findfp.o)
                0x0000298c                __sfmoreglue
 .text._fwalk_reent
                0x000029b8       0x3e e:/programy/mcuxpressoide/ide/plugins/com.nxp.mcuxpresso.tools.win32_11.3.0.202008311133/tools/bin/../lib/gcc/arm-none-eabi/9.3.1/../../../../arm-none-eabi/lib/thumb/v8-m.main+fp/hard\libc_nano.a(lib_a-fwalk.o)
                0x000029b8                _fwalk_reent
 .text.__retarget_lock_init_recursive
                0x000029f6        0x2 e:/programy/mcuxpressoide/ide/plugins/com.nxp.mcuxpresso.tools.win32_11.3.0.202008311133/tools/bin/../lib/gcc/arm-none-eabi/9.3.1/../../../../arm-none-eabi/lib/thumb/v8-m.main+fp/hard\libc_nano.a(lib_a-lock.o)
                0x000029f6                __retarget_lock_init_recursive
 .text.__retarget_lock_acquire_recursive
                0x000029f8        0x2 e:/programy/mcuxpressoide/ide/plugins/com.nxp.mcuxpresso.tools.win32_11.3.0.202008311133/tools/bin/../lib/gcc/arm-none-eabi/9.3.1/../../../../arm-none-eabi/lib/thumb/v8-m.main+fp/hard\libc_nano.a(lib_a-lock.o)
                0x000029f8                __retarget_lock_acquire_recursive
 .text.__retarget_lock_release_recursive
                0x000029fa        0x2 e:/programy/mcuxpressoide/ide/plugins/com.nxp.mcuxpresso.tools.win32_11.3.0.202008311133/tools/bin/../lib/gcc/arm-none-eabi/9.3.1/../../../../arm-none-eabi/lib/thumb/v8-m.main+fp/hard\libc_nano.a(lib_a-lock.o)
                0x000029fa                __retarget_lock_release_recursive
 .text.__sfputc_r
                0x000029fc       0x2e e:/programy/mcuxpressoide/ide/plugins/com.nxp.mcuxpresso.tools.win32_11.3.0.202008311133/tools/bin/../lib/gcc/arm-none-eabi/9.3.1/../../../../arm-none-eabi/lib/thumb/v8-m.main+fp/hard\libc_nano.a(lib_a-nano-vfprintf.o)
 .text.__sfputs_r
                0x00002a2a       0x24 e:/programy/mcuxpressoide/ide/plugins/com.nxp.mcuxpresso.tools.win32_11.3.0.202008311133/tools/bin/../lib/gcc/arm-none-eabi/9.3.1/../../../../arm-none-eabi/lib/thumb/v8-m.main+fp/hard\libc_nano.a(lib_a-nano-vfprintf.o)
                0x00002a2a                __sfputs_r
 .text._printf_common
                0x00002a4e       0xe0 e:/programy/mcuxpressoide/ide/plugins/com.nxp.mcuxpresso.tools.win32_11.3.0.202008311133/tools/bin/../lib/gcc/arm-none-eabi/9.3.1/../../../../arm-none-eabi/lib/thumb/v8-m.main+fp/hard\libc_nano.a(lib_a-nano-vfprintf_i.o)
                0x00002a4e                _printf_common
 .text.__sread  0x00002b2e       0x22 e:/programy/mcuxpressoide/ide/plugins/com.nxp.mcuxpresso.tools.win32_11.3.0.202008311133/tools/bin/../lib/gcc/arm-none-eabi/9.3.1/../../../../arm-none-eabi/lib/thumb/v8-m.main+fp/hard\libc_nano.a(lib_a-stdio.o)
                0x00002b2e                __sread
 .text.__swrite
                0x00002b50       0x38 e:/programy/mcuxpressoide/ide/plugins/com.nxp.mcuxpresso.tools.win32_11.3.0.202008311133/tools/bin/../lib/gcc/arm-none-eabi/9.3.1/../../../../arm-none-eabi/lib/thumb/v8-m.main+fp/hard\libc_nano.a(lib_a-stdio.o)
                0x00002b50                __swrite
 .text.__sseek  0x00002b88       0x24 e:/programy/mcuxpressoide/ide/plugins/com.nxp.mcuxpresso.tools.win32_11.3.0.202008311133/tools/bin/../lib/gcc/arm-none-eabi/9.3.1/../../../../arm-none-eabi/lib/thumb/v8-m.main+fp/hard\libc_nano.a(lib_a-stdio.o)
                0x00002b88                __sseek
 .text.__sclose
                0x00002bac        0x8 e:/programy/mcuxpressoide/ide/plugins/com.nxp.mcuxpresso.tools.win32_11.3.0.202008311133/tools/bin/../lib/gcc/arm-none-eabi/9.3.1/../../../../arm-none-eabi/lib/thumb/v8-m.main+fp/hard\libc_nano.a(lib_a-stdio.o)
                0x00002bac                __sclose
 .text.__swhatbuf_r
                0x00002bb4       0x48 e:/programy/mcuxpressoide/ide/plugins/com.nxp.mcuxpresso.tools.win32_11.3.0.202008311133/tools/bin/../lib/gcc/arm-none-eabi/9.3.1/../../../../arm-none-eabi/lib/thumb/v8-m.main+fp/hard\libc_nano.a(lib_a-makebuf.o)
                0x00002bb4                __swhatbuf_r
 .text.memchr   0x00002bfc       0x1c e:/programy/mcuxpressoide/ide/plugins/com.nxp.mcuxpresso.tools.win32_11.3.0.202008311133/tools/bin/../lib/gcc/arm-none-eabi/9.3.1/../../../../arm-none-eabi/lib/thumb/v8-m.main+fp/hard\libc_nano.a(lib_a-memchr-stub.o)
                0x00002bfc                memchr
 .text.error    0x00002c18       0x1c e:/programy/mcuxpressoide/ide/plugins/com.nxp.mcuxpresso.tools.win32_11.3.0.202008311133/tools/bin/../lib/gcc/arm-none-eabi/9.3.1/../../../../arm-none-eabi/lib/thumb/v8-m.main+fp/hard\libcr_newlib_semihost.a(syscalls.o)
 .text.checkerror
                0x00002c34       0x20 e:/programy/mcuxpressoide/ide/plugins/com.nxp.mcuxpresso.tools.win32_11.3.0.202008311133/tools/bin/../lib/gcc/arm-none-eabi/9.3.1/../../../../arm-none-eabi/lib/thumb/v8-m.main+fp/hard\libcr_newlib_semihost.a(syscalls.o)
 .text._swiread
                0x00002c54       0x20 e:/programy/mcuxpressoide/ide/plugins/com.nxp.mcuxpresso.tools.win32_11.3.0.202008311133/tools/bin/../lib/gcc/arm-none-eabi/9.3.1/../../../../arm-none-eabi/lib/thumb/v8-m.main+fp/hard\libcr_newlib_semihost.a(syscalls.o)
                0x00002c54                _swiread
 .text._read    0x00002c74       0x36 e:/programy/mcuxpressoide/ide/plugins/com.nxp.mcuxpresso.tools.win32_11.3.0.202008311133/tools/bin/../lib/gcc/arm-none-eabi/9.3.1/../../../../arm-none-eabi/lib/thumb/v8-m.main+fp/hard\libcr_newlib_semihost.a(syscalls.o)
                0x00002c74                _read
 .text._swilseek
                0x00002caa       0x78 e:/programy/mcuxpressoide/ide/plugins/com.nxp.mcuxpresso.tools.win32_11.3.0.202008311133/tools/bin/../lib/gcc/arm-none-eabi/9.3.1/../../../../arm-none-eabi/lib/thumb/v8-m.main+fp/hard\libcr_newlib_semihost.a(syscalls.o)
                0x00002caa                _swilseek
 .text._lseek   0x00002d22        0x4 e:/programy/mcuxpressoide/ide/plugins/com.nxp.mcuxpresso.tools.win32_11.3.0.202008311133/tools/bin/../lib/gcc/arm-none-eabi/9.3.1/../../../../arm-none-eabi/lib/thumb/v8-m.main+fp/hard\libcr_newlib_semihost.a(syscalls.o)
                0x00002d22                _lseek
 .text._swiwrite
                0x00002d26       0x20 e:/programy/mcuxpressoide/ide/plugins/com.nxp.mcuxpresso.tools.win32_11.3.0.202008311133/tools/bin/../lib/gcc/arm-none-eabi/9.3.1/../../../../arm-none-eabi/lib/thumb/v8-m.main+fp/hard\libcr_newlib_semihost.a(syscalls.o)
                0x00002d26                _swiwrite
 .text._write   0x00002d46       0x44 e:/programy/mcuxpressoide/ide/plugins/com.nxp.mcuxpresso.tools.win32_11.3.0.202008311133/tools/bin/../lib/gcc/arm-none-eabi/9.3.1/../../../../arm-none-eabi/lib/thumb/v8-m.main+fp/hard\libcr_newlib_semihost.a(syscalls.o)
                0x00002d46                _write
 .text._swiclose
                0x00002d8a       0x1a e:/programy/mcuxpressoide/ide/plugins/com.nxp.mcuxpresso.tools.win32_11.3.0.202008311133/tools/bin/../lib/gcc/arm-none-eabi/9.3.1/../../../../arm-none-eabi/lib/thumb/v8-m.main+fp/hard\libcr_newlib_semihost.a(syscalls.o)
                0x00002d8a                _swiclose
 .text._swistat
                0x00002da4       0x42 e:/programy/mcuxpressoide/ide/plugins/com.nxp.mcuxpresso.tools.win32_11.3.0.202008311133/tools/bin/../lib/gcc/arm-none-eabi/9.3.1/../../../../arm-none-eabi/lib/thumb/v8-m.main+fp/hard\libcr_newlib_semihost.a(syscalls.o)
                0x00002da4                _swistat
 .text._fstat   0x00002de6       0x1c e:/programy/mcuxpressoide/ide/plugins/com.nxp.mcuxpresso.tools.win32_11.3.0.202008311133/tools/bin/../lib/gcc/arm-none-eabi/9.3.1/../../../../arm-none-eabi/lib/thumb/v8-m.main+fp/hard\libcr_newlib_semihost.a(syscalls.o)
                0x00002de6                _fstat
 .text._isatty  0x00002e02       0x2a e:/programy/mcuxpressoide/ide/plugins/com.nxp.mcuxpresso.tools.win32_11.3.0.202008311133/tools/bin/../lib/gcc/arm-none-eabi/9.3.1/../../../../arm-none-eabi/lib/thumb/v8-m.main+fp/hard\libcr_newlib_semihost.a(syscalls.o)
                0x00002e02                _isatty
 *(SORT_BY_ALIGNMENT(.rodata) SORT_BY_ALIGNMENT(.rodata.*) SORT_BY_ALIGNMENT(.constdata) SORT_BY_ALIGNMENT(.constdata.*))
 .rodata.s_flexcommBaseAddrs
                0x00002e2c       0x24 ./drivers/fsl_flexcomm.o
 .rodata.s_flexcommResets
                0x00002e50       0x24 ./drivers/fsl_flexcomm.o
 .rodata.s_spiBaseAddrs
                0x00002e74       0x24 ./drivers/fsl_spi.o
 .rodata.FLEXCOMM4_config
                0x00002e98        0xc ./board/peripherals.o
                0x00002e98                FLEXCOMM4_config
 .rodata.FLEXCOMM8_config
                0x00002ea4       0x18 ./board/peripherals.o
                0x00002ea4                FLEXCOMM8_config
 .rodata._global_impure_ptr
                0x00002ebc        0x4 e:/programy/mcuxpressoide/ide/plugins/com.nxp.mcuxpresso.tools.win32_11.3.0.202008311133/tools/bin/../lib/gcc/arm-none-eabi/9.3.1/../../../../arm-none-eabi/lib/thumb/v8-m.main+fp/hard\libc_nano.a(lib_a-impure.o)
                0x00002ebc                _global_impure_ptr
 .rodata.__sf_fake_stderr
                0x00002ec0       0x20 e:/programy/mcuxpressoide/ide/plugins/com.nxp.mcuxpresso.tools.win32_11.3.0.202008311133/tools/bin/../lib/gcc/arm-none-eabi/9.3.1/../../../../arm-none-eabi/lib/thumb/v8-m.main+fp/hard\libc_nano.a(lib_a-findfp.o)
                0x00002ec0                __sf_fake_stderr
 .rodata.__sf_fake_stdin
                0x00002ee0       0x20 e:/programy/mcuxpressoide/ide/plugins/com.nxp.mcuxpresso.tools.win32_11.3.0.202008311133/tools/bin/../lib/gcc/arm-none-eabi/9.3.1/../../../../arm-none-eabi/lib/thumb/v8-m.main+fp/hard\libc_nano.a(lib_a-findfp.o)
                0x00002ee0                __sf_fake_stdin
 .rodata.__sf_fake_stdout
                0x00002f00       0x20 e:/programy/mcuxpressoide/ide/plugins/com.nxp.mcuxpresso.tools.win32_11.3.0.202008311133/tools/bin/../lib/gcc/arm-none-eabi/9.3.1/../../../../arm-none-eabi/lib/thumb/v8-m.main+fp/hard\libc_nano.a(lib_a-findfp.o)
                0x00002f00                __sf_fake_stdout
 .rodata._ZL14ov5642_320x240
                0x00002f20       0x6c ./source/ArduCAM/ArduCAM.o
 .rodata._ZL14ov5642_640x480
                0x00002f8c       0x6c ./source/ArduCAM/ArduCAM.o
 .rodata._ZL15ov5642_1024x768
                0x00002ff8       0x68 ./source/ArduCAM/ArduCAM.o
 .rodata._ZL15ov5642_1280x960
                0x00003060       0x68 ./source/ArduCAM/ArduCAM.o
 .rodata._ZL16ov5642_1600x1200
                0x000030c8       0x68 ./source/ArduCAM/ArduCAM.o
 .rodata._ZL16ov5642_2048x1536
                0x00003130       0xe8 ./source/ArduCAM/ArduCAM.o
 .rodata._ZL16ov5642_2592x1944
                0x00003218       0x68 ./source/ArduCAM/ArduCAM.o
 .rodata._ZL18OV5642_640x480_RAW
                0x00003280       0x14 ./source/ArduCAM/ArduCAM.o
 .rodata._ZL19OV5642_1280x960_RAW
                0x00003294      0x1cc ./source/ArduCAM/ArduCAM.o
 .rodata._ZL19OV5642_QVGA_Preview
                0x00003460     0x4858 ./source/ArduCAM/ArduCAM.o
 .rodata._ZL25OV5642_JPEG_Capture_QSXGA
                0x00007cb8      0x110 ./source/ArduCAM/ArduCAM.o
 .rodata.s_flexcommClocks
                0x00007dc8       0x12 ./drivers/fsl_flexcomm.o
 .rodata.s_gpioClockName
                0x00007dda        0x8 ./drivers/fsl_gpio.o
 .rodata._Z12arducam_testv.str1.1
                0x00007de2       0x7f ./source/arducam-test.o
 .rodata.main.str1.1
                0x00007e61        0xe ./source/arducam-test.o
 .rodata._vfprintf_r.str1.1
                0x00007e6f       0x11 e:/programy/mcuxpressoide/ide/plugins/com.nxp.mcuxpresso.tools.win32_11.3.0.202008311133/tools/bin/../lib/gcc/arm-none-eabi/9.3.1/../../../../arm-none-eabi/lib/thumb/v8-m.main+fp/hard\libc_nano.a(lib_a-nano-vfprintf.o)
 .rodata._printf_i.str1.1
                0x00007e80       0x22 e:/programy/mcuxpressoide/ide/plugins/com.nxp.mcuxpresso.tools.win32_11.3.0.202008311133/tools/bin/../lib/gcc/arm-none-eabi/9.3.1/../../../../arm-none-eabi/lib/thumb/v8-m.main+fp/hard\libc_nano.a(lib_a-nano-vfprintf_i.o)
 .rodata.initialise_monitor_handles.str1.1
                0x00007ea2        0x4 e:/programy/mcuxpressoide/ide/plugins/com.nxp.mcuxpresso.tools.win32_11.3.0.202008311133/tools/bin/../lib/gcc/arm-none-eabi/9.3.1/../../../../arm-none-eabi/lib/thumb/v8-m.main+fp/hard\libcr_newlib_semihost.a(syscalls.o)
                0x00007ea8                . = ALIGN (0x4)
 *fill*         0x00007ea6        0x2 ff
                0x00007ea8                . = ALIGN (0x4)
 *(.init)
 .init          0x00007ea8        0x4 e:/programy/mcuxpressoide/ide/plugins/com.nxp.mcuxpresso.tools.win32_11.3.0.202008311133/tools/bin/../lib/gcc/arm-none-eabi/9.3.1/thumb/v8-m.main+fp/hard\crti.o
                0x00007ea8                _init
 .init          0x00007eac        0x8 e:/programy/mcuxpressoide/ide/plugins/com.nxp.mcuxpresso.tools.win32_11.3.0.202008311133/tools/bin/../lib/gcc/arm-none-eabi/9.3.1/thumb/v8-m.main+fp/hard\crtn.o
                0x00007eb4                . = ALIGN (0x4)
                0x00007eb4                __preinit_array_start = .
 *(SORT_BY_ALIGNMENT(.preinit_array))
                0x00007eb4                __preinit_array_end = .
                0x00007eb4                . = ALIGN (0x4)
                0x00007eb4                __init_array_start = .
 *(SORT_BY_NAME(SORT_BY_ALIGNMENT(.init_array.*)))
 *(SORT_BY_ALIGNMENT(.init_array))
 .init_array    0x00007eb4        0x4 e:/programy/mcuxpressoide/ide/plugins/com.nxp.mcuxpresso.tools.win32_11.3.0.202008311133/tools/bin/../lib/gcc/arm-none-eabi/9.3.1/thumb/v8-m.main+fp/hard\crtbegin.o
                0x00007eb8                __init_array_end = .
 *(.fini)
 .fini          0x00007eb8        0x4 e:/programy/mcuxpressoide/ide/plugins/com.nxp.mcuxpresso.tools.win32_11.3.0.202008311133/tools/bin/../lib/gcc/arm-none-eabi/9.3.1/thumb/v8-m.main+fp/hard\crti.o
                0x00007eb8                _fini
 .fini          0x00007ebc        0x8 e:/programy/mcuxpressoide/ide/plugins/com.nxp.mcuxpresso.tools.win32_11.3.0.202008311133/tools/bin/../lib/gcc/arm-none-eabi/9.3.1/thumb/v8-m.main+fp/hard\crtn.o
                0x00007ec4                . = ALIGN (0x4)
 *crtbegin.o(SORT_BY_ALIGNMENT(.ctors))
 *(SORT_BY_ALIGNMENT(EXCLUDE_FILE(*crtend.o) .ctors))
 *(SORT_BY_NAME(SORT_BY_ALIGNMENT(.ctors.*)))
 *crtend.o(SORT_BY_ALIGNMENT(.ctors))
                0x00007ec4                . = ALIGN (0x4)
 *crtbegin.o(SORT_BY_ALIGNMENT(.dtors))
 *(SORT_BY_ALIGNMENT(EXCLUDE_FILE(*crtend.o) .dtors))
 *(SORT_BY_NAME(SORT_BY_ALIGNMENT(.dtors.*)))
 *crtend.o(SORT_BY_ALIGNMENT(.dtors))
                0x00007ec4                . = ALIGN (0x4)

.glue_7         0x00007ec4        0x0
 .glue_7        0x00007ec4        0x0 linker stubs

.glue_7t        0x00007ec4        0x0
 .glue_7t       0x00007ec4        0x0 linker stubs

.vfp11_veneer   0x00007ec4        0x0
 .vfp11_veneer  0x00007ec4        0x0 linker stubs

.v4_bx          0x00007ec4        0x0
 .v4_bx         0x00007ec4        0x0 linker stubs

.iplt           0x00007ec4        0x0
 .iplt          0x00007ec4        0x0 ./startup/startup_lpc55s69_cm33_core0.o

.ARM.extab
 *(SORT_BY_ALIGNMENT(.ARM.extab*) SORT_BY_ALIGNMENT(.gnu.linkonce.armextab.*))

.ARM.exidx      0x00007ec4        0x8
                0x00007ec4                __exidx_start = .
 *(SORT_BY_ALIGNMENT(.ARM.exidx*) SORT_BY_ALIGNMENT(.gnu.linkonce.armexidx.*))
 .ARM.exidx     0x00007ec4        0x8 e:/programy/mcuxpressoide/ide/plugins/com.nxp.mcuxpresso.tools.win32_11.3.0.202008311133/tools/bin/../lib/gcc/arm-none-eabi/9.3.1/thumb/v8-m.main+fp/hard\libgcc.a(_udivmoddi4.o)
                0x00007ecc                __exidx_end = .
                0x00007ecc                _etext = .

.rel.dyn        0x00007ecc        0x0
 .rel.iplt      0x00007ecc        0x0 ./startup/startup_lpc55s69_cm33_core0.o

.eh_frame       0x00007ecc        0x0
 .eh_frame      0x00007ecc        0x0 e:/programy/mcuxpressoide/ide/plugins/com.nxp.mcuxpresso.tools.win32_11.3.0.202008311133/tools/bin/../lib/gcc/arm-none-eabi/9.3.1/thumb/v8-m.main+fp/hard\crtbegin.o

.m_usb_data
 *(SORT_BY_ALIGNMENT(m_usb_global))

.data_RAM2      0x20040000        0x0 load address 0x00007ecc
 FILL mask 0xff
                [!provide]                PROVIDE (__start_data_RAM2 = .)
                [!provide]                PROVIDE (__start_data_SRAM4 = .)
 *(SORT_BY_ALIGNMENT(.ramfunc.$RAM2))
 *(SORT_BY_ALIGNMENT(.ramfunc.$SRAM4))
 *(SORT_BY_ALIGNMENT(.data.$RAM2))
 *(SORT_BY_ALIGNMENT(.data.$SRAM4))
 *(SORT_BY_ALIGNMENT(.data.$RAM2.*))
 *(SORT_BY_ALIGNMENT(.data.$SRAM4.*))
                0x20040000                . = ALIGN (0x4)
                [!provide]                PROVIDE (__end_data_RAM2 = .)
                [!provide]                PROVIDE (__end_data_SRAM4 = .)

.data_RAM3      0x04000000        0x0 load address 0x00007ecc
 FILL mask 0xff
                [!provide]                PROVIDE (__start_data_RAM3 = .)
                [!provide]                PROVIDE (__start_data_SRAMX = .)
 *(SORT_BY_ALIGNMENT(.ramfunc.$RAM3))
 *(SORT_BY_ALIGNMENT(.ramfunc.$SRAMX))
 *(SORT_BY_ALIGNMENT(.data.$RAM3))
 *(SORT_BY_ALIGNMENT(.data.$SRAMX))
 *(SORT_BY_ALIGNMENT(.data.$RAM3.*))
 *(SORT_BY_ALIGNMENT(.data.$SRAMX.*))
                0x04000000                . = ALIGN (0x4)
                [!provide]                PROVIDE (__end_data_RAM3 = .)
                [!provide]                PROVIDE (__end_data_SRAMX = .)

.data_RAM4      0x40100000        0x0 load address 0x00007ecc
 FILL mask 0xff
                [!provide]                PROVIDE (__start_data_RAM4 = .)
                [!provide]                PROVIDE (__start_data_USB_RAM = .)
 *(SORT_BY_ALIGNMENT(.ramfunc.$RAM4))
 *(SORT_BY_ALIGNMENT(.ramfunc.$USB_RAM))
 *(SORT_BY_ALIGNMENT(.data.$RAM4))
 *(SORT_BY_ALIGNMENT(.data.$USB_RAM))
 *(SORT_BY_ALIGNMENT(.data.$RAM4.*))
 *(SORT_BY_ALIGNMENT(.data.$USB_RAM.*))
                0x40100000                . = ALIGN (0x4)
                [!provide]                PROVIDE (__end_data_RAM4 = .)
                [!provide]                PROVIDE (__end_data_USB_RAM = .)

.uninit_RESERVED
                0x20000000        0x0
                0x20000000                _start_uninit_RESERVED = .
 *(SORT_BY_ALIGNMENT(.bss.$RESERVED*))
                0x20000000                . = ALIGN (0x4)
                0x20000000                _end_uninit_RESERVED = .

.data           0x20000000       0x6c load address 0x00007ecc
 FILL mask 0xff
                0x20000000                _data = .
                [!provide]                PROVIDE (__start_data_RAM = .)
                [!provide]                PROVIDE (__start_data_SRAM = .)
 *(SORT_BY_ALIGNMENT(vtable))
 *(SORT_BY_ALIGNMENT(.ramfunc*))
 *(SORT_BY_ALIGNMENT(CodeQuickAccess))
 *(SORT_BY_ALIGNMENT(DataQuickAccess))
 *(SORT_BY_ALIGNMENT(RamFunction))
 *(SORT_BY_ALIGNMENT(.data*))
 .data.s_Ext_Clk_Freq
                0x20000000        0x4 ./drivers/fsl_clock.o
 .data.SystemCoreClock
                0x20000004        0x4 ./device/system_LPC55S69_cm33_core0.o
                0x20000004                SystemCoreClock
 .data._impure_ptr
                0x20000008        0x4 e:/programy/mcuxpressoide/ide/plugins/com.nxp.mcuxpresso.tools.win32_11.3.0.202008311133/tools/bin/../lib/gcc/arm-none-eabi/9.3.1/../../../../arm-none-eabi/lib/thumb/v8-m.main+fp/hard\libc_nano.a(lib_a-impure.o)
                0x20000008                _impure_ptr
 .data.impure_data
                0x2000000c       0x60 e:/programy/mcuxpressoide/ide/plugins/com.nxp.mcuxpresso.tools.win32_11.3.0.202008311133/tools/bin/../lib/gcc/arm-none-eabi/9.3.1/../../../../arm-none-eabi/lib/thumb/v8-m.main+fp/hard\libc_nano.a(lib_a-impure.o)
                0x2000006c                . = ALIGN (0x4)
                0x2000006c                _edata = .
                [!provide]                PROVIDE (__end_data_RAM = .)
                [!provide]                PROVIDE (__end_data_SRAM = .)

.igot.plt       0x2000006c        0x0 load address 0x00007f38
 .igot.plt      0x2000006c        0x0 ./startup/startup_lpc55s69_cm33_core0.o

.bss_RAM2       0x20040000        0x0
                [!provide]                PROVIDE (__start_bss_RAM2 = .)
                [!provide]                PROVIDE (__start_bss_SRAM4 = .)
 *(SORT_BY_ALIGNMENT(.bss.$RAM2))
 *(SORT_BY_ALIGNMENT(.bss.$SRAM4))
 *(SORT_BY_ALIGNMENT(.bss.$RAM2.*))
 *(SORT_BY_ALIGNMENT(.bss.$SRAM4.*))
                0x20040000                . = ALIGN ((. != 0x0)?0x4:0x1)
                [!provide]                PROVIDE (__end_bss_RAM2 = .)
                [!provide]                PROVIDE (__end_bss_SRAM4 = .)

.bss_RAM3       0x04000000        0x0
                [!provide]                PROVIDE (__start_bss_RAM3 = .)
                [!provide]                PROVIDE (__start_bss_SRAMX = .)
 *(SORT_BY_ALIGNMENT(.bss.$RAM3))
 *(SORT_BY_ALIGNMENT(.bss.$SRAMX))
 *(SORT_BY_ALIGNMENT(.bss.$RAM3.*))
 *(SORT_BY_ALIGNMENT(.bss.$SRAMX.*))
                0x04000000                . = ALIGN ((. != 0x0)?0x4:0x1)
                [!provide]                PROVIDE (__end_bss_RAM3 = .)
                [!provide]                PROVIDE (__end_bss_SRAMX = .)

.bss_RAM4       0x40100000        0x0
                [!provide]                PROVIDE (__start_bss_RAM4 = .)
                [!provide]                PROVIDE (__start_bss_USB_RAM = .)
 *(SORT_BY_ALIGNMENT(.bss.$RAM4))
 *(SORT_BY_ALIGNMENT(.bss.$USB_RAM))
 *(SORT_BY_ALIGNMENT(.bss.$RAM4.*))
 *(SORT_BY_ALIGNMENT(.bss.$USB_RAM.*))
                0x40100000                . = ALIGN ((. != 0x0)?0x4:0x1)
                [!provide]                PROVIDE (__end_bss_RAM4 = .)
                [!provide]                PROVIDE (__end_bss_USB_RAM = .)

.bss            0x2000006c      0x104
                0x2000006c                _bss = .
                [!provide]                PROVIDE (__start_bss_RAM = .)
                [!provide]                PROVIDE (__start_bss_SRAM = .)
 *(SORT_BY_ALIGNMENT(.bss*))
 .bss._ZL6i2c_tr
                0x2000006c       0x18 ./source/ArduCAM/ArduCAM.o
 .bss._ZL6spi_tr
                0x20000084       0x10 ./source/ArduCAM/ArduCAM.o
 .bss._ZZ4mainE1i
                0x20000094        0x4 ./source/arducam-test.o
 .bss.s_Pll0_Freq
                0x20000098        0x4 ./drivers/fsl_clock.o
 .bss.s_flexcommHandle
                0x2000009c       0x24 ./drivers/fsl_flexcomm.o
 .bss.s_flexcommIrqHandler
                0x200000c0       0x24 ./drivers/fsl_flexcomm.o
 .bss.__malloc_free_list
                0x200000e4        0x4 e:/programy/mcuxpressoide/ide/plugins/com.nxp.mcuxpresso.tools.win32_11.3.0.202008311133/tools/bin/../lib/gcc/arm-none-eabi/9.3.1/../../../../arm-none-eabi/lib/thumb/v8-m.main+fp/hard\libc_nano.a(lib_a-nano-mallocr.o)
                0x200000e4                __malloc_free_list
 .bss.__malloc_sbrk_start
                0x200000e8        0x4 e:/programy/mcuxpressoide/ide/plugins/com.nxp.mcuxpresso.tools.win32_11.3.0.202008311133/tools/bin/../lib/gcc/arm-none-eabi/9.3.1/../../../../arm-none-eabi/lib/thumb/v8-m.main+fp/hard\libc_nano.a(lib_a-nano-mallocr.o)
                0x200000e8                __malloc_sbrk_start
 .bss.__end_of_heap
                0x200000ec        0x4 e:/programy/mcuxpressoide/ide/plugins/com.nxp.mcuxpresso.tools.win32_11.3.0.202008311133/tools/bin/../lib/gcc/arm-none-eabi/9.3.1/../../../../arm-none-eabi/lib/thumb/v8-m.main+fp/hard\libcr_newlib_semihost.a(_cr_sbrk.o)
                0x200000ec                __end_of_heap
 .bss.initialized.7076
                0x200000f0        0x4 e:/programy/mcuxpressoide/ide/plugins/com.nxp.mcuxpresso.tools.win32_11.3.0.202008311133/tools/bin/../lib/gcc/arm-none-eabi/9.3.1/../../../../arm-none-eabi/lib/thumb/v8-m.main+fp/hard\libcr_newlib_semihost.a(syscalls.o)
 .bss.monitor_stderr
                0x200000f4        0x4 e:/programy/mcuxpressoide/ide/plugins/com.nxp.mcuxpresso.tools.win32_11.3.0.202008311133/tools/bin/../lib/gcc/arm-none-eabi/9.3.1/../../../../arm-none-eabi/lib/thumb/v8-m.main+fp/hard\libcr_newlib_semihost.a(syscalls.o)
 .bss.monitor_stdin
                0x200000f8        0x4 e:/programy/mcuxpressoide/ide/plugins/com.nxp.mcuxpresso.tools.win32_11.3.0.202008311133/tools/bin/../lib/gcc/arm-none-eabi/9.3.1/../../../../arm-none-eabi/lib/thumb/v8-m.main+fp/hard\libcr_newlib_semihost.a(syscalls.o)
 .bss.monitor_stdout
                0x200000fc        0x4 e:/programy/mcuxpressoide/ide/plugins/com.nxp.mcuxpresso.tools.win32_11.3.0.202008311133/tools/bin/../lib/gcc/arm-none-eabi/9.3.1/../../../../arm-none-eabi/lib/thumb/v8-m.main+fp/hard\libcr_newlib_semihost.a(syscalls.o)
 .bss.openfiles
                0x20000100       0x28 e:/programy/mcuxpressoide/ide/plugins/com.nxp.mcuxpresso.tools.win32_11.3.0.202008311133/tools/bin/../lib/gcc/arm-none-eabi/9.3.1/../../../../arm-none-eabi/lib/thumb/v8-m.main+fp/hard\libcr_newlib_semihost.a(syscalls.o)
 .bss           0x20000128       0x1c e:/programy/mcuxpressoide/ide/plugins/com.nxp.mcuxpresso.tools.win32_11.3.0.202008311133/tools/bin/../lib/gcc/arm-none-eabi/9.3.1/thumb/v8-m.main+fp/hard\crtbegin.o
 .bss.g_configs
                0x20000144       0x12 ./drivers/fsl_spi.o
 .bss.s_dummyData
                0x20000156        0x9 ./drivers/fsl_spi.o
                0x20000156                s_dummyData
 *(SORT_BY_ALIGNMENT(COMMON))
 *fill*         0x2000015f        0x1 
 COMMON         0x20000160        0x4 e:/programy/mcuxpressoide/ide/plugins/com.nxp.mcuxpresso.tools.win32_11.3.0.202008311133/tools/bin/../lib/gcc/arm-none-eabi/9.3.1/../../../../arm-none-eabi/lib/thumb/v8-m.main+fp/hard\libc_nano.a(lib_a-reent.o)
                0x20000160                errno
 COMMON         0x20000164        0x9 e:/programy/mcuxpressoide/ide/plugins/com.nxp.mcuxpresso.tools.win32_11.3.0.202008311133/tools/bin/../lib/gcc/arm-none-eabi/9.3.1/../../../../arm-none-eabi/lib/thumb/v8-m.main+fp/hard\libc_nano.a(lib_a-lock.o)
                0x20000164                __lock___atexit_recursive_mutex
                0x20000165                __lock___arc4random_mutex
                0x20000166                __lock___env_recursive_mutex
                0x20000167                __lock___sinit_recursive_mutex
                0x20000168                __lock___malloc_recursive_mutex
                0x20000169                __lock___at_quick_exit_mutex
                0x2000016a                __lock___dd_hash_mutex
                0x2000016b                __lock___tz_mutex
                0x2000016c                __lock___sfp_recursive_mutex
                0x20000170                . = ALIGN (0x4)
 *fill*         0x2000016d        0x3 
                0x20000170                _ebss = .
                [!provide]                PROVIDE (__end_bss_RAM = .)
                [!provide]                PROVIDE (__end_bss_SRAM = .)
                [!provide]                PROVIDE (end = .)

.noinit_RAM2    0x20040000        0x0
                [!provide]                PROVIDE (__start_noinit_RAM2 = .)
                [!provide]                PROVIDE (__start_noinit_SRAM4 = .)
 *(SORT_BY_ALIGNMENT(.noinit.$RAM2))
 *(SORT_BY_ALIGNMENT(.noinit.$SRAM4))
 *(SORT_BY_ALIGNMENT(.noinit.$RAM2.*))
 *(SORT_BY_ALIGNMENT(.noinit.$SRAM4.*))
                0x20040000                . = ALIGN (0x4)
                [!provide]                PROVIDE (__end_noinit_RAM2 = .)
                [!provide]                PROVIDE (__end_noinit_SRAM4 = .)

.noinit_RAM3    0x04000000        0x0
                [!provide]                PROVIDE (__start_noinit_RAM3 = .)
                [!provide]                PROVIDE (__start_noinit_SRAMX = .)
 *(SORT_BY_ALIGNMENT(.noinit.$RAM3))
 *(SORT_BY_ALIGNMENT(.noinit.$SRAMX))
 *(SORT_BY_ALIGNMENT(.noinit.$RAM3.*))
 *(SORT_BY_ALIGNMENT(.noinit.$SRAMX.*))
                0x04000000                . = ALIGN (0x4)
                [!provide]                PROVIDE (__end_noinit_RAM3 = .)
                [!provide]                PROVIDE (__end_noinit_SRAMX = .)

.noinit_RAM4    0x40100000        0x0
                [!provide]                PROVIDE (__start_noinit_RAM4 = .)
                [!provide]                PROVIDE (__start_noinit_USB_RAM = .)
 *(SORT_BY_ALIGNMENT(.noinit.$RAM4))
 *(SORT_BY_ALIGNMENT(.noinit.$USB_RAM))
 *(SORT_BY_ALIGNMENT(.noinit.$RAM4.*))
 *(SORT_BY_ALIGNMENT(.noinit.$USB_RAM.*))
                0x40100000                . = ALIGN (0x4)
                [!provide]                PROVIDE (__end_noinit_RAM4 = .)
                [!provide]                PROVIDE (__end_noinit_USB_RAM = .)

.noinit         0x20000170        0x0
                0x20000170                _noinit = .
                [!provide]                PROVIDE (__start_noinit_RAM = .)
                [!provide]                PROVIDE (__start_noinit_SRAM = .)
 *(SORT_BY_ALIGNMENT(.noinit*))
                0x20000170                . = ALIGN (0x4)
                0x20000170                _end_noinit = .
                [!provide]                PROVIDE (__end_noinit_RAM = .)
                [!provide]                PROVIDE (__end_noinit_SRAM = .)
                0x00001000                _HeapSize = 0x1000

.heap           0x20000170     0x1000
                0x20000170                _pvHeapStart = .
                0x20001170                . = (. + _HeapSize)
 *fill*         0x20000170     0x1000 
                0x20001170                . = ALIGN (0x4)
                0x20001170                _pvHeapLimit = .
                0x00001000                _StackSize = 0x1000

.heap2stackfill
                0x20001170     0x1000
                0x20002170                . = (. + _StackSize)
 *fill*         0x20001170     0x1000 

.stack          0x2003f000        0x0
                0x2003f000                _vStackBase = .
                0x2003f000                . = ALIGN (0x4)
                0x20040000                _vStackTop = (. + _StackSize)
                [!provide]                PROVIDE (__valid_user_code_checksum = (0x0 - ((((((_vStackTop + (ResetISR + 0x1)) + (NMI_Handler + 0x1)) + (HardFault_Handler + 0x1)) + (DEFINED (MemManage_Handler)?MemManage_Handler:0x0 + 0x1)) + (DEFINED (BusFault_Handler)?BusFault_Handler:0x0 + 0x1)) + (DEFINED (UsageFault_Handler)?UsageFault_Handler:0x0 + 0x1))))
                0x00000000                _image_start = LOADADDR (.text)
                0x00007f38                _image_end = (LOADADDR (.data) + SIZEOF (.data))
                0x00007f38                _image_size = (_image_end - _image_start)
OUTPUT(arducam-test.axf elf32-littlearm)
LOAD linker stubs

.debug_info     0x00000000    0x2dd12
 .debug_info    0x00000000      0xa0d ./startup/startup_lpc55s69_cm33_core0.o
 .debug_info    0x00000a0d     0x7836 ./source/ArduCAM/ArduCAM.o
 .debug_info    0x00008243     0x897b ./source/arducam-test.o
 .debug_info    0x00010bbe       0x38 ./source/semihost_hardfault.o
 .debug_info    0x00010bf6     0x4d74 ./drivers/fsl_clock.o
 .debug_info    0x0001596a      0xbb0 ./drivers/fsl_common.o
 .debug_info    0x0001651a     0x2410 ./drivers/fsl_flexcomm.o
 .debug_info    0x0001892a     0x20cf ./drivers/fsl_gpio.o
 .debug_info    0x0001a9f9     0x3ca6 ./drivers/fsl_i2c.o
 .debug_info    0x0001e69f     0x17c8 ./drivers/fsl_reset.o
 .debug_info    0x0001fe67     0x2755 ./drivers/fsl_spi.o
 .debug_info    0x000225bc     0x1517 ./device/system_LPC55S69_cm33_core0.o
 .debug_info    0x00023ad3     0x120d ./board/board.o
 .debug_info    0x00024ce0     0x251c ./board/clock_config.o
 .debug_info    0x000271fc     0x191f ./board/peripherals.o
 .debug_info    0x00028b1b     0x1bf2 ./board/pin_mux.o
 .debug_info    0x0002a70d     0x3605 C:\Users\kornel\Documents\MCUXpressoIDE_11.3.0_5222\workspace\arducam-test\LPC55S69\mcuxpresso\libpower_hardabi.a(fsl_power_lib.o)

.debug_abbrev   0x00000000     0x3d2a
 .debug_abbrev  0x00000000      0x162 ./startup/startup_lpc55s69_cm33_core0.o
 .debug_abbrev  0x00000162      0x6de ./source/ArduCAM/ArduCAM.o
 .debug_abbrev  0x00000840      0x449 ./source/arducam-test.o
 .debug_abbrev  0x00000c89       0x2e ./source/semihost_hardfault.o
 .debug_abbrev  0x00000cb7      0x63d ./drivers/fsl_clock.o
 .debug_abbrev  0x000012f4      0x2c3 ./drivers/fsl_common.o
 .debug_abbrev  0x000015b7      0x412 ./drivers/fsl_flexcomm.o
 .debug_abbrev  0x000019c9      0x353 ./drivers/fsl_gpio.o
 .debug_abbrev  0x00001d1c      0x5a7 ./drivers/fsl_i2c.o
 .debug_abbrev  0x000022c3      0x286 ./drivers/fsl_reset.o
 .debug_abbrev  0x00002549      0x4d3 ./drivers/fsl_spi.o
 .debug_abbrev  0x00002a1c      0x289 ./device/system_LPC55S69_cm33_core0.o
 .debug_abbrev  0x00002ca5      0x268 ./board/board.o
 .debug_abbrev  0x00002f0d      0x354 ./board/clock_config.o
 .debug_abbrev  0x00003261      0x2c4 ./board/peripherals.o
 .debug_abbrev  0x00003525      0x371 ./board/pin_mux.o
 .debug_abbrev  0x00003896      0x494 C:\Users\kornel\Documents\MCUXpressoIDE_11.3.0_5222\workspace\arducam-test\LPC55S69\mcuxpresso\libpower_hardabi.a(fsl_power_lib.o)

.debug_loc      0x00000000     0xb3da
 .debug_loc     0x00000000      0x1a0 ./startup/startup_lpc55s69_cm33_core0.o
 .debug_loc     0x000001a0     0x24df ./source/ArduCAM/ArduCAM.o
 .debug_loc     0x0000267f       0x48 ./source/arducam-test.o
 .debug_loc     0x000026c7     0x2587 ./drivers/fsl_clock.o
 .debug_loc     0x00004c4e      0x34c ./drivers/fsl_common.o
 .debug_loc     0x00004f9a      0x26d ./drivers/fsl_flexcomm.o
 .debug_loc     0x00005207      0x29d ./drivers/fsl_gpio.o
 .debug_loc     0x000054a4     0x2a77 ./drivers/fsl_i2c.o
 .debug_loc     0x00007f1b       0xce ./drivers/fsl_reset.o
 .debug_loc     0x00007fe9     0x13b5 ./drivers/fsl_spi.o
 .debug_loc     0x0000939e      0x34c ./device/system_LPC55S69_cm33_core0.o
 .debug_loc     0x000096ea      0x17b ./board/clock_config.o
 .debug_loc     0x00009865      0x12d ./board/pin_mux.o
 .debug_loc     0x00009992     0x1a48 C:\Users\kornel\Documents\MCUXpressoIDE_11.3.0_5222\workspace\arducam-test\LPC55S69\mcuxpresso\libpower_hardabi.a(fsl_power_lib.o)

.debug_aranges  0x00000000      0xa58
 .debug_aranges
                0x00000000      0x268 ./startup/startup_lpc55s69_cm33_core0.o
 .debug_aranges
                0x00000268      0x190 ./source/ArduCAM/ArduCAM.o
 .debug_aranges
                0x000003f8       0x30 ./source/arducam-test.o
 .debug_aranges
                0x00000428       0x20 ./source/semihost_hardfault.o
 .debug_aranges
                0x00000448      0x1b0 ./drivers/fsl_clock.o
 .debug_aranges
                0x000005f8       0x30 ./drivers/fsl_common.o
 .debug_aranges
                0x00000628       0x78 ./drivers/fsl_flexcomm.o
 .debug_aranges
                0x000006a0       0x28 ./drivers/fsl_gpio.o
 .debug_aranges
                0x000006c8      0x110 ./drivers/fsl_i2c.o
 .debug_aranges
                0x000007d8       0x30 ./drivers/fsl_reset.o
 .debug_aranges
                0x00000808       0xc0 ./drivers/fsl_spi.o
 .debug_aranges
                0x000008c8       0x38 ./device/system_LPC55S69_cm33_core0.o
 .debug_aranges
                0x00000900       0x28 ./board/board.o
 .debug_aranges
                0x00000928       0x48 ./board/clock_config.o
 .debug_aranges
                0x00000970       0x28 ./board/peripherals.o
 .debug_aranges
                0x00000998       0x28 ./board/pin_mux.o
 .debug_aranges
                0x000009c0       0x98 C:\Users\kornel\Documents\MCUXpressoIDE_11.3.0_5222\workspace\arducam-test\LPC55S69\mcuxpresso\libpower_hardabi.a(fsl_power_lib.o)

.debug_ranges   0x00000000     0x1620
 .debug_ranges  0x00000000      0x258 ./startup/startup_lpc55s69_cm33_core0.o
 .debug_ranges  0x00000258      0x268 ./source/ArduCAM/ArduCAM.o
 .debug_ranges  0x000004c0       0x20 ./source/arducam-test.o
 .debug_ranges  0x000004e0       0x10 ./source/semihost_hardfault.o
 .debug_ranges  0x000004f0      0x588 ./drivers/fsl_clock.o
 .debug_ranges  0x00000a78       0x38 ./drivers/fsl_common.o
 .debug_ranges  0x00000ab0       0xb0 ./drivers/fsl_flexcomm.o
 .debug_ranges  0x00000b60       0x60 ./drivers/fsl_gpio.o
 .debug_ranges  0x00000bc0      0x430 ./drivers/fsl_i2c.o
 .debug_ranges  0x00000ff0       0x20 ./drivers/fsl_reset.o
 .debug_ranges  0x00001010      0x128 ./drivers/fsl_spi.o
 .debug_ranges  0x00001138       0xf8 ./device/system_LPC55S69_cm33_core0.o
 .debug_ranges  0x00001230       0x18 ./board/board.o
 .debug_ranges  0x00001248      0x138 ./board/clock_config.o
 .debug_ranges  0x00001380       0x48 ./board/peripherals.o
 .debug_ranges  0x000013c8       0x68 ./board/pin_mux.o
 .debug_ranges  0x00001430      0x1f0 C:\Users\kornel\Documents\MCUXpressoIDE_11.3.0_5222\workspace\arducam-test\LPC55S69\mcuxpresso\libpower_hardabi.a(fsl_power_lib.o)

.debug_line     0x00000000     0xbfe2
 .debug_line    0x00000000      0x9c7 ./startup/startup_lpc55s69_cm33_core0.o
 .debug_line    0x000009c7     0x1de9 ./source/ArduCAM/ArduCAM.o
 .debug_line    0x000027b0      0x907 ./source/arducam-test.o
 .debug_line    0x000030b7       0x58 ./source/semihost_hardfault.o
 .debug_line    0x0000310f     0x2296 ./drivers/fsl_clock.o
 .debug_line    0x000053a5      0x3ae ./drivers/fsl_common.o
 .debug_line    0x00005753      0x590 ./drivers/fsl_flexcomm.o
 .debug_line    0x00005ce3      0x40c ./drivers/fsl_gpio.o
 .debug_line    0x000060ef     0x1c3a ./drivers/fsl_i2c.o
 .debug_line    0x00007d29      0x3af ./drivers/fsl_reset.o
 .debug_line    0x000080d8     0x11e6 ./drivers/fsl_spi.o
 .debug_line    0x000092be      0x5c9 ./device/system_LPC55S69_cm33_core0.o
 .debug_line    0x00009887      0x47a ./board/board.o
 .debug_line    0x00009d01      0x763 ./board/clock_config.o
 .debug_line    0x0000a464      0x3f4 ./board/peripherals.o
 .debug_line    0x0000a858      0x510 ./board/pin_mux.o
 .debug_line    0x0000ad68     0x127a C:\Users\kornel\Documents\MCUXpressoIDE_11.3.0_5222\workspace\arducam-test\LPC55S69\mcuxpresso\libpower_hardabi.a(fsl_power_lib.o)

.debug_str      0x00000000     0x9603
 .debug_str     0x00000000      0x7e9 ./startup/startup_lpc55s69_cm33_core0.o
                                0x7fc (size before relaxing)
 .debug_str     0x000007e9     0x2bc7 ./source/ArduCAM/ArduCAM.o
                               0x2f23 (size before relaxing)
 .debug_str     0x000033b0       0xf3 ./source/arducam-test.o
                               0x2117 (size before relaxing)
 .debug_str     0x000034a3       0xf8 ./source/semihost_hardfault.o
                                0x15d (size before relaxing)
 .debug_str     0x0000359b     0x2b97 ./drivers/fsl_clock.o
                               0x3c31 (size before relaxing)
 .debug_str     0x00006132       0xd7 ./drivers/fsl_common.o
                                0x739 (size before relaxing)
 .debug_str     0x00006209      0x90f ./drivers/fsl_flexcomm.o
                               0x29a1 (size before relaxing)
 .debug_str     0x00006b18      0x113 ./drivers/fsl_gpio.o
                               0x2342 (size before relaxing)
 .debug_str     0x00006c2b      0xcb1 ./drivers/fsl_i2c.o
                               0x248e (size before relaxing)
 .debug_str     0x000078dc       0x6e ./drivers/fsl_reset.o
                               0x13f3 (size before relaxing)
 .debug_str     0x0000794a      0x5db ./drivers/fsl_spi.o
                               0x20cd (size before relaxing)
 .debug_str     0x00007f25      0x158 ./device/system_LPC55S69_cm33_core0.o
                                0xc99 (size before relaxing)
 .debug_str     0x0000807d       0xe7 ./board/board.o
                               0x1b05 (size before relaxing)
 .debug_str     0x00008164       0x97 ./board/clock_config.o
                               0x20c2 (size before relaxing)
 .debug_str     0x000081fb       0x4b ./board/peripherals.o
                               0x2043 (size before relaxing)
 .debug_str     0x00008246       0xb2 ./board/pin_mux.o
                               0x1453 (size before relaxing)
 .debug_str     0x000082f8     0x130b C:\Users\kornel\Documents\MCUXpressoIDE_11.3.0_5222\workspace\arducam-test\LPC55S69\mcuxpresso\libpower_hardabi.a(fsl_power_lib.o)
                               0x34ab (size before relaxing)

.comment        0x00000000       0xc5
 .comment       0x00000000       0x4c ./startup/startup_lpc55s69_cm33_core0.o
                                 0x4d (size before relaxing)
 .comment       0x0000004c       0x4d ./source/ArduCAM/ArduCAM.o
 .comment       0x0000004c       0x4d ./source/arducam-test.o
 .comment       0x0000004c       0x4d ./source/semihost_hardfault.o
 .comment       0x0000004c       0x4d ./drivers/fsl_clock.o
 .comment       0x0000004c       0x4d ./drivers/fsl_common.o
 .comment       0x0000004c       0x4d ./drivers/fsl_flexcomm.o
 .comment       0x0000004c       0x4d ./drivers/fsl_gpio.o
 .comment       0x0000004c       0x4d ./drivers/fsl_i2c.o
 .comment       0x0000004c       0x4d ./drivers/fsl_reset.o
 .comment       0x0000004c       0x4d ./drivers/fsl_spi.o
 .comment       0x0000004c       0x4d ./device/system_LPC55S69_cm33_core0.o
 .comment       0x0000004c       0x4d ./board/board.o
 .comment       0x0000004c       0x4d ./board/clock_config.o
 .comment       0x0000004c       0x4d ./board/peripherals.o
 .comment       0x0000004c       0x4d ./board/pin_mux.o
 .comment       0x0000004c       0x79 C:\Users\kornel\Documents\MCUXpressoIDE_11.3.0_5222\workspace\arducam-test\LPC55S69\mcuxpresso\libpower_hardabi.a(fsl_power_lib.o)
                                 0x7a (size before relaxing)
 .comment       0x000000c5       0x4d e:/programy/mcuxpressoide/ide/plugins/com.nxp.mcuxpresso.tools.win32_11.3.0.202008311133/tools/bin/../lib/gcc/arm-none-eabi/9.3.1/../../../../arm-none-eabi/lib/thumb/v8-m.main+fp/hard\libcr_newlib_semihost.a(_cr_sbrk.o)
 .comment       0x000000c5       0x4d e:/programy/mcuxpressoide/ide/plugins/com.nxp.mcuxpresso.tools.win32_11.3.0.202008311133/tools/bin/../lib/gcc/arm-none-eabi/9.3.1/../../../../arm-none-eabi/lib/thumb/v8-m.main+fp/hard\libcr_newlib_semihost.a(syscalls.o)
 .comment       0x000000c5       0x4d e:/programy/mcuxpressoide/ide/plugins/com.nxp.mcuxpresso.tools.win32_11.3.0.202008311133/tools/bin/../lib/gcc/arm-none-eabi/9.3.1/../../../../arm-none-eabi/lib/thumb/v8-m.main+fp/hard\libcr_newlib_semihost.a(_cr_check_heap.o)

.ARM.attributes
                0x00000000       0x38
 .ARM.attributes
                0x00000000       0x3a ./startup/startup_lpc55s69_cm33_core0.o
 .ARM.attributes
                0x0000003a       0x3a ./source/ArduCAM/ArduCAM.o
 .ARM.attributes
                0x00000074       0x3a ./source/arducam-test.o
 .ARM.attributes
                0x000000ae       0x3a ./source/semihost_hardfault.o
 .ARM.attributes
                0x000000e8       0x3a ./drivers/fsl_clock.o
 .ARM.attributes
                0x00000122       0x3a ./drivers/fsl_common.o
 .ARM.attributes
                0x0000015c       0x3a ./drivers/fsl_flexcomm.o
 .ARM.attributes
                0x00000196       0x3a ./drivers/fsl_gpio.o
 .ARM.attributes
                0x000001d0       0x3a ./drivers/fsl_i2c.o
 .ARM.attributes
                0x0000020a       0x3a ./drivers/fsl_reset.o
 .ARM.attributes
                0x00000244       0x3a ./drivers/fsl_spi.o
 .ARM.attributes
                0x0000027e       0x3a ./device/system_LPC55S69_cm33_core0.o
 .ARM.attributes
                0x000002b8       0x3a ./board/board.o
 .ARM.attributes
                0x000002f2       0x3a ./board/clock_config.o
 .ARM.attributes
                0x0000032c       0x3a ./board/peripherals.o
 .ARM.attributes
                0x00000366       0x3a ./board/pin_mux.o
 .ARM.attributes
                0x000003a0       0x3a C:\Users\kornel\Documents\MCUXpressoIDE_11.3.0_5222\workspace\arducam-test\LPC55S69\mcuxpresso\libpower_hardabi.a(fsl_power_lib.o)
 .ARM.attributes
                0x000003da       0x22 e:/programy/mcuxpressoide/ide/plugins/com.nxp.mcuxpresso.tools.win32_11.3.0.202008311133/tools/bin/../lib/gcc/arm-none-eabi/9.3.1/thumb/v8-m.main+fp/hard\libgcc.a(_aeabi_uldivmod.o)
 .ARM.attributes
                0x000003fc       0x38 e:/programy/mcuxpressoide/ide/plugins/com.nxp.mcuxpresso.tools.win32_11.3.0.202008311133/tools/bin/../lib/gcc/arm-none-eabi/9.3.1/thumb/v8-m.main+fp/hard\libgcc.a(_udivmoddi4.o)
 .ARM.attributes
                0x00000434       0x22 e:/programy/mcuxpressoide/ide/plugins/com.nxp.mcuxpresso.tools.win32_11.3.0.202008311133/tools/bin/../lib/gcc/arm-none-eabi/9.3.1/thumb/v8-m.main+fp/hard\libgcc.a(_dvmd_tls.o)
 .ARM.attributes
                0x00000456       0x38 e:/programy/mcuxpressoide/ide/plugins/com.nxp.mcuxpresso.tools.win32_11.3.0.202008311133/tools/bin/../lib/gcc/arm-none-eabi/9.3.1/../../../../arm-none-eabi/lib/thumb/v8-m.main+fp/hard\libc_nano.a(lib_a-errno.o)
 .ARM.attributes
                0x0000048e       0x36 e:/programy/mcuxpressoide/ide/plugins/com.nxp.mcuxpresso.tools.win32_11.3.0.202008311133/tools/bin/../lib/gcc/arm-none-eabi/9.3.1/../../../../arm-none-eabi/lib/thumb/v8-m.main+fp/hard\libc_nano.a(lib_a-impure.o)
 .ARM.attributes
                0x000004c4       0x38 e:/programy/mcuxpressoide/ide/plugins/com.nxp.mcuxpresso.tools.win32_11.3.0.202008311133/tools/bin/../lib/gcc/arm-none-eabi/9.3.1/../../../../arm-none-eabi/lib/thumb/v8-m.main+fp/hard\libc_nano.a(lib_a-init.o)
 .ARM.attributes
                0x000004fc       0x38 e:/programy/mcuxpressoide/ide/plugins/com.nxp.mcuxpresso.tools.win32_11.3.0.202008311133/tools/bin/../lib/gcc/arm-none-eabi/9.3.1/../../../../arm-none-eabi/lib/thumb/v8-m.main+fp/hard\libc_nano.a(lib_a-memset.o)
 .ARM.attributes
                0x00000534       0x38 e:/programy/mcuxpressoide/ide/plugins/com.nxp.mcuxpresso.tools.win32_11.3.0.202008311133/tools/bin/../lib/gcc/arm-none-eabi/9.3.1/../../../../arm-none-eabi/lib/thumb/v8-m.main+fp/hard\libc_nano.a(lib_a-nano-freer.o)
 .ARM.attributes
                0x0000056c       0x38 e:/programy/mcuxpressoide/ide/plugins/com.nxp.mcuxpresso.tools.win32_11.3.0.202008311133/tools/bin/../lib/gcc/arm-none-eabi/9.3.1/../../../../arm-none-eabi/lib/thumb/v8-m.main+fp/hard\libc_nano.a(lib_a-nano-mallocr.o)
 .ARM.attributes
                0x000005a4       0x38 e:/programy/mcuxpressoide/ide/plugins/com.nxp.mcuxpresso.tools.win32_11.3.0.202008311133/tools/bin/../lib/gcc/arm-none-eabi/9.3.1/../../../../arm-none-eabi/lib/thumb/v8-m.main+fp/hard\libc_nano.a(lib_a-printf.o)
 .ARM.attributes
                0x000005dc       0x38 e:/programy/mcuxpressoide/ide/plugins/com.nxp.mcuxpresso.tools.win32_11.3.0.202008311133/tools/bin/../lib/gcc/arm-none-eabi/9.3.1/../../../../arm-none-eabi/lib/thumb/v8-m.main+fp/hard\libc_nano.a(lib_a-sbrkr.o)
 .ARM.attributes
                0x00000614       0x38 e:/programy/mcuxpressoide/ide/plugins/com.nxp.mcuxpresso.tools.win32_11.3.0.202008311133/tools/bin/../lib/gcc/arm-none-eabi/9.3.1/../../../../arm-none-eabi/lib/thumb/v8-m.main+fp/hard\libc_nano.a(lib_a-findfp.o)
 .ARM.attributes
                0x0000064c       0x38 e:/programy/mcuxpressoide/ide/plugins/com.nxp.mcuxpresso.tools.win32_11.3.0.202008311133/tools/bin/../lib/gcc/arm-none-eabi/9.3.1/../../../../arm-none-eabi/lib/thumb/v8-m.main+fp/hard\libc_nano.a(lib_a-fwalk.o)
 .ARM.attributes
                0x00000684       0x38 e:/programy/mcuxpressoide/ide/plugins/com.nxp.mcuxpresso.tools.win32_11.3.0.202008311133/tools/bin/../lib/gcc/arm-none-eabi/9.3.1/../../../../arm-none-eabi/lib/thumb/v8-m.main+fp/hard\libc_nano.a(lib_a-lock.o)
 .ARM.attributes
                0x000006bc       0x38 e:/programy/mcuxpressoide/ide/plugins/com.nxp.mcuxpresso.tools.win32_11.3.0.202008311133/tools/bin/../lib/gcc/arm-none-eabi/9.3.1/../../../../arm-none-eabi/lib/thumb/v8-m.main+fp/hard\libc_nano.a(lib_a-mlock.o)
 .ARM.attributes
                0x000006f4       0x38 e:/programy/mcuxpressoide/ide/plugins/com.nxp.mcuxpresso.tools.win32_11.3.0.202008311133/tools/bin/../lib/gcc/arm-none-eabi/9.3.1/../../../../arm-none-eabi/lib/thumb/v8-m.main+fp/hard\libc_nano.a(lib_a-nano-vfprintf.o)
 .ARM.attributes
                0x0000072c       0x38 e:/programy/mcuxpressoide/ide/plugins/com.nxp.mcuxpresso.tools.win32_11.3.0.202008311133/tools/bin/../lib/gcc/arm-none-eabi/9.3.1/../../../../arm-none-eabi/lib/thumb/v8-m.main+fp/hard\libc_nano.a(lib_a-nano-vfprintf_i.o)
 .ARM.attributes
                0x00000764       0x38 e:/programy/mcuxpressoide/ide/plugins/com.nxp.mcuxpresso.tools.win32_11.3.0.202008311133/tools/bin/../lib/gcc/arm-none-eabi/9.3.1/../../../../arm-none-eabi/lib/thumb/v8-m.main+fp/hard\libc_nano.a(lib_a-reent.o)
 .ARM.attributes
                0x0000079c       0x38 e:/programy/mcuxpressoide/ide/plugins/com.nxp.mcuxpresso.tools.win32_11.3.0.202008311133/tools/bin/../lib/gcc/arm-none-eabi/9.3.1/../../../../arm-none-eabi/lib/thumb/v8-m.main+fp/hard\libc_nano.a(lib_a-stdio.o)
 .ARM.attributes
                0x000007d4       0x38 e:/programy/mcuxpressoide/ide/plugins/com.nxp.mcuxpresso.tools.win32_11.3.0.202008311133/tools/bin/../lib/gcc/arm-none-eabi/9.3.1/../../../../arm-none-eabi/lib/thumb/v8-m.main+fp/hard\libc_nano.a(lib_a-wbuf.o)
 .ARM.attributes
                0x0000080c       0x38 e:/programy/mcuxpressoide/ide/plugins/com.nxp.mcuxpresso.tools.win32_11.3.0.202008311133/tools/bin/../lib/gcc/arm-none-eabi/9.3.1/../../../../arm-none-eabi/lib/thumb/v8-m.main+fp/hard\libc_nano.a(lib_a-writer.o)
 .ARM.attributes
                0x00000844       0x38 e:/programy/mcuxpressoide/ide/plugins/com.nxp.mcuxpresso.tools.win32_11.3.0.202008311133/tools/bin/../lib/gcc/arm-none-eabi/9.3.1/../../../../arm-none-eabi/lib/thumb/v8-m.main+fp/hard\libc_nano.a(lib_a-wsetup.o)
 .ARM.attributes
                0x0000087c       0x38 e:/programy/mcuxpressoide/ide/plugins/com.nxp.mcuxpresso.tools.win32_11.3.0.202008311133/tools/bin/../lib/gcc/arm-none-eabi/9.3.1/../../../../arm-none-eabi/lib/thumb/v8-m.main+fp/hard\libc_nano.a(lib_a-closer.o)
 .ARM.attributes